Archive member included because of file (symbol)

c:/altera/13.0sp1/nios2eds/bin/gnu/h-i686-mingw32/bin/../lib/gcc/nios2-elf/4.1.2/../../../../nios2-elf/lib/mno-hw-mul\libm.a(lib_a-s_cos.o)
                              obj/default/cannonman_animated.o (cos)
c:/altera/13.0sp1/nios2eds/bin/gnu/h-i686-mingw32/bin/../lib/gcc/nios2-elf/4.1.2/../../../../nios2-elf/lib/mno-hw-mul\libm.a(lib_a-s_sin.o)
                              obj/default/cannonman_animated.o (sin)
c:/altera/13.0sp1/nios2eds/bin/gnu/h-i686-mingw32/bin/../lib/gcc/nios2-elf/4.1.2/../../../../nios2-elf/lib/mno-hw-mul\libm.a(lib_a-e_rem_pio2.o)
                              c:/altera/13.0sp1/nios2eds/bin/gnu/h-i686-mingw32/bin/../lib/gcc/nios2-elf/4.1.2/../../../../nios2-elf/lib/mno-hw-mul\libm.a(lib_a-s_cos.o) (__ieee754_rem_pio2)
c:/altera/13.0sp1/nios2eds/bin/gnu/h-i686-mingw32/bin/../lib/gcc/nios2-elf/4.1.2/../../../../nios2-elf/lib/mno-hw-mul\libm.a(lib_a-k_cos.o)
                              c:/altera/13.0sp1/nios2eds/bin/gnu/h-i686-mingw32/bin/../lib/gcc/nios2-elf/4.1.2/../../../../nios2-elf/lib/mno-hw-mul\libm.a(lib_a-s_cos.o) (__kernel_cos)
c:/altera/13.0sp1/nios2eds/bin/gnu/h-i686-mingw32/bin/../lib/gcc/nios2-elf/4.1.2/../../../../nios2-elf/lib/mno-hw-mul\libm.a(lib_a-k_rem_pio2.o)
                              c:/altera/13.0sp1/nios2eds/bin/gnu/h-i686-mingw32/bin/../lib/gcc/nios2-elf/4.1.2/../../../../nios2-elf/lib/mno-hw-mul\libm.a(lib_a-e_rem_pio2.o) (__kernel_rem_pio2)
c:/altera/13.0sp1/nios2eds/bin/gnu/h-i686-mingw32/bin/../lib/gcc/nios2-elf/4.1.2/../../../../nios2-elf/lib/mno-hw-mul\libm.a(lib_a-k_sin.o)
                              c:/altera/13.0sp1/nios2eds/bin/gnu/h-i686-mingw32/bin/../lib/gcc/nios2-elf/4.1.2/../../../../nios2-elf/lib/mno-hw-mul\libm.a(lib_a-s_cos.o) (__kernel_sin)
c:/altera/13.0sp1/nios2eds/bin/gnu/h-i686-mingw32/bin/../lib/gcc/nios2-elf/4.1.2/../../../../nios2-elf/lib/mno-hw-mul\libm.a(lib_a-s_fabs.o)
                              c:/altera/13.0sp1/nios2eds/bin/gnu/h-i686-mingw32/bin/../lib/gcc/nios2-elf/4.1.2/../../../../nios2-elf/lib/mno-hw-mul\libm.a(lib_a-e_rem_pio2.o) (fabs)
c:/altera/13.0sp1/nios2eds/bin/gnu/h-i686-mingw32/bin/../lib/gcc/nios2-elf/4.1.2/../../../../nios2-elf/lib/mno-hw-mul\libm.a(lib_a-s_floor.o)
                              c:/altera/13.0sp1/nios2eds/bin/gnu/h-i686-mingw32/bin/../lib/gcc/nios2-elf/4.1.2/../../../../nios2-elf/lib/mno-hw-mul\libm.a(lib_a-k_rem_pio2.o) (floor)
c:/altera/13.0sp1/nios2eds/bin/gnu/h-i686-mingw32/bin/../lib/gcc/nios2-elf/4.1.2/../../../../nios2-elf/lib/mno-hw-mul\libm.a(lib_a-s_scalbn.o)
                              c:/altera/13.0sp1/nios2eds/bin/gnu/h-i686-mingw32/bin/../lib/gcc/nios2-elf/4.1.2/../../../../nios2-elf/lib/mno-hw-mul\libm.a(lib_a-k_rem_pio2.o) (scalbn)
c:/altera/13.0sp1/nios2eds/bin/gnu/h-i686-mingw32/bin/../lib/gcc/nios2-elf/4.1.2/../../../../nios2-elf/lib/mno-hw-mul\libm.a(lib_a-s_copysign.o)
                              c:/altera/13.0sp1/nios2eds/bin/gnu/h-i686-mingw32/bin/../lib/gcc/nios2-elf/4.1.2/../../../../nios2-elf/lib/mno-hw-mul\libm.a(lib_a-s_scalbn.o) (copysign)
c:/altera/13.0sp1/nios2eds/bin/gnu/h-i686-mingw32/bin/../lib/gcc/nios2-elf/4.1.2/mno-hw-mul\libgcc.a(_addsub_df.o)
                              obj/default/cannonman_animated.o (__subdf3)
c:/altera/13.0sp1/nios2eds/bin/gnu/h-i686-mingw32/bin/../lib/gcc/nios2-elf/4.1.2/mno-hw-mul\libgcc.a(_mul_df.o)
                              obj/default/cannonman_animated.o (__muldf3)
c:/altera/13.0sp1/nios2eds/bin/gnu/h-i686-mingw32/bin/../lib/gcc/nios2-elf/4.1.2/mno-hw-mul\libgcc.a(_div_df.o)
                              obj/default/cannonman_animated.o (__divdf3)
c:/altera/13.0sp1/nios2eds/bin/gnu/h-i686-mingw32/bin/../lib/gcc/nios2-elf/4.1.2/mno-hw-mul\libgcc.a(_eq_df.o)
                              c:/altera/13.0sp1/nios2eds/bin/gnu/h-i686-mingw32/bin/../lib/gcc/nios2-elf/4.1.2/../../../../nios2-elf/lib/mno-hw-mul\libm.a(lib_a-e_rem_pio2.o) (__eqdf2)
c:/altera/13.0sp1/nios2eds/bin/gnu/h-i686-mingw32/bin/../lib/gcc/nios2-elf/4.1.2/mno-hw-mul\libgcc.a(_gt_df.o)
                              obj/default/cannonman_animated.o (__gtdf2)
c:/altera/13.0sp1/nios2eds/bin/gnu/h-i686-mingw32/bin/../lib/gcc/nios2-elf/4.1.2/mno-hw-mul\libgcc.a(_ge_df.o)
                              obj/default/cannonman_animated.o (__gedf2)
c:/altera/13.0sp1/nios2eds/bin/gnu/h-i686-mingw32/bin/../lib/gcc/nios2-elf/4.1.2/mno-hw-mul\libgcc.a(_lt_df.o)
                              obj/default/cannonman_animated.o (__ltdf2)
c:/altera/13.0sp1/nios2eds/bin/gnu/h-i686-mingw32/bin/../lib/gcc/nios2-elf/4.1.2/mno-hw-mul\libgcc.a(_le_df.o)
                              obj/default/cannonman_animated.o (__ledf2)
c:/altera/13.0sp1/nios2eds/bin/gnu/h-i686-mingw32/bin/../lib/gcc/nios2-elf/4.1.2/mno-hw-mul\libgcc.a(_si_to_df.o)
                              obj/default/setup_graphics.o (__floatsidf)
c:/altera/13.0sp1/nios2eds/bin/gnu/h-i686-mingw32/bin/../lib/gcc/nios2-elf/4.1.2/mno-hw-mul\libgcc.a(_df_to_si.o)
[...]
Memory Configuration

Name             Origin             Length             Attributes
onchip_memory2_0 0x00000000         0x00001000
reset            0x01000000         0x00000020
sdram            0x01000020         0x007fffe0
*default*        0x00000000         0xffffffff

Linker script and memory map

LOAD ../exercise5_bsp//obj/HAL/src/crt0.o
LOAD obj/default/cannonman_animated.o
LOAD obj/default/cannonman_main.o
LOAD obj/default/graphics/bomb.o
LOAD obj/default/graphics/cannon1.o
LOAD obj/default/graphics/cannon2.o
LOAD obj/default/graphics/ground.o
LOAD obj/default/graphics/p1box.o
LOAD obj/default/graphics/p1wins.o
LOAD obj/default/graphics/p2box.o
LOAD obj/default/graphics/p2wins.o
LOAD obj/default/graphics/player1.o
LOAD obj/default/graphics/player2.o
LOAD obj/default/junk/VGA_Controller.o
LOAD obj/default/junk/draw_bmp.o
LOAD obj/default/junk/exercise5.o
LOAD obj/default/junk/hello_world.o
LOAD obj/default/junk/my_image.o
LOAD obj/default/junk/my_image7x7.o
LOAD obj/default/junk/power_bar.o
LOAD obj/default/junk/rand_image.o
LOAD obj/default/setup_graphics.o
LOAD obj/default/win_message.o
LOAD c:/altera/13.0sp1/nios2eds/bin/gnu/h-i686-mingw32/bin/../lib/gcc/nios2-elf/4.1.2/../../../../nios2-elf/lib/mno-hw-mul\libstdc++.a
LOAD c:/altera/13.0sp1/nios2eds/bin/gnu/h-i686-mingw32/bin/../lib/gcc/nios2-elf/4.1.2/../../../../nios2-elf/lib/mno-hw-mul\libm.a
LOAD c:/altera/13.0sp1/nios2eds/bin/gnu/h-i686-mingw32/bin/../lib/gcc/nios2-elf/4.1.2/mno-hw-mul\libgcc.a
START GROUP
LOAD c:/altera/13.0sp1/nios2eds/bin/gnu/h-i686-mingw32/bin/../lib/gcc/nios2-elf/4.1.2/../../../../nios2-elf/lib/mno-hw-mul\libc.a
LOAD c:/altera/13.0sp1/nios2eds/bin/gnu/h-i686-mingw32/bin/../lib/gcc/nios2-elf/4.1.2/mno-hw-mul\libgcc.a
LOAD ../exercise5_bsp/\libhal_bsp.a
END GROUP
LOAD c:/altera/13.0sp1/nios2eds/bin/gnu/h-i686-mingw32/bin/../lib/gcc/nios2-elf/4.1.2/mno-hw-mul\libgcc.a
                0x00000000                __alt_mem_onchip_memory2_0 = 0x0
                0x01000000                __alt_mem_sdram = 0x1000000

.entry          0x01000000       0x20
 *(.entry)
 .entry         0x01000000       0x20 ../exercise5_bsp//obj/HAL/src/crt0.o
                0x01000000                __reset

.exceptions     0x01000020      0x194
                0x01000020                PROVIDE (__ram_exceptions_start, ABSOLUTE (.))
                0x01000020                . = ALIGN (0x20)
 *(.irq)
 *(.exceptions.entry.label)
 .exceptions.entry.label
                0x01000020        0x0 ../exercise5_bsp/\libhal_bsp.a(alt_irq_entry.o)
                0x01000020                alt_irq_entry
 .exceptions.entry.label
                0x01000020        0x0 ../exercise5_bsp/\libhal_bsp.a(alt_exception_entry.o)
                0x01000020                alt_exception
 *(.exceptions.entry.user)
 *(.exceptions.entry)
 .exceptions.entry
                0x01000020       0x54 ../exercise5_bsp/\libhal_bsp.a(alt_exception_entry.o)
 *(.exceptions.irqtest.user)
 *(.exceptions.irqtest)
 .exceptions.irqtest
                0x01000074       0x10 ../exercise5_bsp/\libhal_bsp.a(alt_irq_entry.o)
 *(.exceptions.irqhandler.user)
 *(.exceptions.irqhandler)
 .exceptions.irqhandler
                0x01000084        0x4 ../exercise5_bsp/\libhal_bsp.a(alt_irq_entry.o)
 *(.exceptions.irqreturn.user)
 *(.exceptions.irqreturn)
 .exceptions.irqreturn
                0x01000088        0x4 ../exercise5_bsp/\libhal_bsp.a(alt_irq_entry.o)
 *(.exceptions.notirq.label)
 .exceptions.notirq.label
                0x0100008c        0x0 ../exercise5_bsp/\libhal_bsp.a(alt_irq_entry.o)
 *(.exceptions.notirq.user)
 *(.exceptions.notirq)
 .exceptions.notirq
                0x0100008c        0x8 ../exercise5_bsp/\libhal_bsp.a(alt_exception_entry.o)
 *(.exceptions.soft.user)
 *(.exceptions.soft)
 *(.exceptions.unknown.user)
 *(.exceptions.unknown)
 .exceptions.unknown
                0x01000094        0x4 ../exercise5_bsp/\libhal_bsp.a(alt_exception_entry.o)
 *(.exceptions.exit.label)
 .exceptions.exit.label
                0x01000098        0x0 ../exercise5_bsp/\libhal_bsp.a(alt_irq_entry.o)
 .exceptions.exit.label
                0x01000098        0x0 ../exercise5_bsp/\libhal_bsp.a(alt_exception_entry.o)
 *(.exceptions.exit.user)
 *(.exceptions.exit)
 .exceptions.exit
                0x01000098       0x54 ../exercise5_bsp/\libhal_bsp.a(alt_exception_entry.o)
 *(.exceptions)
 .exceptions    0x010000ec       0xc8 ../exercise5_bsp/\libhal_bsp.a(alt_irq_handler.o)
                0x010000ec                alt_irq_handler
                0x010001b4                PROVIDE (__ram_exceptions_end, ABSOLUTE (.))
                0x01000020                PROVIDE (__flash_exceptions_start, LOADADDR (.exceptions))

.text           0x010001b4    0x12ae0
                0x010001b4                PROVIDE (stext, ABSOLUTE (.))
 *(.interp)
 *(.hash)
 *(.dynsym)
 *(.dynstr)
 *(.gnu.version)
 *(.gnu.version_d)
 *(.gnu.version_r)
 *(.rel.init)
 *(.rela.init)
 *(.rel.text .rel.text.* .rel.gnu.linkonce.t.*)
 *(.rela.text .rela.text.* .rela.gnu.linkonce.t.*)
 *(.rel.fini)
 *(.rela.fini)
 *(.rel.rodata .rel.rodata.* .rel.gnu.linkonce.r.*)
 *(.rela.rodata .rela.rodata.* .rela.gnu.linkonce.r.*)
 *(.rel.data .rel.data.* .rel.gnu.linkonce.d.*)
 *(.rela.data .rela.data.* .rela.gnu.linkonce.d.*)
 *(.rel.tdata .rel.tdata.* .rel.gnu.linkonce.td.*)
 *(.rela.tdata .rela.tdata.* .rela.gnu.linkonce.td.*)
 *(.rel.tbss .rel.tbss.* .rel.gnu.linkonce.tb.*)
 *(.rela.tbss .rela.tbss.* .rela.gnu.linkonce.tb.*)
 *(.rel.ctors)
 *(.rela.ctors)
 *(.rel.dtors)
 *(.rela.dtors)
 *(.rel.got)
 *(.rela.got)
 *(.rel.sdata .rel.sdata.* .rel.gnu.linkonce.s.*)
 *(.rela.sdata .rela.sdata.* .rela.gnu.linkonce.s.*)
 *(.rel.sbss .rel.sbss.* .rel.gnu.linkonce.sb.*)
 *(.rela.sbss .rela.sbss.* .rela.gnu.linkonce.sb.*)
 *(.rel.sdata2 .rel.sdata2.* .rel.gnu.linkonce.s2.*)
 *(.rela.sdata2 .rela.sdata2.* .rela.gnu.linkonce.s2.*)
 *(.rel.sbss2 .rel.sbss2.* .rel.gnu.linkonce.sb2.*)
 *(.rela.sbss2 .rela.sbss2.* .rela.gnu.linkonce.sb2.*)
 *(.rel.bss .rel.bss.* .rel.gnu.linkonce.b.*)
 *(.rela.bss .rela.bss.* .rela.gnu.linkonce.b.*)
 *(.rel.plt)
 *(.rela.plt)
 *(.rel.dyn)
 *(.init)
 *(.plt)
 *(.text .stub .text.* .gnu.linkonce.t.*)
 .text          0x010001b4       0x3c ../exercise5_bsp//obj/HAL/src/crt0.o
                0x010001b4                _start
 .text          0x010001f0     0x1678 obj/default/cannonman_animated.o
                0x010001f0                main
                0x010008a8                draw_box_1
                0x0100092c                draw_ball_1
                0x010009d0                draw_bomb
                0x01000adc                draw_ground
                0x01000be8                draw_player1
                0x01000cf4                draw_player2
                0x01000e00                draw_cannon1
                0x01000f0c                draw_cannon1_frame2
                0x01001018                draw_cannon1_frame3
                0x01001124                animate_cannon1_shot
                0x010011ec                animate_cannon2_shot
                0x010012b4                draw_cannon2
                0x010013c0                draw_cannon2_frame2
                0x010014cc                draw_cannon2_frame3
                0x010015d8                draw_bmp
                0x010016d8                draw_p1box
                0x010017a0                draw_p2box
 .text          0x01001868        0x0 obj/default/cannonman_main.o
 .text          0x01001868        0x0 obj/default/graphics/bomb.o
 .text          0x01001868        0x0 obj/default/graphics/cannon1.o
 .text          0x01001868        0x0 obj/default/graphics/cannon2.o
 .text          0x01001868        0x0 obj/default/graphics/ground.o
 .text          0x01001868        0x0 obj/default/graphics/p1box.o
 .text          0x01001868        0x0 obj/default/graphics/p1wins.o
 .text          0x01001868        0x0 obj/default/graphics/p2box.o
 .text          0x01001868        0x0 obj/default/graphics/p2wins.o
 .text          0x01001868        0x0 obj/default/graphics/player1.o
 .text          0x01001868        0x0 obj/default/graphics/player2.o
 .text          0x01001868      0x1f8 obj/default/junk/VGA_Controller.o
                0x01001868                main_2
 .text          0x01001a60        0x0 obj/default/junk/draw_bmp.o
 .text          0x01001a60      0x15c obj/default/junk/exercise5.o
                0x01001a60                main_ex5
 .text          0x01001bbc        0x0 obj/default/junk/hello_world.o
 .text          0x01001bbc        0x0 obj/default/junk/my_image.o
 .text          0x01001bbc        0x0 obj/default/junk/my_image7x7.o
 .text          0x01001bbc        0x0 obj/default/junk/power_bar.o
 .text          0x01001bbc        0x0 obj/default/junk/rand_image.o
 .text          0x01001bbc      0x7b8 obj/default/setup_graphics.o
                0x01001bbc                main_setup
                0x01001c8c                show_angle
                0x01001f54                clear_last_line
                0x01001fb8                draw_power_bar
                0x010020f8                update_power
                0x0100224c                draw_box
                0x010022d0                draw_ball
 .text          0x01002374        0x0 obj/default/win_message.o
 .text          0x01002374      0x168 c:/altera/13.0sp1/nios2eds/bin/gnu/h-i686-mingw32/bin/../lib/gcc/nios2-elf/4.1.2/../../../../nios2-elf/lib/mno-hw-mul\libm.a(lib_a-s_cos.o)
                0x01002374                cos
 .text          0x010024dc      0x16c c:/altera/13.0sp1/nios2eds/bin/gnu/h-i686-mingw32/bin/../lib/gcc/nios2-elf/4.1.2/../../../../nios2-elf/lib/mno-hw-mul\libm.a(lib_a-s_sin.o)
                0x010024dc                sin
 .text          0x01002648      0x828 c:/altera/13.0sp1/nios2eds/bin/gnu/h-i686-mingw32/bin/../lib/gcc/nios2-elf/4.1.2/../../../../nios2-elf/lib/mno-hw-mul\libm.a(lib_a-e_rem_pio2.o)
                0x01002648                __ieee754_rem_pio2
 .text          0x01002e70      0x52c c:/altera/13.0sp1/nios2eds/bin/gnu/h-i686-mingw32/bin/../lib/gcc/nios2-elf/4.1.2/../../../../nios2-elf/lib/mno-hw-mul\libm.a(lib_a-k_cos.o)
                0x01002e70                __kernel_cos
 .text          0x0100339c      0xe84 c:/altera/13.0sp1/nios2eds/bin/gnu/h-i686-mingw32/bin/../lib/gcc/nios2-elf/4.1.2/../../../../nios2-elf/lib/mno-hw-mul\libm.a(lib_a-k_rem_pio2.o)
                0x0100339c                __kernel_rem_pio2
 .text          0x01004220      0x318 c:/altera/13.0sp1/nios2eds/bin/gnu/h-i686-mingw32/bin/../lib/gcc/nios2-elf/4.1.2/../../../../nios2-elf/lib/mno-hw-mul\libm.a(lib_a-k_sin.o)
                0x01004220                __kernel_sin
 .text          0x01004538       0x18 c:/altera/13.0sp1/nios2eds/bin/gnu/h-i686-mingw32/bin/../lib/gcc/nios2-elf/4.1.2/../../../../nios2-elf/lib/mno-hw-mul\libm.a(lib_a-s_fabs.o)
                0x01004538                fabs
 .text          0x01004550      0x224 c:/altera/13.0sp1/nios2eds/bin/gnu/h-i686-mingw32/bin/../lib/gcc/nios2-elf/4.1.2/../../../../nios2-elf/lib/mno-hw-mul\libm.a(lib_a-s_floor.o)
                0x01004550                floor
 .text          0x01004774      0x1e0 c:/altera/13.0sp1/nios2eds/bin/gnu/h-i686-mingw32/bin/../lib/gcc/nios2-elf/4.1.2/../../../../nios2-elf/lib/mno-hw-mul\libm.a(lib_a-s_scalbn.o)
                0x01004774                scalbn
 .text          0x01004954       0x24 c:/altera/13.0sp1/nios2eds/bin/gnu/h-i686-mingw32/bin/../lib/gcc/nios2-elf/4.1.2/../../../../nios2-elf/lib/mno-hw-mul\libm.a(lib_a-s_copysign.o)
                0x01004954                copysign
 .text          0x01004978      0x504 c:/altera/13.0sp1/nios2eds/bin/gnu/h-i686-mingw32/bin/../lib/gcc/nios2-elf/4.1.2/mno-hw-mul\libgcc.a(_addsub_df.o)
                0x01004d88                __subdf3
                0x01004e08                __adddf3
 .text          0x01004e7c      0x3c4 c:/altera/13.0sp1/nios2eds/bin/gnu/h-i686-mingw32/bin/../lib/gcc/nios2-elf/4.1.2/mno-hw-mul\libgcc.a(_mul_df.o)
                0x01004e7c                __muldf3
 .text          0x01005240      0x258 c:/altera/13.0sp1/nios2eds/bin/gnu/h-i686-mingw32/bin/../lib/gcc/nios2-elf/4.1.2/mno-hw-mul\libgcc.a(_div_df.o)
                0x01005240                __divdf3
 .text          0x01005498       0x88 c:/altera/13.0sp1/nios2eds/bin/gnu/h-i686-mingw32/bin/../lib/gcc/nios2-elf/4.1.2/mno-hw-mul\libgcc.a(_eq_df.o)
                0x01005498                __eqdf2
 .text          0x01005520       0x88 c:/altera/13.0sp1/nios2eds/bin/gnu/h-i686-mingw32/bin/../lib/gcc/nios2-elf/4.1.2/mno-hw-mul\libgcc.a(_gt_df.o)
                0x01005520                __gtdf2
 .text          0x010055a8       0x88 c:/altera/13.0sp1/nios2eds/bin/gnu/h-i686-mingw32/bin/../lib/gcc/nios2-elf/4.1.2/mno-hw-mul\libgcc.a(_ge_df.o)
                0x010055a8                __gedf2
 .text          0x01005630       0x88 c:/altera/13.0sp1/nios2eds/bin/gnu/h-i686-mingw32/bin/../lib/gcc/nios2-elf/4.1.2/mno-hw-mul\libgcc.a(_lt_df.o)
                0x01005630                __ltdf2
 .text          0x010056b8       0x88 c:/altera/13.0sp1/nios2eds/bin/gnu/h-i686-mingw32/bin/../lib/gcc/nios2-elf/4.1.2/mno-hw-mul\libgcc.a(_le_df.o)
                0x010056b8                __ledf2
 .text          0x01005740       0xf8 c:/altera/13.0sp1/nios2eds/bin/gnu/h-i686-mingw32/bin/../lib/gcc/nios2-elf/4.1.2/mno-hw-mul\libgcc.a(_si_to_df.o)
                0x01005740                __floatsidf
 .text          0x01005838       0xd8 c:/altera/13.0sp1/nios2eds/bin/gnu/h-i686-mingw32/bin/../lib/gcc/nios2-elf/4.1.2/mno-hw-mul\libgcc.a(_df_to_si.o)
                0x01005838                __fixdfsi
 .text          0x01005910        0x0 c:/altera/13.0sp1/nios2eds/bin/gnu/h-i686-mingw32/bin/../lib/gcc/nios2-elf/4.1.2/mno-hw-mul\libgcc.a(_thenan_df.o)
 .text          0x01005910      0x14c c:/altera/13.0sp1/nios2eds/bin/gnu/h-i686-mingw32/bin/../lib/gcc/nios2-elf/4.1.2/mno-hw-mul\libgcc.a(lib2-divmod.o)
                0x0100598c                __divsi3
                0x010059ec                __modsi3
                0x01005a4c                __udivsi3
                0x01005a54                __umodsi3
 .text          0x01005a5c       0x38 c:/altera/13.0sp1/nios2eds/bin/gnu/h-i686-mingw32/bin/../lib/gcc/nios2-elf/4.1.2/mno-hw-mul\libgcc.a(lib2-mul.o)
                0x01005a5c                __mulsi3
 .text          0x01005a94      0x124 c:/altera/13.0sp1/nios2eds/bin/gnu/h-i686-mingw32/bin/../lib/gcc/nios2-elf/4.1.2/mno-hw-mul\libgcc.a(_muldi3.o)
                0x01005a94                __muldi3
 .text          0x01005bb8       0x80 c:/altera/13.0sp1/nios2eds/bin/gnu/h-i686-mingw32/bin/../lib/gcc/nios2-elf/4.1.2/mno-hw-mul\libgcc.a(_clzsi2.o)
                0x01005bb8                __clzsi2
 .text          0x01005c38      0x314 c:/altera/13.0sp1/nios2eds/bin/gnu/h-i686-mingw32/bin/../lib/gcc/nios2-elf/4.1.2/mno-hw-mul\libgcc.a(_pack_df.o)
                0x01005c38                __pack_d
 .text          0x01005f4c      0x138 c:/altera/13.0sp1/nios2eds/bin/gnu/h-i686-mingw32/bin/../lib/gcc/nios2-elf/4.1.2/mno-hw-mul\libgcc.a(_unpack_df.o)
                0x01005f4c                __unpack_d
 .text          0x01006084       0xc8 c:/altera/13.0sp1/nios2eds/bin/gnu/h-i686-mingw32/bin/../lib/gcc/nios2-elf/4.1.2/mno-hw-mul\libgcc.a(_fpcmp_parts_df.o)
                0x01006084                __fpcmp_parts_d
 .text          0x0100614c        0x0 c:/altera/13.0sp1/nios2eds/bin/gnu/h-i686-mingw32/bin/../lib/gcc/nios2-elf/4.1.2/mno-hw-mul\libgcc.a(_clz.o)
 .text          0x0100614c       0x28 c:/altera/13.0sp1/nios2eds/bin/gnu/h-i686-mingw32/bin/../lib/gcc/nios2-elf/4.1.2/../../../../nios2-elf/lib/mno-hw-mul\libc.a(lib_a-malloc.o)
                0x0100614c                free
                0x01006160                malloc
 .text          0x01006174      0x740 c:/altera/13.0sp1/nios2eds/bin/gnu/h-i686-mingw32/bin/../lib/gcc/nios2-elf/4.1.2/../../../../nios2-elf/lib/mno-hw-mul\libc.a(lib_a-mallocr.o)
                0x01006174                _malloc_r
 .text          0x010068b4       0x78 c:/altera/13.0sp1/nios2eds/bin/gnu/h-i686-mingw32/bin/../lib/gcc/nios2-elf/4.1.2/../../../../nios2-elf/lib/mno-hw-mul\libc.a(lib_a-printf.o)
                0x010068b4                printf
                0x010068f8                _printf_r
 .text          0x0100692c       0xb4 c:/altera/13.0sp1/nios2eds/bin/gnu/h-i686-mingw32/bin/../lib/gcc/nios2-elf/4.1.2/../../../../nios2-elf/lib/mno-hw-mul\libc.a(lib_a-puts.o)
                0x0100692c                _puts_r
                0x010069cc                puts
 .text          0x010069e0       0x94 c:/altera/13.0sp1/nios2eds/bin/gnu/h-i686-mingw32/bin/../lib/gcc/nios2-elf/4.1.2/../../../../nios2-elf/lib/mno-hw-mul\libc.a(lib_a-rand.o)
                0x010069e0                srand
                0x010069fc                rand
 .text          0x01006a74       0x70 c:/altera/13.0sp1/nios2eds/bin/gnu/h-i686-mingw32/bin/../lib/gcc/nios2-elf/4.1.2/../../../../nios2-elf/lib/mno-hw-mul\libc.a(lib_a-sbrkr.o)
                0x01006a74                _sbrk_r
 .text          0x01006ae4       0x74 c:/altera/13.0sp1/nios2eds/bin/gnu/h-i686-mingw32/bin/../lib/gcc/nios2-elf/4.1.2/../../../../nios2-elf/lib/mno-hw-mul\libc.a(lib_a-strlen.o)
                0x01006ae4                strlen
 .text          0x01006b58       0x5c c:/altera/13.0sp1/nios2eds/bin/gnu/h-i686-mingw32/bin/../lib/gcc/nios2-elf/4.1.2/../../../../nios2-elf/lib/mno-hw-mul\libc.a(lib_a-time.o)
                0x01006b58                time
 .text          0x01006bb4     0x1f40 c:/altera/13.0sp1/nios2eds/bin/gnu/h-i686-mingw32/bin/../lib/gcc/nios2-elf/4.1.2/../../../../nios2-elf/lib/mno-hw-mul\libc.a(lib_a-vfprintf.o)
                0x01006c0c                ___vfprintf_internal_r
                0x01008ad0                __vfprintf_internal
 .text          0x01008af4      0x13c c:/altera/13.0sp1/nios2eds/bin/gnu/h-i686-mingw32/bin/../lib/gcc/nios2-elf/4.1.2/../../../../nios2-elf/lib/mno-hw-mul\libc.a(lib_a-wsetup.o)
                0x01008af4                __swsetup_r
 .text          0x01008c30     0x17f8 c:/altera/13.0sp1/nios2eds/bin/gnu/h-i686-mingw32/bin/../lib/gcc/nios2-elf/4.1.2/../../../../nios2-elf/lib/mno-hw-mul\libc.a(lib_a-dtoa.o)
                0x01008e74                _dtoa_r
 .text          0x0100a428      0x230 c:/altera/13.0sp1/nios2eds/bin/gnu/h-i686-mingw32/bin/../lib/gcc/nios2-elf/4.1.2/../../../../nios2-elf/lib/mno-hw-mul\libc.a(lib_a-fflush.o)
                0x0100a428                _fflush_r
                0x0100a624                fflush
 .text          0x0100a658      0x2f4 c:/altera/13.0sp1/nios2eds/bin/gnu/h-i686-mingw32/bin/../lib/gcc/nios2-elf/4.1.2/../../../../nios2-elf/lib/mno-hw-mul\libc.a(lib_a-findfp.o)
                0x0100a6b0                __sfp_lock_acquire
                0x0100a6b4                __sfp_lock_release
                0x0100a6b8                __sinit_lock_acquire
                0x0100a6bc                __sinit_lock_release
                0x0100a6c0                __sinit
                0x0100a774                __fp_unlock_all
                0x0100a78c                __fp_lock_all
                0x0100a7a4                _cleanup_r
                0x0100a7b0                _cleanup
                0x0100a7c0                __sfmoreglue
                0x0100a85c                __sfp
 .text          0x0100a94c      0x440 c:/altera/13.0sp1/nios2eds/bin/gnu/h-i686-mingw32/bin/../lib/gcc/nios2-elf/4.1.2/../../../../nios2-elf/lib/mno-hw-mul\libc.a(lib_a-freer.o)
                0x0100a94c                _malloc_trim_r
                0x0100aa78                _free_r
 .text          0x0100ad8c      0x49c c:/altera/13.0sp1/nios2eds/bin/gnu/h-i686-mingw32/bin/../lib/gcc/nios2-elf/4.1.2/../../../../nios2-elf/lib/mno-hw-mul\libc.a(lib_a-fvwrite.o)
                0x0100ad8c                __sfvwrite_r
 .text          0x0100b228      0x180 c:/altera/13.0sp1/nios2eds/bin/gnu/h-i686-mingw32/bin/../lib/gcc/nios2-elf/4.1.2/../../../../nios2-elf/lib/mno-hw-mul\libc.a(lib_a-fwalk.o)
                0x0100b228                _fwalk_reent
                0x0100b2f0                _fwalk
 .text          0x0100b3a8       0x74 c:/altera/13.0sp1/nios2eds/bin/gnu/h-i686-mingw32/bin/../lib/gcc/nios2-elf/4.1.2/../../../../nios2-elf/lib/mno-hw-mul\libc.a(lib_a-gettimeofdayr.o)
                0x0100b3a8                _gettimeofday_r
 .text          0x0100b41c        0x0 c:/altera/13.0sp1/nios2eds/bin/gnu/h-i686-mingw32/bin/../lib/gcc/nios2-elf/4.1.2/../../../../nios2-elf/lib/mno-hw-mul\libc.a(lib_a-impure.o)
 .text          0x0100b41c        0x0 c:/altera/13.0sp1/nios2eds/bin/gnu/h-i686-mingw32/bin/../lib/gcc/nios2-elf/4.1.2/../../../../nios2-elf/lib/mno-hw-mul\libc.a(lib_a-int_errno.o)
 .text          0x0100b41c       0xc4 c:/altera/13.0sp1/nios2eds/bin/gnu/h-i686-mingw32/bin/../lib/gcc/nios2-elf/4.1.2/../../../../nios2-elf/lib/mno-hw-mul\libc.a(lib_a-locale.o)
                0x0100b41c                __locale_charset
                0x0100b424                _localeconv_r
                0x0100b430                localeconv
                0x0100b440                _setlocale_r
                0x0100b4c4                setlocale
 .text          0x0100b4e0      0x194 c:/altera/13.0sp1/nios2eds/bin/gnu/h-i686-mingw32/bin/../lib/gcc/nios2-elf/4.1.2/../../../../nios2-elf/lib/mno-hw-mul\libc.a(lib_a-makebuf.o)
                0x0100b4e0                __smakebuf_r
 .text          0x0100b674       0xe4 c:/altera/13.0sp1/nios2eds/bin/gnu/h-i686-mingw32/bin/../lib/gcc/nios2-elf/4.1.2/../../../../nios2-elf/lib/mno-hw-mul\libc.a(lib_a-memchr.o)
                0x0100b674                memchr
 .text          0x0100b758       0xa0 c:/altera/13.0sp1/nios2eds/bin/gnu/h-i686-mingw32/bin/../lib/gcc/nios2-elf/4.1.2/../../../../nios2-elf/lib/mno-hw-mul\libc.a(lib_a-memcpy.o)
                0x0100b758                memcpy
 .text          0x0100b7f8       0xe0 c:/altera/13.0sp1/nios2eds/bin/gnu/h-i686-mingw32/bin/../lib/gcc/nios2-elf/4.1.2/../../../../nios2-elf/lib/mno-hw-mul\libc.a(lib_a-memmove.o)
                0x0100b7f8                memmove
 .text          0x0100b8d8       0x98 c:/altera/13.0sp1/nios2eds/bin/gnu/h-i686-mingw32/bin/../lib/gcc/nios2-elf/4.1.2/../../../../nios2-elf/lib/mno-hw-mul\libc.a(lib_a-memset.o)
                0x0100b8d8                memset
 .text          0x0100b970     0x108c c:/altera/13.0sp1/nios2eds/bin/gnu/h-i686-mingw32/bin/../lib/gcc/nios2-elf/4.1.2/../../../../nios2-elf/lib/mno-hw-mul\libc.a(lib_a-mprec.o)
                0x0100b970                _Bfree
                0x0100b998                __hi0bits
                0x0100ba08                __lo0bits
                0x0100bacc                __mcmp
                0x0100bb2c                __ulp
                0x0100bbac                __b2d
                0x0100bccc                __ratio
                0x0100bd7c                _mprec_log10
                0x0100be10                __copybits
                0x0100be68                __any_on
                0x0100bef0                _Balloc
                0x0100bfac                __d2b
                0x0100c128                __mdiff
                0x0100c2b4                __lshift
                0x0100c400                __multiply
                0x0100c654                __i2b
                0x0100c690                __multadd
                0x0100c7bc                __pow5mult
                0x0100c8dc                __s2b
 .text          0x0100c9fc      0x5f4 c:/altera/13.0sp1/nios2eds/bin/gnu/h-i686-mingw32/bin/../lib/gcc/nios2-elf/4.1.2/../../../../nios2-elf/lib/mno-hw-mul\libc.a(lib_a-reallocr.o)
                0x0100c9fc                _realloc_r
 .text          0x0100cff0       0x40 c:/altera/13.0sp1/nios2eds/bin/gnu/h-i686-mingw32/bin/../lib/gcc/nios2-elf/4.1.2/../../../../nios2-elf/lib/mno-hw-mul\libc.a(lib_a-s_isinfd.o)
                0x0100cff0                __isinfd
 .text          0x0100d030       0x30 c:/altera/13.0sp1/nios2eds/bin/gnu/h-i686-mingw32/bin/../lib/gcc/nios2-elf/4.1.2/../../../../nios2-elf/lib/mno-hw-mul\libc.a(lib_a-s_isnand.o)
                0x0100d030                __isnand
 .text          0x0100d060      0x14c c:/altera/13.0sp1/nios2eds/bin/gnu/h-i686-mingw32/bin/../lib/gcc/nios2-elf/4.1.2/../../../../nios2-elf/lib/mno-hw-mul\libc.a(lib_a-stdio.o)
                0x0100d060                __sclose
                0x0100d068                __sseek
                0x0100d0d0                __swrite
                0x0100d14c                __sread
 .text          0x0100d1ac       0xbc c:/altera/13.0sp1/nios2eds/bin/gnu/h-i686-mingw32/bin/../lib/gcc/nios2-elf/4.1.2/../../../../nios2-elf/lib/mno-hw-mul\libc.a(lib_a-strcmp.o)
                0x0100d1ac                strcmp
 .text          0x0100d268       0x78 c:/altera/13.0sp1/nios2eds/bin/gnu/h-i686-mingw32/bin/../lib/gcc/nios2-elf/4.1.2/../../../../nios2-elf/lib/mno-hw-mul\libc.a(lib_a-writer.o)
                0x0100d268                _write_r
 .text          0x0100d2e0       0xc8 c:/altera/13.0sp1/nios2eds/bin/gnu/h-i686-mingw32/bin/../lib/gcc/nios2-elf/4.1.2/../../../../nios2-elf/lib/mno-hw-mul\libc.a(lib_a-callocr.o)
                0x0100d2e0                _calloc_r
 .text          0x0100d3a8       0x70 c:/altera/13.0sp1/nios2eds/bin/gnu/h-i686-mingw32/bin/../lib/gcc/nios2-elf/4.1.2/../../../../nios2-elf/lib/mno-hw-mul\libc.a(lib_a-closer.o)
                0x0100d3a8                _close_r
 .text          0x0100d418      0x124 c:/altera/13.0sp1/nios2eds/bin/gnu/h-i686-mingw32/bin/../lib/gcc/nios2-elf/4.1.2/../../../../nios2-elf/lib/mno-hw-mul\libc.a(lib_a-fclose.o)
                0x0100d418                _fclose_r
                0x0100d528                fclose
 .text          0x0100d53c       0x74 c:/altera/13.0sp1/nios2eds/bin/gnu/h-i686-mingw32/bin/../lib/gcc/nios2-elf/4.1.2/../../../../nios2-elf/lib/mno-hw-mul\libc.a(lib_a-fstatr.o)
                0x0100d53c                _fstat_r
 .text          0x0100d5b0       0x70 c:/altera/13.0sp1/nios2eds/bin/gnu/h-i686-mingw32/bin/../lib/gcc/nios2-elf/4.1.2/../../../../nios2-elf/lib/mno-hw-mul\libc.a(lib_a-isattyr.o)
                0x0100d5b0                _isatty_r
 .text          0x0100d620       0x78 c:/altera/13.0sp1/nios2eds/bin/gnu/h-i686-mingw32/bin/../lib/gcc/nios2-elf/4.1.2/../../../../nios2-elf/lib/mno-hw-mul\libc.a(lib_a-lseekr.o)
                0x0100d620                _lseek_r
 .text          0x0100d698       0x78 c:/altera/13.0sp1/nios2eds/bin/gnu/h-i686-mingw32/bin/../lib/gcc/nios2-elf/4.1.2/../../../../nios2-elf/lib/mno-hw-mul\libc.a(lib_a-readr.o)
                0x0100d698                _read_r
 .text          0x0100d710      0x66c c:/altera/13.0sp1/nios2eds/bin/gnu/h-i686-mingw32/bin/../lib/gcc/nios2-elf/4.1.2/mno-hw-mul\libgcc.a(_udivdi3.o)
                0x0100d710                __udivdi3
 .text          0x0100dd7c      0x660 c:/altera/13.0sp1/nios2eds/bin/gnu/h-i686-mingw32/bin/../lib/gcc/nios2-elf/4.1.2/mno-hw-mul\libgcc.a(_umoddi3.o)
                0x0100dd7c                __umoddi3
 .text          0x0100e3dc       0x88 c:/altera/13.0sp1/nios2eds/bin/gnu/h-i686-mingw32/bin/../lib/gcc/nios2-elf/4.1.2/mno-hw-mul\libgcc.a(_ne_df.o)
                0x0100e3dc                __nedf2
 .text          0x0100e464      0x194 c:/altera/13.0sp1/nios2eds/bin/gnu/h-i686-mingw32/bin/../lib/gcc/nios2-elf/4.1.2/mno-hw-mul\libgcc.a(_usi_to_df.o)
                0x0100e464                __floatunsidf
 .text          0x0100e5f8      0x160 ../exercise5_bsp/\libhal_bsp.a(alt_close.o)
                0x0100e5f8                close
 .text          0x0100e758       0x2c ../exercise5_bsp/\libhal_bsp.a(alt_dev.o)
 .text          0x0100e784        0x0 ../exercise5_bsp/\libhal_bsp.a(alt_errno.o)
 .text          0x0100e784      0x138 ../exercise5_bsp/\libhal_bsp.a(alt_fstat.o)
                0x0100e784                fstat
 .text          0x0100e8bc      0x21c ../exercise5_bsp/\libhal_bsp.a(alt_gettod.o)
                0x0100e8bc                gettimeofday
 .text          0x0100ead8      0x124 ../exercise5_bsp/\libhal_bsp.a(alt_isatty.o)
                0x0100ead8                isatty
 .text          0x0100ebfc       0xec ../exercise5_bsp/\libhal_bsp.a(alt_load.o)
                0x0100ebfc                alt_load
 .text          0x0100ece8      0x154 ../exercise5_bsp/\libhal_bsp.a(alt_lseek.o)
                0x0100ece8                lseek
 .text          0x0100ee3c       0x6c ../exercise5_bsp/\libhal_bsp.a(alt_main.o)
                0x0100ee3c                alt_main
 .text          0x0100eea8       0x40 ../exercise5_bsp/\libhal_bsp.a(alt_malloc_lock.o)
                0x0100eea8                __malloc_lock
                0x0100eec8                __malloc_unlock
 .text          0x0100eee8      0x184 ../exercise5_bsp/\libhal_bsp.a(alt_read.o)
                0x0100eee8                read
 .text          0x0100f06c       0x78 ../exercise5_bsp/\libhal_bsp.a(alt_release_fd.o)
                0x0100f06c                alt_release_fd
 .text          0x0100f0e4       0xbc ../exercise5_bsp/\libhal_bsp.a(alt_sbrk.o)
                0x0100f0e4                sbrk
 .text          0x0100f1a0      0x1a4 ../exercise5_bsp/\libhal_bsp.a(alt_tick.o)
                0x0100f1a0                alt_alarm_stop
                0x0100f238                alt_tick
 .text          0x0100f344      0x184 ../exercise5_bsp/\libhal_bsp.a(alt_write.o)
                0x0100f344                write
 .text          0x0100f4c8      0x364 ../exercise5_bsp/\libhal_bsp.a(alt_sys_init.o)
                0x0100f4c8                alt_irq_init
                0x0100f4fc                alt_sys_init
 .text          0x0100f82c      0x148 ../exercise5_bsp/\libhal_bsp.a(altera_avalon_jtag_uart_fd.o)
                0x0100f82c                altera_avalon_jtag_uart_read_fd
                0x0100f884                altera_avalon_jtag_uart_write_fd
                0x0100f8dc                altera_avalon_jtag_uart_close_fd
                0x0100f924                altera_avalon_jtag_uart_ioctl_fd
 .text          0x0100f974      0x40c ../exercise5_bsp/\libhal_bsp.a(altera_avalon_jtag_uart_init.o)
                0x0100f974                altera_avalon_jtag_uart_init
                0x0100fd0c                altera_avalon_jtag_uart_close
 .text          0x0100fd80       0xf4 ../exercise5_bsp/\libhal_bsp.a(altera_avalon_jtag_uart_ioctl.o)
                0x0100fd80                altera_avalon_jtag_uart_ioctl
 .text          0x0100fe74      0x224 ../exercise5_bsp/\libhal_bsp.a(altera_avalon_jtag_uart_read.o)
                0x0100fe74                altera_avalon_jtag_uart_read
 .text          0x01010098      0x240 ../exercise5_bsp/\libhal_bsp.a(altera_avalon_jtag_uart_write.o)
                0x01010098                altera_avalon_jtag_uart_write
 .text          0x010102d8      0x304 ../exercise5_bsp/\libhal_bsp.a(altera_up_avalon_video_character_buffer_with_dma.o)
                0x010102d8                alt_up_char_buffer_init
                0x0101035c                alt_up_char_buffer_open_dev
                0x0101039c                alt_up_char_buffer_draw
                0x0101046c                alt_up_char_buffer_string
                0x01010580                alt_up_char_buffer_clear
 .text          0x010105dc     0x15a0 ../exercise5_bsp/\libhal_bsp.a(altera_up_avalon_video_pixel_buffer_dma.o)
                0x010105dc                alt_up_pixel_buffer_dma_open_dev
                0x0101061c                alt_up_pixel_buffer_dma_draw
                0x010107c8                alt_up_pixel_buffer_dma_change_back_buffer_address
                0x01010820                alt_up_pixel_buffer_dma_swap_buffers
                0x01010878                alt_up_pixel_buffer_dma_check_swap_buffers_status
                0x010108ac                alt_up_pixel_buffer_dma_clear_screen
                0x01010a18                alt_up_pixel_buffer_dma_draw_box
                0x01010f14                alt_up_pixel_buffer_dma_draw_hline
                0x0101126c                alt_up_pixel_buffer_dma_draw_vline
                0x01011644                alt_up_pixel_buffer_dma_draw_rectangle
                0x01011708                helper_plot_pixel
                0x010117e0                alt_up_pixel_buffer_dma_draw_line
 .text          0x01011b7c      0x154 ../exercise5_bsp/\libhal_bsp.a(alt_alarm_start.o)
                0x01011b7c                alt_alarm_start
 .text          0x01011cd0       0x1c ../exercise5_bsp/\libhal_bsp.a(alt_dcache_flush_all.o)
                0x01011cd0                alt_dcache_flush_all
 .text          0x01011cec      0x114 ../exercise5_bsp/\libhal_bsp.a(alt_dev_llist_insert.o)
                0x01011cec                alt_dev_llist_insert
 .text          0x01011e00       0x64 ../exercise5_bsp/\libhal_bsp.a(alt_do_ctors.o)
                0x01011e00                _do_ctors
 .text          0x01011e64       0x64 ../exercise5_bsp/\libhal_bsp.a(alt_do_dtors.o)
                0x01011e64                _do_dtors
 .text          0x01011ec8       0x94 ../exercise5_bsp/\libhal_bsp.a(alt_find_dev.o)
                0x01011ec8                alt_find_dev
 .text          0x01011f5c       0x1c ../exercise5_bsp/\libhal_bsp.a(alt_icache_flush_all.o)
                0x01011f5c                alt_icache_flush_all
 .text          0x01011f78      0x1d4 ../exercise5_bsp/\libhal_bsp.a(alt_iic.o)
                0x01011f78                alt_ic_isr_register
                0x01011fc8                alt_ic_irq_enable
                0x01012064                alt_ic_irq_disable
                0x01012104                alt_ic_irq_enabled
 .text          0x0101214c       0xf8 ../exercise5_bsp/\libhal_bsp.a(alt_iic_isr_register.o)
                0x0101214c                alt_iic_isr_register
 .text          0x01012244      0x150 ../exercise5_bsp/\libhal_bsp.a(alt_io_redirect.o)
                0x0101231c                alt_io_redirect
 .text          0x01012394        0x0 ../exercise5_bsp/\libhal_bsp.a(alt_irq_entry.o)
 .text          0x01012394        0x0 ../exercise5_bsp/\libhal_bsp.a(alt_irq_handler.o)
 .text          0x01012394        0x0 ../exercise5_bsp/\libhal_bsp.a(alt_irq_vars.o)
 .text          0x01012394      0x2e4 ../exercise5_bsp/\libhal_bsp.a(alt_open.o)
                0x0101248c                open
 .text          0x01012678       0x20 ../exercise5_bsp/\libhal_bsp.a(altera_nios2_qsys_irq.o)
                0x01012678                altera_nios2_qsys_irq_init
 .text          0x01012698        0x0 ../exercise5_bsp/\libhal_bsp.a(alt_exception_entry.o)
 .text          0x01012698      0x120 ../exercise5_bsp/\libhal_bsp.a(alt_find_file.o)
                0x01012698                alt_find_file
 .text          0x010127b8       0xd0 ../exercise5_bsp/\libhal_bsp.a(alt_get_fd.o)
                0x010127b8                alt_get_fd
 .text          0x01012888       0x14 c:/altera/13.0sp1/nios2eds/bin/gnu/h-i686-mingw32/bin/../lib/gcc/nios2-elf/4.1.2/../../../../nios2-elf/lib/mno-hw-mul\libc.a(lib_a-atexit.o)
                0x01012888                atexit
 .text          0x0101289c       0x38 c:/altera/13.0sp1/nios2eds/bin/gnu/h-i686-mingw32/bin/../lib/gcc/nios2-elf/4.1.2/../../../../nios2-elf/lib/mno-hw-mul\libc.a(lib_a-exit.o)
                0x0101289c                exit
 .text          0x010128d4       0x74 c:/altera/13.0sp1/nios2eds/bin/gnu/h-i686-mingw32/bin/../lib/gcc/nios2-elf/4.1.2/../../../../nios2-elf/lib/mno-hw-mul\libc.a(lib_a-memcmp.o)
                0x010128d4                memcmp
 .text          0x01012948      0x134 c:/altera/13.0sp1/nios2eds/bin/gnu/h-i686-mingw32/bin/../lib/gcc/nios2-elf/4.1.2/../../../../nios2-elf/lib/mno-hw-mul\libc.a(lib_a-__atexit.o)
                0x01012948                __register_exitproc
 .text          0x01012a7c      0x1b4 c:/altera/13.0sp1/nios2eds/bin/gnu/h-i686-mingw32/bin/../lib/gcc/nios2-elf/4.1.2/../../../../nios2-elf/lib/mno-hw-mul\libc.a(lib_a-__call_atexit.o)
                0x01012a80                __call_exitprocs
 .text          0x01012c30       0x60 ../exercise5_bsp/\libhal_bsp.a(alt_exit.o)
                0x01012c70                _exit
 *(.gnu.warning.*)
 *(.fini)
                0x01012c90                PROVIDE (__etext, ABSOLUTE (.))
                0x01012c90                PROVIDE (_etext, ABSOLUTE (.))
                0x01012c90                PROVIDE (etext, ABSOLUTE (.))
 *(.eh_frame_hdr)
                0x01012c90                . = ALIGN (0x4)
                0x01012c90                PROVIDE (__preinit_array_start, ABSOLUTE (.))
 *(.preinit_array)
                0x01012c90                PROVIDE (__preinit_array_end, ABSOLUTE (.))
                0x01012c90                PROVIDE (__init_array_start, ABSOLUTE (.))
 *(.init_array)
                0x01012c90                PROVIDE (__init_array_end, ABSOLUTE (.))
                0x01012c90                PROVIDE (__fini_array_start, ABSOLUTE (.))
 *(.fini_array)
                0x01012c90                PROVIDE (__fini_array_end, ABSOLUTE (.))
 *(.eh_frame)
 *(.gcc_except_table)
 *(.dynamic)
                0x01012c90                PROVIDE (__CTOR_LIST__, ABSOLUTE (.))
 *(.ctors)
 *(SORT(.ctors.*))
 .ctors.65535   0x01012c90        0x4 c:/altera/13.0sp1/nios2eds/bin/gnu/h-i686-mingw32/bin/../lib/gcc/nios2-elf/4.1.2/../../../../nios2-elf/lib/mno-hw-mul\libc.a(lib_a-__call_atexit.o)
                0x01012c94                PROVIDE (__CTOR_END__, ABSOLUTE (.))
                0x01012c94                PROVIDE (__DTOR_LIST__, ABSOLUTE (.))
 *(.dtors)
 *(SORT(.dtors.*))
                0x01012c94                PROVIDE (__DTOR_END__, ABSOLUTE (.))
 *(.jcr)
                0x01012c94                . = ALIGN (0x4)

.rodata         0x01012c94    0x33e14
                0x01012c94                PROVIDE (__ram_rodata_start, ABSOLUTE (.))
                0x01012c94                . = ALIGN (0x4)
 *(.rodata .rodata.* .gnu.linkonce.r.*)
 .rodata        0x01012c94    0x19a2c obj/default/cannonman_animated.o
 .rodata        0x0102c6c0       0x40 obj/default/graphics/bomb.o
 .rodata        0x0102c700     0x15fc obj/default/graphics/cannon1.o
 .rodata        0x0102dcfc     0x15fc obj/default/graphics/cannon2.o
 .rodata        0x0102f2f8     0x9604 obj/default/graphics/ground.o
 .rodata        0x010388fc      0xf7c obj/default/graphics/p1box.o
 .rodata        0x01039878     0x5464 obj/default/graphics/p1wins.o
 .rodata        0x0103ecdc      0xf7c obj/default/graphics/p2box.o
 .rodata        0x0103fc58     0x5464 obj/default/graphics/p2wins.o
 .rodata        0x010450bc      0x7d4 obj/default/graphics/player1.o
 .rodata        0x01045890      0x7d4 obj/default/graphics/player2.o
 .rodata        0x01046064       0x98 obj/default/junk/VGA_Controller.o
 .rodata        0x010460fc       0x74 obj/default/junk/exercise5.o
 .rodata        0x01046170       0x4c obj/default/junk/my_image.o
 .rodata        0x010461bc      0x250 obj/default/junk/my_image7x7.o
 .rodata        0x0104640c       0x68 obj/default/junk/rand_image.o
 .rodata        0x01046474       0x9c obj/default/setup_graphics.o
 .rodata        0x01046510      0x188 c:/altera/13.0sp1/nios2eds/bin/gnu/h-i686-mingw32/bin/../lib/gcc/nios2-elf/4.1.2/../../../../nios2-elf/lib/mno-hw-mul\libm.a(lib_a-e_rem_pio2.o)
 .rodata        0x01046698       0x50 c:/altera/13.0sp1/nios2eds/bin/gnu/h-i686-mingw32/bin/../lib/gcc/nios2-elf/4.1.2/../../../../nios2-elf/lib/mno-hw-mul\libm.a(lib_a-k_rem_pio2.o)
 .rodata        0x010466e8       0x14 c:/altera/13.0sp1/nios2eds/bin/gnu/h-i686-mingw32/bin/../lib/gcc/nios2-elf/4.1.2/mno-hw-mul\libgcc.a(_thenan_df.o)
                0x010466e8                __thenan_df
 .rodata        0x010466fc      0x100 c:/altera/13.0sp1/nios2eds/bin/gnu/h-i686-mingw32/bin/../lib/gcc/nios2-elf/4.1.2/mno-hw-mul\libgcc.a(_clz.o)
                0x010466fc                __clz_tab
 .rodata.str1.4
                0x010467fc        0x2 c:/altera/13.0sp1/nios2eds/bin/gnu/h-i686-mingw32/bin/../lib/gcc/nios2-elf/4.1.2/../../../../nios2-elf/lib/mno-hw-mul\libc.a(lib_a-puts.o)
                                  0x4 (size before relaxing)
 *fill*         0x010467fe        0x2 00
 .rodata.str1.4
                0x01046800       0x5e c:/altera/13.0sp1/nios2eds/bin/gnu/h-i686-mingw32/bin/../lib/gcc/nios2-elf/4.1.2/../../../../nios2-elf/lib/mno-hw-mul\libc.a(lib_a-vfprintf.o)
                                 0x60 (size before relaxing)
 .rodata        0x0104685e       0x20 c:/altera/13.0sp1/nios2eds/bin/gnu/h-i686-mingw32/bin/../lib/gcc/nios2-elf/4.1.2/../../../../nios2-elf/lib/mno-hw-mul\libc.a(lib_a-vfprintf.o)
 *fill*         0x0104687e        0x2 00
 .rodata.str1.4
                0x01046880       0x10 c:/altera/13.0sp1/nios2eds/bin/gnu/h-i686-mingw32/bin/../lib/gcc/nios2-elf/4.1.2/../../../../nios2-elf/lib/mno-hw-mul\libc.a(lib_a-dtoa.o)
                                 0x14 (size before relaxing)
 .rodata.str1.4
                0x01046890        0x2 c:/altera/13.0sp1/nios2eds/bin/gnu/h-i686-mingw32/bin/../lib/gcc/nios2-elf/4.1.2/../../../../nios2-elf/lib/mno-hw-mul\libc.a(lib_a-impure.o)
                                  0x4 (size before relaxing)
 *fill*         0x01046892        0x2 00
 .rodata.str1.4
                0x01046894       0x10 c:/altera/13.0sp1/nios2eds/bin/gnu/h-i686-mingw32/bin/../lib/gcc/nios2-elf/4.1.2/../../../../nios2-elf/lib/mno-hw-mul\libc.a(lib_a-locale.o)
                                 0x18 (size before relaxing)
 .rodata        0x010468a4       0x30 c:/altera/13.0sp1/nios2eds/bin/gnu/h-i686-mingw32/bin/../lib/gcc/nios2-elf/4.1.2/../../../../nios2-elf/lib/mno-hw-mul\libc.a(lib_a-locale.o)
 .rodata        0x010468d4      0x124 c:/altera/13.0sp1/nios2eds/bin/gnu/h-i686-mingw32/bin/../lib/gcc/nios2-elf/4.1.2/../../../../nios2-elf/lib/mno-hw-mul\libc.a(lib_a-mprec.o)
                0x010468d4                __mprec_tens
                0x0104699c                __mprec_bigtens
                0x010469c4                __mprec_tinytens
 .rodata        0x010469f8        0xc ../exercise5_bsp/\libhal_bsp.a(alt_dev.o)
 .rodata        0x01046a04       0x14 ../exercise5_bsp/\libhal_bsp.a(alt_main.o)
 .rodata        0x01046a18       0x74 ../exercise5_bsp/\libhal_bsp.a(alt_sys_init.o)
 .rodata        0x01046a8c       0x1c ../exercise5_bsp/\libhal_bsp.a(altera_up_avalon_video_character_buffer_with_dma.o)
 *(.rodata1)
                0x01046aa8                . = ALIGN (0x4)
                0x01046aa8                PROVIDE (__ram_rodata_end, ABSOLUTE (.))
                0x01012c94                PROVIDE (__flash_rodata_start, LOADADDR (.rodata))

.rwdata         0x01046aa8     0x1af8 load address 0x010485a0
                0x01046aa8                PROVIDE (__ram_rwdata_start, ABSOLUTE (.))
                0x01046aa8                . = ALIGN (0x4)
 *(.got.plt)
 *(.got)
 *(.data1)
 *(.data .data.* .gnu.linkonce.d.*)
 .data          0x01046aa8        0x0 ../exercise5_bsp//obj/HAL/src/crt0.o
 .data          0x01046aa8        0x0 obj/default/cannonman_animated.o
 .data          0x01046aa8        0x0 obj/default/cannonman_main.o
 .data          0x01046aa8        0x0 obj/default/graphics/bomb.o
 .data          0x01046aa8        0x0 obj/default/graphics/cannon1.o
 .data          0x01046aa8        0x0 obj/default/graphics/cannon2.o
 .data          0x01046aa8        0x0 obj/default/graphics/ground.o
 .data          0x01046aa8        0x0 obj/default/graphics/p1box.o
 .data          0x01046aa8        0x0 obj/default/graphics/p1wins.o
 .data          0x01046aa8        0x0 obj/default/graphics/p2box.o
 .data          0x01046aa8        0x0 obj/default/graphics/p2wins.o
 .data          0x01046aa8        0x0 obj/default/graphics/player1.o
 .data          0x01046aa8        0x0 obj/default/graphics/player2.o
 .data          0x01046aa8        0x0 obj/default/junk/VGA_Controller.o
 .data          0x01046aa8        0x0 obj/default/junk/draw_bmp.o
 .data          0x01046aa8        0x0 obj/default/junk/exercise5.o
 .data          0x01046aa8        0x0 obj/default/junk/hello_world.o
 .data          0x01046aa8        0x0 obj/default/junk/my_image.o
 .data          0x01046aa8        0x0 obj/default/junk/my_image7x7.o
 .data          0x01046aa8        0x0 obj/default/junk/power_bar.o
 .data          0x01046aa8        0x0 obj/default/junk/rand_image.o
 .data          0x01046aa8        0x0 obj/default/setup_graphics.o
 .data          0x01046aa8        0x0 obj/default/win_message.o
 .data          0x01046aa8        0x0 c:/altera/13.0sp1/nios2eds/bin/gnu/h-i686-mingw32/bin/../lib/gcc/nios2-elf/4.1.2/../../../../nios2-elf/lib/mno-hw-mul\libm.a(lib_a-s_cos.o)
 .data          0x01046aa8        0x0 c:/altera/13.0sp1/nios2eds/bin/gnu/h-i686-mingw32/bin/../lib/gcc/nios2-elf/4.1.2/../../../../nios2-elf/lib/mno-hw-mul\libm.a(lib_a-s_sin.o)
 .data          0x01046aa8        0x0 c:/altera/13.0sp1/nios2eds/bin/gnu/h-i686-mingw32/bin/../lib/gcc/nios2-elf/4.1.2/../../../../nios2-elf/lib/mno-hw-mul\libm.a(lib_a-e_rem_pio2.o)
 .data          0x01046aa8        0x0 c:/altera/13.0sp1/nios2eds/bin/gnu/h-i686-mingw32/bin/../lib/gcc/nios2-elf/4.1.2/../../../../nios2-elf/lib/mno-hw-mul\libm.a(lib_a-k_cos.o)
 .data          0x01046aa8        0x0 c:/altera/13.0sp1/nios2eds/bin/gnu/h-i686-mingw32/bin/../lib/gcc/nios2-elf/4.1.2/../../../../nios2-elf/lib/mno-hw-mul\libm.a(lib_a-k_rem_pio2.o)
 .data          0x01046aa8        0x0 c:/altera/13.0sp1/nios2eds/bin/gnu/h-i686-mingw32/bin/../lib/gcc/nios2-elf/4.1.2/../../../../nios2-elf/lib/mno-hw-mul\libm.a(lib_a-k_sin.o)
 .data          0x01046aa8        0x0 c:/altera/13.0sp1/nios2eds/bin/gnu/h-i686-mingw32/bin/../lib/gcc/nios2-elf/4.1.2/../../../../nios2-elf/lib/mno-hw-mul\libm.a(lib_a-s_fabs.o)
 .data          0x01046aa8        0x0 c:/altera/13.0sp1/nios2eds/bin/gnu/h-i686-mingw32/bin/../lib/gcc/nios2-elf/4.1.2/../../../../nios2-elf/lib/mno-hw-mul\libm.a(lib_a-s_floor.o)
 .data          0x01046aa8        0x0 c:/altera/13.0sp1/nios2eds/bin/gnu/h-i686-mingw32/bin/../lib/gcc/nios2-elf/4.1.2/../../../../nios2-elf/lib/mno-hw-mul\libm.a(lib_a-s_scalbn.o)
 .data          0x01046aa8        0x0 c:/altera/13.0sp1/nios2eds/bin/gnu/h-i686-mingw32/bin/../lib/gcc/nios2-elf/4.1.2/../../../../nios2-elf/lib/mno-hw-mul\libm.a(lib_a-s_copysign.o)
 .data          0x01046aa8        0x0 c:/altera/13.0sp1/nios2eds/bin/gnu/h-i686-mingw32/bin/../lib/gcc/nios2-elf/4.1.2/mno-hw-mul\libgcc.a(_addsub_df.o)
 .data          0x01046aa8        0x0 c:/altera/13.0sp1/nios2eds/bin/gnu/h-i686-mingw32/bin/../lib/gcc/nios2-elf/4.1.2/mno-hw-mul\libgcc.a(_mul_df.o)
 .data          0x01046aa8        0x0 c:/altera/13.0sp1/nios2eds/bin/gnu/h-i686-mingw32/bin/../lib/gcc/nios2-elf/4.1.2/mno-hw-mul\libgcc.a(_div_df.o)
 .data          0x01046aa8        0x0 c:/altera/13.0sp1/nios2eds/bin/gnu/h-i686-mingw32/bin/../lib/gcc/nios2-elf/4.1.2/mno-hw-mul\libgcc.a(_eq_df.o)
 .data          0x01046aa8        0x0 c:/altera/13.0sp1/nios2eds/bin/gnu/h-i686-mingw32/bin/../lib/gcc/nios2-elf/4.1.2/mno-hw-mul\libgcc.a(_gt_df.o)
 .data          0x01046aa8        0x0 c:/altera/13.0sp1/nios2eds/bin/gnu/h-i686-mingw32/bin/../lib/gcc/nios2-elf/4.1.2/mno-hw-mul\libgcc.a(_ge_df.o)
 .data          0x01046aa8        0x0 c:/altera/13.0sp1/nios2eds/bin/gnu/h-i686-mingw32/bin/../lib/gcc/nios2-elf/4.1.2/mno-hw-mul\libgcc.a(_lt_df.o)
 .data          0x01046aa8        0x0 c:/altera/13.0sp1/nios2eds/bin/gnu/h-i686-mingw32/bin/../lib/gcc/nios2-elf/4.1.2/mno-hw-mul\libgcc.a(_le_df.o)
 .data          0x01046aa8        0x0 c:/altera/13.0sp1/nios2eds/bin/gnu/h-i686-mingw32/bin/../lib/gcc/nios2-elf/4.1.2/mno-hw-mul\libgcc.a(_si_to_df.o)
 .data          0x01046aa8        0x0 c:/altera/13.0sp1/nios2eds/bin/gnu/h-i686-mingw32/bin/../lib/gcc/nios2-elf/4.1.2/mno-hw-mul\libgcc.a(_df_to_si.o)
 .data          0x01046aa8        0x0 c:/altera/13.0sp1/nios2eds/bin/gnu/h-i686-mingw32/bin/../lib/gcc/nios2-elf/4.1.2/mno-hw-mul\libgcc.a(_thenan_df.o)
 .data          0x01046aa8        0x0 c:/altera/13.0sp1/nios2eds/bin/gnu/h-i686-mingw32/bin/../lib/gcc/nios2-elf/4.1.2/mno-hw-mul\libgcc.a(lib2-divmod.o)
 .data          0x01046aa8        0x0 c:/altera/13.0sp1/nios2eds/bin/gnu/h-i686-mingw32/bin/../lib/gcc/nios2-elf/4.1.2/mno-hw-mul\libgcc.a(lib2-mul.o)
 .data          0x01046aa8        0x0 c:/altera/13.0sp1/nios2eds/bin/gnu/h-i686-mingw32/bin/../lib/gcc/nios2-elf/4.1.2/mno-hw-mul\libgcc.a(_muldi3.o)
 .data          0x01046aa8        0x0 c:/altera/13.0sp1/nios2eds/bin/gnu/h-i686-mingw32/bin/../lib/gcc/nios2-elf/4.1.2/mno-hw-mul\libgcc.a(_clzsi2.o)
 .data          0x01046aa8        0x0 c:/altera/13.0sp1/nios2eds/bin/gnu/h-i686-mingw32/bin/../lib/gcc/nios2-elf/4.1.2/mno-hw-mul\libgcc.a(_pack_df.o)
 .data          0x01046aa8        0x0 c:/altera/13.0sp1/nios2eds/bin/gnu/h-i686-mingw32/bin/../lib/gcc/nios2-elf/4.1.2/mno-hw-mul\libgcc.a(_unpack_df.o)
 .data          0x01046aa8        0x0 c:/altera/13.0sp1/nios2eds/bin/gnu/h-i686-mingw32/bin/../lib/gcc/nios2-elf/4.1.2/mno-hw-mul\libgcc.a(_fpcmp_parts_df.o)
 .data          0x01046aa8        0x0 c:/altera/13.0sp1/nios2eds/bin/gnu/h-i686-mingw32/bin/../lib/gcc/nios2-elf/4.1.2/mno-hw-mul\libgcc.a(_clz.o)
 .data          0x01046aa8        0x0 c:/altera/13.0sp1/nios2eds/bin/gnu/h-i686-mingw32/bin/../lib/gcc/nios2-elf/4.1.2/../../../../nios2-elf/lib/mno-hw-mul\libc.a(lib_a-malloc.o)
 .data          0x01046aa8      0x408 c:/altera/13.0sp1/nios2eds/bin/gnu/h-i686-mingw32/bin/../lib/gcc/nios2-elf/4.1.2/../../../../nios2-elf/lib/mno-hw-mul\libc.a(lib_a-mallocr.o)
                0x01046aa8                __malloc_av_
 .data          0x01046eb0        0x0 c:/altera/13.0sp1/nios2eds/bin/gnu/h-i686-mingw32/bin/../lib/gcc/nios2-elf/4.1.2/../../../../nios2-elf/lib/mno-hw-mul\libc.a(lib_a-printf.o)
 .data          0x01046eb0        0x0 c:/altera/13.0sp1/nios2eds/bin/gnu/h-i686-mingw32/bin/../lib/gcc/nios2-elf/4.1.2/../../../../nios2-elf/lib/mno-hw-mul\libc.a(lib_a-puts.o)
 .data          0x01046eb0        0x0 c:/altera/13.0sp1/nios2eds/bin/gnu/h-i686-mingw32/bin/../lib/gcc/nios2-elf/4.1.2/../../../../nios2-elf/lib/mno-hw-mul\libc.a(lib_a-rand.o)
 .data          0x01046eb0        0x0 c:/altera/13.0sp1/nios2eds/bin/gnu/h-i686-mingw32/bin/../lib/gcc/nios2-elf/4.1.2/../../../../nios2-elf/lib/mno-hw-mul\libc.a(lib_a-sbrkr.o)
 .data          0x01046eb0        0x0 c:/altera/13.0sp1/nios2eds/bin/gnu/h-i686-mingw32/bin/../lib/gcc/nios2-elf/4.1.2/../../../../nios2-elf/lib/mno-hw-mul\libc.a(lib_a-strlen.o)
 .data          0x01046eb0        0x0 c:/altera/13.0sp1/nios2eds/bin/gnu/h-i686-mingw32/bin/../lib/gcc/nios2-elf/4.1.2/../../../../nios2-elf/lib/mno-hw-mul\libc.a(lib_a-time.o)
 .data          0x01046eb0        0x0 c:/altera/13.0sp1/nios2eds/bin/gnu/h-i686-mingw32/bin/../lib/gcc/nios2-elf/4.1.2/../../../../nios2-elf/lib/mno-hw-mul\libc.a(lib_a-vfprintf.o)
 .data          0x01046eb0        0x0 c:/altera/13.0sp1/nios2eds/bin/gnu/h-i686-mingw32/bin/../lib/gcc/nios2-elf/4.1.2/../../../../nios2-elf/lib/mno-hw-mul\libc.a(lib_a-wsetup.o)
 .data          0x01046eb0        0x0 c:/altera/13.0sp1/nios2eds/bin/gnu/h-i686-mingw32/bin/../lib/gcc/nios2-elf/4.1.2/../../../../nios2-elf/lib/mno-hw-mul\libc.a(lib_a-dtoa.o)
 .data          0x01046eb0        0x0 c:/altera/13.0sp1/nios2eds/bin/gnu/h-i686-mingw32/bin/../lib/gcc/nios2-elf/4.1.2/../../../../nios2-elf/lib/mno-hw-mul\libc.a(lib_a-fflush.o)
 .data          0x01046eb0        0x0 c:/altera/13.0sp1/nios2eds/bin/gnu/h-i686-mingw32/bin/../lib/gcc/nios2-elf/4.1.2/../../../../nios2-elf/lib/mno-hw-mul\libc.a(lib_a-findfp.o)
 .data          0x01046eb0        0x0 c:/altera/13.0sp1/nios2eds/bin/gnu/h-i686-mingw32/bin/../lib/gcc/nios2-elf/4.1.2/../../../../nios2-elf/lib/mno-hw-mul\libc.a(lib_a-freer.o)
 .data          0x01046eb0        0x0 c:/altera/13.0sp1/nios2eds/bin/gnu/h-i686-mingw32/bin/../lib/gcc/nios2-elf/4.1.2/../../../../nios2-elf/lib/mno-hw-mul\libc.a(lib_a-fvwrite.o)
 .data          0x01046eb0        0x0 c:/altera/13.0sp1/nios2eds/bin/gnu/h-i686-mingw32/bin/../lib/gcc/nios2-elf/4.1.2/../../../../nios2-elf/lib/mno-hw-mul\libc.a(lib_a-fwalk.o)
 .data          0x01046eb0        0x0 c:/altera/13.0sp1/nios2eds/bin/gnu/h-i686-mingw32/bin/../lib/gcc/nios2-elf/4.1.2/../../../../nios2-elf/lib/mno-hw-mul\libc.a(lib_a-gettimeofdayr.o)
 .data          0x01046eb0      0x400 c:/altera/13.0sp1/nios2eds/bin/gnu/h-i686-mingw32/bin/../lib/gcc/nios2-elf/4.1.2/../../../../nios2-elf/lib/mno-hw-mul\libc.a(lib_a-impure.o)
 .data          0x010472b0        0x0 c:/altera/13.0sp1/nios2eds/bin/gnu/h-i686-mingw32/bin/../lib/gcc/nios2-elf/4.1.2/../../../../nios2-elf/lib/mno-hw-mul\libc.a(lib_a-int_errno.o)
 .data          0x010472b0        0xc c:/altera/13.0sp1/nios2eds/bin/gnu/h-i686-mingw32/bin/../lib/gcc/nios2-elf/4.1.2/../../../../nios2-elf/lib/mno-hw-mul\libc.a(lib_a-locale.o)
                0x010472b0                __lc_ctype
 .data          0x010472bc        0x0 c:/altera/13.0sp1/nios2eds/bin/gnu/h-i686-mingw32/bin/../lib/gcc/nios2-elf/4.1.2/../../../../nios2-elf/lib/mno-hw-mul\libc.a(lib_a-makebuf.o)
 .data          0x010472bc        0x0 c:/altera/13.0sp1/nios2eds/bin/gnu/h-i686-mingw32/bin/../lib/gcc/nios2-elf/4.1.2/../../../../nios2-elf/lib/mno-hw-mul\libc.a(lib_a-memchr.o)
 .data          0x010472bc        0x0 c:/altera/13.0sp1/nios2eds/bin/gnu/h-i686-mingw32/bin/../lib/gcc/nios2-elf/4.1.2/../../../../nios2-elf/lib/mno-hw-mul\libc.a(lib_a-memcpy.o)
 .data          0x010472bc        0x0 c:/altera/13.0sp1/nios2eds/bin/gnu/h-i686-mingw32/bin/../lib/gcc/nios2-elf/4.1.2/../../../../nios2-elf/lib/mno-hw-mul\libc.a(lib_a-memmove.o)
 .data          0x010472bc        0x0 c:/altera/13.0sp1/nios2eds/bin/gnu/h-i686-mingw32/bin/../lib/gcc/nios2-elf/4.1.2/../../../../nios2-elf/lib/mno-hw-mul\libc.a(lib_a-memset.o)
 .data          0x010472bc        0x0 c:/altera/13.0sp1/nios2eds/bin/gnu/h-i686-mingw32/bin/../lib/gcc/nios2-elf/4.1.2/../../../../nios2-elf/lib/mno-hw-mul\libc.a(lib_a-mprec.o)
 .data          0x010472bc        0x0 c:/altera/13.0sp1/nios2eds/bin/gnu/h-i686-mingw32/bin/../lib/gcc/nios2-elf/4.1.2/../../../../nios2-elf/lib/mno-hw-mul\libc.a(lib_a-reallocr.o)
 .data          0x010472bc        0x0 c:/altera/13.0sp1/nios2eds/bin/gnu/h-i686-mingw32/bin/../lib/gcc/nios2-elf/4.1.2/../../../../nios2-elf/lib/mno-hw-mul\libc.a(lib_a-s_isinfd.o)
 .data          0x010472bc        0x0 c:/altera/13.0sp1/nios2eds/bin/gnu/h-i686-mingw32/bin/../lib/gcc/nios2-elf/4.1.2/../../../../nios2-elf/lib/mno-hw-mul\libc.a(lib_a-s_isnand.o)
 .data          0x010472bc        0x0 c:/altera/13.0sp1/nios2eds/bin/gnu/h-i686-mingw32/bin/../lib/gcc/nios2-elf/4.1.2/../../../../nios2-elf/lib/mno-hw-mul\libc.a(lib_a-stdio.o)
 .data          0x010472bc        0x0 c:/altera/13.0sp1/nios2eds/bin/gnu/h-i686-mingw32/bin/../lib/gcc/nios2-elf/4.1.2/../../../../nios2-elf/lib/mno-hw-mul\libc.a(lib_a-strcmp.o)
 .data          0x010472bc        0x0 c:/altera/13.0sp1/nios2eds/bin/gnu/h-i686-mingw32/bin/../lib/gcc/nios2-elf/4.1.2/../../../../nios2-elf/lib/mno-hw-mul\libc.a(lib_a-writer.o)
 .data          0x010472bc        0x0 c:/altera/13.0sp1/nios2eds/bin/gnu/h-i686-mingw32/bin/../lib/gcc/nios2-elf/4.1.2/../../../../nios2-elf/lib/mno-hw-mul\libc.a(lib_a-callocr.o)
 .data          0x010472bc        0x0 c:/altera/13.0sp1/nios2eds/bin/gnu/h-i686-mingw32/bin/../lib/gcc/nios2-elf/4.1.2/../../../../nios2-elf/lib/mno-hw-mul\libc.a(lib_a-closer.o)
 .data          0x010472bc        0x0 c:/altera/13.0sp1/nios2eds/bin/gnu/h-i686-mingw32/bin/../lib/gcc/nios2-elf/4.1.2/../../../../nios2-elf/lib/mno-hw-mul\libc.a(lib_a-fclose.o)
 .data          0x010472bc        0x0 c:/altera/13.0sp1/nios2eds/bin/gnu/h-i686-mingw32/bin/../lib/gcc/nios2-elf/4.1.2/../../../../nios2-elf/lib/mno-hw-mul\libc.a(lib_a-fstatr.o)
 .data          0x010472bc        0x0 c:/altera/13.0sp1/nios2eds/bin/gnu/h-i686-mingw32/bin/../lib/gcc/nios2-elf/4.1.2/../../../../nios2-elf/lib/mno-hw-mul\libc.a(lib_a-isattyr.o)
 .data          0x010472bc        0x0 c:/altera/13.0sp1/nios2eds/bin/gnu/h-i686-mingw32/bin/../lib/gcc/nios2-elf/4.1.2/../../../../nios2-elf/lib/mno-hw-mul\libc.a(lib_a-lseekr.o)
 .data          0x010472bc        0x0 c:/altera/13.0sp1/nios2eds/bin/gnu/h-i686-mingw32/bin/../lib/gcc/nios2-elf/4.1.2/../../../../nios2-elf/lib/mno-hw-mul\libc.a(lib_a-readr.o)
 .data          0x010472bc        0x0 c:/altera/13.0sp1/nios2eds/bin/gnu/h-i686-mingw32/bin/../lib/gcc/nios2-elf/4.1.2/mno-hw-mul\libgcc.a(_udivdi3.o)
 .data          0x010472bc        0x0 c:/altera/13.0sp1/nios2eds/bin/gnu/h-i686-mingw32/bin/../lib/gcc/nios2-elf/4.1.2/mno-hw-mul\libgcc.a(_umoddi3.o)
 .data          0x010472bc        0x0 c:/altera/13.0sp1/nios2eds/bin/gnu/h-i686-mingw32/bin/../lib/gcc/nios2-elf/4.1.2/mno-hw-mul\libgcc.a(_ne_df.o)
 .data          0x010472bc        0x0 c:/altera/13.0sp1/nios2eds/bin/gnu/h-i686-mingw32/bin/../lib/gcc/nios2-elf/4.1.2/mno-hw-mul\libgcc.a(_usi_to_df.o)
 .data          0x010472bc        0x0 ../exercise5_bsp/\libhal_bsp.a(alt_close.o)
 .data          0x010472bc      0x1a8 ../exercise5_bsp/\libhal_bsp.a(alt_dev.o)
                0x010472bc                alt_dev_null
                0x010472e4                alt_fd_list
 .data          0x01047464        0x0 ../exercise5_bsp/\libhal_bsp.a(alt_errno.o)
 .data          0x01047464        0x0 ../exercise5_bsp/\libhal_bsp.a(alt_fstat.o)
 .data          0x01047464        0x0 ../exercise5_bsp/\libhal_bsp.a(alt_gettod.o)
 .data          0x01047464        0x0 ../exercise5_bsp/\libhal_bsp.a(alt_isatty.o)
 .data          0x01047464        0x0 ../exercise5_bsp/\libhal_bsp.a(alt_load.o)
 .data          0x01047464        0x0 ../exercise5_bsp/\libhal_bsp.a(alt_lseek.o)
 .data          0x01047464        0x0 ../exercise5_bsp/\libhal_bsp.a(alt_main.o)
 .data          0x01047464        0x0 ../exercise5_bsp/\libhal_bsp.a(alt_malloc_lock.o)
 .data          0x01047464        0x0 ../exercise5_bsp/\libhal_bsp.a(alt_read.o)
 .data          0x01047464        0x0 ../exercise5_bsp/\libhal_bsp.a(alt_release_fd.o)
 .data          0x01047464        0x0 ../exercise5_bsp/\libhal_bsp.a(alt_sbrk.o)
 .data          0x01047464        0x0 ../exercise5_bsp/\libhal_bsp.a(alt_tick.o)
 .data          0x01047464        0x0 ../exercise5_bsp/\libhal_bsp.a(alt_write.o)
 .data          0x01047464     0x10fc ../exercise5_bsp/\libhal_bsp.a(alt_sys_init.o)
 .data          0x01048560        0x0 ../exercise5_bsp/\libhal_bsp.a(altera_avalon_jtag_uart_fd.o)
 .data          0x01048560        0x0 ../exercise5_bsp/\libhal_bsp.a(altera_avalon_jtag_uart_init.o)
 .data          0x01048560        0x0 ../exercise5_bsp/\libhal_bsp.a(altera_avalon_jtag_uart_ioctl.o)
 .data          0x01048560        0x0 ../exercise5_bsp/\libhal_bsp.a(altera_avalon_jtag_uart_read.o)
 .data          0x01048560        0x0 ../exercise5_bsp/\libhal_bsp.a(altera_avalon_jtag_uart_write.o)
 .data          0x01048560        0x0 ../exercise5_bsp/\libhal_bsp.a(altera_up_avalon_video_character_buffer_with_dma.o)
 .data          0x01048560        0x0 ../exercise5_bsp/\libhal_bsp.a(altera_up_avalon_video_pixel_buffer_dma.o)
 .data          0x01048560        0x0 ../exercise5_bsp/\libhal_bsp.a(alt_alarm_start.o)
 .data          0x01048560        0x0 ../exercise5_bsp/\libhal_bsp.a(alt_dcache_flush_all.o)
 .data          0x01048560        0x0 ../exercise5_bsp/\libhal_bsp.a(alt_dev_llist_insert.o)
 .data          0x01048560        0x0 ../exercise5_bsp/\libhal_bsp.a(alt_do_ctors.o)
 .data          0x01048560        0x0 ../exercise5_bsp/\libhal_bsp.a(alt_do_dtors.o)
 .data          0x01048560        0x0 ../exercise5_bsp/\libhal_bsp.a(alt_find_dev.o)
 .data          0x01048560        0x0 ../exercise5_bsp/\libhal_bsp.a(alt_icache_flush_all.o)
 .data          0x01048560        0x0 ../exercise5_bsp/\libhal_bsp.a(alt_iic.o)
 .data          0x01048560        0x0 ../exercise5_bsp/\libhal_bsp.a(alt_iic_isr_register.o)
 .data          0x01048560        0x0 ../exercise5_bsp/\libhal_bsp.a(alt_io_redirect.o)
 .data          0x01048560        0x0 ../exercise5_bsp/\libhal_bsp.a(alt_irq_entry.o)
 .data          0x01048560        0x0 ../exercise5_bsp/\libhal_bsp.a(alt_irq_handler.o)
 .data          0x01048560        0x0 ../exercise5_bsp/\libhal_bsp.a(alt_irq_vars.o)
 .data          0x01048560        0x0 ../exercise5_bsp/\libhal_bsp.a(alt_open.o)
 .data          0x01048560        0x0 ../exercise5_bsp/\libhal_bsp.a(altera_nios2_qsys_irq.o)
 .data          0x01048560        0x0 ../exercise5_bsp/\libhal_bsp.a(alt_exception_entry.o)
 .data          0x01048560        0x0 ../exercise5_bsp/\libhal_bsp.a(alt_find_file.o)
 .data          0x01048560        0x0 ../exercise5_bsp/\libhal_bsp.a(alt_get_fd.o)
 .data          0x01048560        0x0 c:/altera/13.0sp1/nios2eds/bin/gnu/h-i686-mingw32/bin/../lib/gcc/nios2-elf/4.1.2/../../../../nios2-elf/lib/mno-hw-mul\libc.a(lib_a-atexit.o)
 .data          0x01048560        0x0 c:/altera/13.0sp1/nios2eds/bin/gnu/h-i686-mingw32/bin/../lib/gcc/nios2-elf/4.1.2/../../../../nios2-elf/lib/mno-hw-mul\libc.a(lib_a-exit.o)
 .data          0x01048560        0x0 c:/altera/13.0sp1/nios2eds/bin/gnu/h-i686-mingw32/bin/../lib/gcc/nios2-elf/4.1.2/../../../../nios2-elf/lib/mno-hw-mul\libc.a(lib_a-memcmp.o)
 .data          0x01048560        0x0 c:/altera/13.0sp1/nios2eds/bin/gnu/h-i686-mingw32/bin/../lib/gcc/nios2-elf/4.1.2/../../../../nios2-elf/lib/mno-hw-mul\libc.a(lib_a-__atexit.o)
 .data          0x01048560        0x0 c:/altera/13.0sp1/nios2eds/bin/gnu/h-i686-mingw32/bin/../lib/gcc/nios2-elf/4.1.2/../../../../nios2-elf/lib/mno-hw-mul\libc.a(lib_a-__call_atexit.o)
 .data          0x01048560        0x0 ../exercise5_bsp/\libhal_bsp.a(alt_exit.o)
                0x01050560                _gp = ABSOLUTE ((. + 0x8000))
                0x01050560                PROVIDE (gp, _gp)
 *(.rwdata .rwdata.*)
 *(.sdata .sdata.* .gnu.linkonce.s.*)
 .sdata         0x01048560        0x8 c:/altera/13.0sp1/nios2eds/bin/gnu/h-i686-mingw32/bin/../lib/gcc/nios2-elf/4.1.2/../../../../nios2-elf/lib/mno-hw-mul\libc.a(lib_a-mallocr.o)
                0x01048560                __malloc_trim_threshold
                0x01048564                __malloc_sbrk_base
 .sdata         0x01048568        0x8 c:/altera/13.0sp1/nios2eds/bin/gnu/h-i686-mingw32/bin/../lib/gcc/nios2-elf/4.1.2/../../../../nios2-elf/lib/mno-hw-mul\libc.a(lib_a-impure.o)
                0x01048568                _impure_ptr
                0x0104856c                _global_impure_ptr
 .sdata         0x01048570        0x8 c:/altera/13.0sp1/nios2eds/bin/gnu/h-i686-mingw32/bin/../lib/gcc/nios2-elf/4.1.2/../../../../nios2-elf/lib/mno-hw-mul\libc.a(lib_a-locale.o)
                0x01048570                __mb_cur_max
 .sdata         0x01048578       0x14 ../exercise5_bsp/\libhal_bsp.a(alt_dev.o)
                0x01048578                alt_fs_list
                0x01048580                alt_dev_list
                0x01048588                alt_max_fd
 .sdata         0x0104858c        0x4 ../exercise5_bsp/\libhal_bsp.a(alt_errno.o)
                0x0104858c                alt_errno
 .sdata         0x01048590        0x4 ../exercise5_bsp/\libhal_bsp.a(alt_sbrk.o)
 .sdata         0x01048594        0x8 ../exercise5_bsp/\libhal_bsp.a(alt_tick.o)
                0x01048594                alt_alarm_list
 .sdata         0x0104859c        0x4 ../exercise5_bsp/\libhal_bsp.a(alt_irq_vars.o)
                0x0104859c                alt_priority_mask
 *(.sdata2 .sdata2.* .gnu.linkonce.s2.*)
                0x010485a0                . = ALIGN (0x4)
                0x010485a0                _edata = ABSOLUTE (.)
                0x010485a0                PROVIDE (edata, ABSOLUTE (.))
                0x010485a0                PROVIDE (__ram_rwdata_end, ABSOLUTE (.))
                0x010485a0                PROVIDE (__flash_rwdata_start, LOADADDR (.rwdata))

.bss            0x0104a098      0x300
                0x0104a098                __bss_start = ABSOLUTE (.)
                0x0104a098                PROVIDE (__sbss_start, ABSOLUTE (.))
                0x0104a098                PROVIDE (___sbss_start, ABSOLUTE (.))
 *(.dynsbss)
 *(.sbss .sbss.* .gnu.linkonce.sb.*)
 .sbss          0x0104a098        0x4 obj/default/setup_graphics.o
                0x0104a098                background_colour
 .sbss          0x0104a09c        0xc c:/altera/13.0sp1/nios2eds/bin/gnu/h-i686-mingw32/bin/../lib/gcc/nios2-elf/4.1.2/../../../../nios2-elf/lib/mno-hw-mul\libc.a(lib_a-mallocr.o)
                0x0104a09c                __malloc_top_pad
                0x0104a0a0                __malloc_max_sbrked_mem
                0x0104a0a4                __malloc_max_total_mem
 .sbss          0x0104a0a8        0x4 c:/altera/13.0sp1/nios2eds/bin/gnu/h-i686-mingw32/bin/../lib/gcc/nios2-elf/4.1.2/../../../../nios2-elf/lib/mno-hw-mul\libc.a(lib_a-int_errno.o)
                0x0104a0a8                errno
 .sbss          0x0104a0ac        0xc c:/altera/13.0sp1/nios2eds/bin/gnu/h-i686-mingw32/bin/../lib/gcc/nios2-elf/4.1.2/../../../../nios2-elf/lib/mno-hw-mul\libc.a(lib_a-locale.o)
                0x0104a0ac                __nlocale_changed
                0x0104a0b0                __mlocale_changed
                0x0104a0b4                _PathLocale
 .sbss          0x0104a0b8       0x10 ../exercise5_bsp/\libhal_bsp.a(alt_gettod.o)
                0x0104a0b8                alt_timezone
                0x0104a0c0                alt_resettime
 .sbss          0x0104a0c8        0xc ../exercise5_bsp/\libhal_bsp.a(alt_main.o)
                0x0104a0c8                alt_argc
                0x0104a0cc                alt_argv
                0x0104a0d0                alt_envp
 .sbss          0x0104a0d4        0x8 ../exercise5_bsp/\libhal_bsp.a(alt_tick.o)
                0x0104a0d4                _alt_tick_rate
                0x0104a0d8                _alt_nticks
 .sbss          0x0104a0dc        0x4 ../exercise5_bsp/\libhal_bsp.a(alt_irq_vars.o)
                0x0104a0dc                alt_irq_active
 *(.sbss2 .sbss2.* .gnu.linkonce.sb2.*)
 *(.scommon)
                0x0104a0e0                PROVIDE (__sbss_end, ABSOLUTE (.))
                0x0104a0e0                PROVIDE (___sbss_end, ABSOLUTE (.))
 *(.dynbss)
 *(.bss .bss.* .gnu.linkonce.b.*)
 .bss           0x0104a0e0        0x0 ../exercise5_bsp//obj/HAL/src/crt0.o
 .bss           0x0104a0e0        0x0 obj/default/cannonman_animated.o
 .bss           0x0104a0e0        0x0 obj/default/cannonman_main.o
 .bss           0x0104a0e0        0x0 obj/default/graphics/bomb.o
 .bss           0x0104a0e0        0x0 obj/default/graphics/cannon1.o
 .bss           0x0104a0e0        0x0 obj/default/graphics/cannon2.o
 .bss           0x0104a0e0        0x0 obj/default/graphics/ground.o
 .bss           0x0104a0e0        0x0 obj/default/graphics/p1box.o
 .bss           0x0104a0e0        0x0 obj/default/graphics/p1wins.o
 .bss           0x0104a0e0        0x0 obj/default/graphics/p2box.o
 .bss           0x0104a0e0        0x0 obj/default/graphics/p2wins.o
 .bss           0x0104a0e0        0x0 obj/default/graphics/player1.o
 .bss           0x0104a0e0        0x0 obj/default/graphics/player2.o
 .bss           0x0104a0e0        0x0 obj/default/junk/VGA_Controller.o
 .bss           0x0104a0e0        0x0 obj/default/junk/draw_bmp.o
 .bss           0x0104a0e0        0x0 obj/default/junk/exercise5.o
 .bss           0x0104a0e0        0x0 obj/default/junk/hello_world.o
 .bss           0x0104a0e0        0x0 obj/default/junk/my_image.o
 .bss           0x0104a0e0        0x0 obj/default/junk/my_image7x7.o
 .bss           0x0104a0e0        0x0 obj/default/junk/power_bar.o
 .bss           0x0104a0e0        0x0 obj/default/junk/rand_image.o
 .bss           0x0104a0e0        0x0 obj/default/setup_graphics.o
 .bss           0x0104a0e0        0x0 obj/default/win_message.o
 .bss           0x0104a0e0        0x0 c:/altera/13.0sp1/nios2eds/bin/gnu/h-i686-mingw32/bin/../lib/gcc/nios2-elf/4.1.2/../../../../nios2-elf/lib/mno-hw-mul\libm.a(lib_a-s_cos.o)
 .bss           0x0104a0e0        0x0 c:/altera/13.0sp1/nios2eds/bin/gnu/h-i686-mingw32/bin/../lib/gcc/nios2-elf/4.1.2/../../../../nios2-elf/lib/mno-hw-mul\libm.a(lib_a-s_sin.o)
 .bss           0x0104a0e0        0x0 c:/altera/13.0sp1/nios2eds/bin/gnu/h-i686-mingw32/bin/../lib/gcc/nios2-elf/4.1.2/../../../../nios2-elf/lib/mno-hw-mul\libm.a(lib_a-e_rem_pio2.o)
 .bss           0x0104a0e0        0x0 c:/altera/13.0sp1/nios2eds/bin/gnu/h-i686-mingw32/bin/../lib/gcc/nios2-elf/4.1.2/../../../../nios2-elf/lib/mno-hw-mul\libm.a(lib_a-k_cos.o)
 .bss           0x0104a0e0        0x0 c:/altera/13.0sp1/nios2eds/bin/gnu/h-i686-mingw32/bin/../lib/gcc/nios2-elf/4.1.2/../../../../nios2-elf/lib/mno-hw-mul\libm.a(lib_a-k_rem_pio2.o)
 .bss           0x0104a0e0        0x0 c:/altera/13.0sp1/nios2eds/bin/gnu/h-i686-mingw32/bin/../lib/gcc/nios2-elf/4.1.2/../../../../nios2-elf/lib/mno-hw-mul\libm.a(lib_a-k_sin.o)
 .bss           0x0104a0e0        0x0 c:/altera/13.0sp1/nios2eds/bin/gnu/h-i686-mingw32/bin/../lib/gcc/nios2-elf/4.1.2/../../../../nios2-elf/lib/mno-hw-mul\libm.a(lib_a-s_fabs.o)
 .bss           0x0104a0e0        0x0 c:/altera/13.0sp1/nios2eds/bin/gnu/h-i686-mingw32/bin/../lib/gcc/nios2-elf/4.1.2/../../../../nios2-elf/lib/mno-hw-mul\libm.a(lib_a-s_floor.o)
 .bss           0x0104a0e0        0x0 c:/altera/13.0sp1/nios2eds/bin/gnu/h-i686-mingw32/bin/../lib/gcc/nios2-elf/4.1.2/../../../../nios2-elf/lib/mno-hw-mul\libm.a(lib_a-s_scalbn.o)
 .bss           0x0104a0e0        0x0 c:/altera/13.0sp1/nios2eds/bin/gnu/h-i686-mingw32/bin/../lib/gcc/nios2-elf/4.1.2/../../../../nios2-elf/lib/mno-hw-mul\libm.a(lib_a-s_copysign.o)
 .bss           0x0104a0e0        0x0 c:/altera/13.0sp1/nios2eds/bin/gnu/h-i686-mingw32/bin/../lib/gcc/nios2-elf/4.1.2/mno-hw-mul\libgcc.a(_addsub_df.o)
 .bss           0x0104a0e0        0x0 c:/altera/13.0sp1/nios2eds/bin/gnu/h-i686-mingw32/bin/../lib/gcc/nios2-elf/4.1.2/mno-hw-mul\libgcc.a(_mul_df.o)
 .bss           0x0104a0e0        0x0 c:/altera/13.0sp1/nios2eds/bin/gnu/h-i686-mingw32/bin/../lib/gcc/nios2-elf/4.1.2/mno-hw-mul\libgcc.a(_div_df.o)
 .bss           0x0104a0e0        0x0 c:/altera/13.0sp1/nios2eds/bin/gnu/h-i686-mingw32/bin/../lib/gcc/nios2-elf/4.1.2/mno-hw-mul\libgcc.a(_eq_df.o)
 .bss           0x0104a0e0        0x0 c:/altera/13.0sp1/nios2eds/bin/gnu/h-i686-mingw32/bin/../lib/gcc/nios2-elf/4.1.2/mno-hw-mul\libgcc.a(_gt_df.o)
 .bss           0x0104a0e0        0x0 c:/altera/13.0sp1/nios2eds/bin/gnu/h-i686-mingw32/bin/../lib/gcc/nios2-elf/4.1.2/mno-hw-mul\libgcc.a(_ge_df.o)
 .bss           0x0104a0e0        0x0 c:/altera/13.0sp1/nios2eds/bin/gnu/h-i686-mingw32/bin/../lib/gcc/nios2-elf/4.1.2/mno-hw-mul\libgcc.a(_lt_df.o)
 .bss           0x0104a0e0        0x0 c:/altera/13.0sp1/nios2eds/bin/gnu/h-i686-mingw32/bin/../lib/gcc/nios2-elf/4.1.2/mno-hw-mul\libgcc.a(_le_df.o)
 .bss           0x0104a0e0        0x0 c:/altera/13.0sp1/nios2eds/bin/gnu/h-i686-mingw32/bin/../lib/gcc/nios2-elf/4.1.2/mno-hw-mul\libgcc.a(_si_to_df.o)
 .bss           0x0104a0e0        0x0 c:/altera/13.0sp1/nios2eds/bin/gnu/h-i686-mingw32/bin/../lib/gcc/nios2-elf/4.1.2/mno-hw-mul\libgcc.a(_df_to_si.o)
 .bss           0x0104a0e0        0x0 c:/altera/13.0sp1/nios2eds/bin/gnu/h-i686-mingw32/bin/../lib/gcc/nios2-elf/4.1.2/mno-hw-mul\libgcc.a(_thenan_df.o)
 .bss           0x0104a0e0        0x0 c:/altera/13.0sp1/nios2eds/bin/gnu/h-i686-mingw32/bin/../lib/gcc/nios2-elf/4.1.2/mno-hw-mul\libgcc.a(lib2-divmod.o)
 .bss           0x0104a0e0        0x0 c:/altera/13.0sp1/nios2eds/bin/gnu/h-i686-mingw32/bin/../lib/gcc/nios2-elf/4.1.2/mno-hw-mul\libgcc.a(lib2-mul.o)
 .bss           0x0104a0e0        0x0 c:/altera/13.0sp1/nios2eds/bin/gnu/h-i686-mingw32/bin/../lib/gcc/nios2-elf/4.1.2/mno-hw-mul\libgcc.a(_muldi3.o)
 .bss           0x0104a0e0        0x0 c:/altera/13.0sp1/nios2eds/bin/gnu/h-i686-mingw32/bin/../lib/gcc/nios2-elf/4.1.2/mno-hw-mul\libgcc.a(_clzsi2.o)
 .bss           0x0104a0e0        0x0 c:/altera/13.0sp1/nios2eds/bin/gnu/h-i686-mingw32/bin/../lib/gcc/nios2-elf/4.1.2/mno-hw-mul\libgcc.a(_pack_df.o)
 .bss           0x0104a0e0        0x0 c:/altera/13.0sp1/nios2eds/bin/gnu/h-i686-mingw32/bin/../lib/gcc/nios2-elf/4.1.2/mno-hw-mul\libgcc.a(_unpack_df.o)
 .bss           0x0104a0e0        0x0 c:/altera/13.0sp1/nios2eds/bin/gnu/h-i686-mingw32/bin/../lib/gcc/nios2-elf/4.1.2/mno-hw-mul\libgcc.a(_fpcmp_parts_df.o)
 .bss           0x0104a0e0        0x0 c:/altera/13.0sp1/nios2eds/bin/gnu/h-i686-mingw32/bin/../lib/gcc/nios2-elf/4.1.2/mno-hw-mul\libgcc.a(_clz.o)
 .bss           0x0104a0e0        0x0 c:/altera/13.0sp1/nios2eds/bin/gnu/h-i686-mingw32/bin/../lib/gcc/nios2-elf/4.1.2/../../../../nios2-elf/lib/mno-hw-mul\libc.a(lib_a-malloc.o)
 .bss           0x0104a0e0       0x28 c:/altera/13.0sp1/nios2eds/bin/gnu/h-i686-mingw32/bin/../lib/gcc/nios2-elf/4.1.2/../../../../nios2-elf/lib/mno-hw-mul\libc.a(lib_a-mallocr.o)
                0x0104a0e0                __malloc_current_mallinfo
 .bss           0x0104a108        0x0 c:/altera/13.0sp1/nios2eds/bin/gnu/h-i686-mingw32/bin/../lib/gcc/nios2-elf/4.1.2/../../../../nios2-elf/lib/mno-hw-mul\libc.a(lib_a-printf.o)
 .bss           0x0104a108        0x0 c:/altera/13.0sp1/nios2eds/bin/gnu/h-i686-mingw32/bin/../lib/gcc/nios2-elf/4.1.2/../../../../nios2-elf/lib/mno-hw-mul\libc.a(lib_a-puts.o)
 .bss           0x0104a108        0x0 c:/altera/13.0sp1/nios2eds/bin/gnu/h-i686-mingw32/bin/../lib/gcc/nios2-elf/4.1.2/../../../../nios2-elf/lib/mno-hw-mul\libc.a(lib_a-rand.o)
 .bss           0x0104a108        0x0 c:/altera/13.0sp1/nios2eds/bin/gnu/h-i686-mingw32/bin/../lib/gcc/nios2-elf/4.1.2/../../../../nios2-elf/lib/mno-hw-mul\libc.a(lib_a-sbrkr.o)
 .bss           0x0104a108        0x0 c:/altera/13.0sp1/nios2eds/bin/gnu/h-i686-mingw32/bin/../lib/gcc/nios2-elf/4.1.2/../../../../nios2-elf/lib/mno-hw-mul\libc.a(lib_a-strlen.o)
 .bss           0x0104a108        0x0 c:/altera/13.0sp1/nios2eds/bin/gnu/h-i686-mingw32/bin/../lib/gcc/nios2-elf/4.1.2/../../../../nios2-elf/lib/mno-hw-mul\libc.a(lib_a-time.o)
 .bss           0x0104a108        0x0 c:/altera/13.0sp1/nios2eds/bin/gnu/h-i686-mingw32/bin/../lib/gcc/nios2-elf/4.1.2/../../../../nios2-elf/lib/mno-hw-mul\libc.a(lib_a-vfprintf.o)
 .bss           0x0104a108        0x0 c:/altera/13.0sp1/nios2eds/bin/gnu/h-i686-mingw32/bin/../lib/gcc/nios2-elf/4.1.2/../../../../nios2-elf/lib/mno-hw-mul\libc.a(lib_a-wsetup.o)
 .bss           0x0104a108        0x0 c:/altera/13.0sp1/nios2eds/bin/gnu/h-i686-mingw32/bin/../lib/gcc/nios2-elf/4.1.2/../../../../nios2-elf/lib/mno-hw-mul\libc.a(lib_a-dtoa.o)
 .bss           0x0104a108        0x0 c:/altera/13.0sp1/nios2eds/bin/gnu/h-i686-mingw32/bin/../lib/gcc/nios2-elf/4.1.2/../../../../nios2-elf/lib/mno-hw-mul\libc.a(lib_a-fflush.o)
 .bss           0x0104a108        0x0 c:/altera/13.0sp1/nios2eds/bin/gnu/h-i686-mingw32/bin/../lib/gcc/nios2-elf/4.1.2/../../../../nios2-elf/lib/mno-hw-mul\libc.a(lib_a-findfp.o)
 .bss           0x0104a108        0x0 c:/altera/13.0sp1/nios2eds/bin/gnu/h-i686-mingw32/bin/../lib/gcc/nios2-elf/4.1.2/../../../../nios2-elf/lib/mno-hw-mul\libc.a(lib_a-freer.o)
 .bss           0x0104a108        0x0 c:/altera/13.0sp1/nios2eds/bin/gnu/h-i686-mingw32/bin/../lib/gcc/nios2-elf/4.1.2/../../../../nios2-elf/lib/mno-hw-mul\libc.a(lib_a-fvwrite.o)
 .bss           0x0104a108        0x0 c:/altera/13.0sp1/nios2eds/bin/gnu/h-i686-mingw32/bin/../lib/gcc/nios2-elf/4.1.2/../../../../nios2-elf/lib/mno-hw-mul\libc.a(lib_a-fwalk.o)
 .bss           0x0104a108        0x0 c:/altera/13.0sp1/nios2eds/bin/gnu/h-i686-mingw32/bin/../lib/gcc/nios2-elf/4.1.2/../../../../nios2-elf/lib/mno-hw-mul\libc.a(lib_a-gettimeofdayr.o)
 .bss           0x0104a108        0x0 c:/altera/13.0sp1/nios2eds/bin/gnu/h-i686-mingw32/bin/../lib/gcc/nios2-elf/4.1.2/../../../../nios2-elf/lib/mno-hw-mul\libc.a(lib_a-impure.o)
 .bss           0x0104a108        0x0 c:/altera/13.0sp1/nios2eds/bin/gnu/h-i686-mingw32/bin/../lib/gcc/nios2-elf/4.1.2/../../../../nios2-elf/lib/mno-hw-mul\libc.a(lib_a-int_errno.o)
 .bss           0x0104a108        0x0 c:/altera/13.0sp1/nios2eds/bin/gnu/h-i686-mingw32/bin/../lib/gcc/nios2-elf/4.1.2/../../../../nios2-elf/lib/mno-hw-mul\libc.a(lib_a-locale.o)
 .bss           0x0104a108        0x0 c:/altera/13.0sp1/nios2eds/bin/gnu/h-i686-mingw32/bin/../lib/gcc/nios2-elf/4.1.2/../../../../nios2-elf/lib/mno-hw-mul\libc.a(lib_a-makebuf.o)
 .bss           0x0104a108        0x0 c:/altera/13.0sp1/nios2eds/bin/gnu/h-i686-mingw32/bin/../lib/gcc/nios2-elf/4.1.2/../../../../nios2-elf/lib/mno-hw-mul\libc.a(lib_a-memchr.o)
 .bss           0x0104a108        0x0 c:/altera/13.0sp1/nios2eds/bin/gnu/h-i686-mingw32/bin/../lib/gcc/nios2-elf/4.1.2/../../../../nios2-elf/lib/mno-hw-mul\libc.a(lib_a-memcpy.o)
 .bss           0x0104a108        0x0 c:/altera/13.0sp1/nios2eds/bin/gnu/h-i686-mingw32/bin/../lib/gcc/nios2-elf/4.1.2/../../../../nios2-elf/lib/mno-hw-mul\libc.a(lib_a-memmove.o)
 .bss           0x0104a108        0x0 c:/altera/13.0sp1/nios2eds/bin/gnu/h-i686-mingw32/bin/../lib/gcc/nios2-elf/4.1.2/../../../../nios2-elf/lib/mno-hw-mul\libc.a(lib_a-memset.o)
 .bss           0x0104a108        0x0 c:/altera/13.0sp1/nios2eds/bin/gnu/h-i686-mingw32/bin/../lib/gcc/nios2-elf/4.1.2/../../../../nios2-elf/lib/mno-hw-mul\libc.a(lib_a-mprec.o)
 .bss           0x0104a108        0x0 c:/altera/13.0sp1/nios2eds/bin/gnu/h-i686-mingw32/bin/../lib/gcc/nios2-elf/4.1.2/../../../../nios2-elf/lib/mno-hw-mul\libc.a(lib_a-reallocr.o)
 .bss           0x0104a108        0x0 c:/altera/13.0sp1/nios2eds/bin/gnu/h-i686-mingw32/bin/../lib/gcc/nios2-elf/4.1.2/../../../../nios2-elf/lib/mno-hw-mul\libc.a(lib_a-s_isinfd.o)
 .bss           0x0104a108        0x0 c:/altera/13.0sp1/nios2eds/bin/gnu/h-i686-mingw32/bin/../lib/gcc/nios2-elf/4.1.2/../../../../nios2-elf/lib/mno-hw-mul\libc.a(lib_a-s_isnand.o)
 .bss           0x0104a108        0x0 c:/altera/13.0sp1/nios2eds/bin/gnu/h-i686-mingw32/bin/../lib/gcc/nios2-elf/4.1.2/../../../../nios2-elf/lib/mno-hw-mul\libc.a(lib_a-stdio.o)
 .bss           0x0104a108        0x0 c:/altera/13.0sp1/nios2eds/bin/gnu/h-i686-mingw32/bin/../lib/gcc/nios2-elf/4.1.2/../../../../nios2-elf/lib/mno-hw-mul\libc.a(lib_a-strcmp.o)
 .bss           0x0104a108        0x0 c:/altera/13.0sp1/nios2eds/bin/gnu/h-i686-mingw32/bin/../lib/gcc/nios2-elf/4.1.2/../../../../nios2-elf/lib/mno-hw-mul\libc.a(lib_a-writer.o)
 .bss           0x0104a108        0x0 c:/altera/13.0sp1/nios2eds/bin/gnu/h-i686-mingw32/bin/../lib/gcc/nios2-elf/4.1.2/../../../../nios2-elf/lib/mno-hw-mul\libc.a(lib_a-callocr.o)
 .bss           0x0104a108        0x0 c:/altera/13.0sp1/nios2eds/bin/gnu/h-i686-mingw32/bin/../lib/gcc/nios2-elf/4.1.2/../../../../nios2-elf/lib/mno-hw-mul\libc.a(lib_a-closer.o)
 .bss           0x0104a108        0x0 c:/altera/13.0sp1/nios2eds/bin/gnu/h-i686-mingw32/bin/../lib/gcc/nios2-elf/4.1.2/../../../../nios2-elf/lib/mno-hw-mul\libc.a(lib_a-fclose.o)
 .bss           0x0104a108        0x0 c:/altera/13.0sp1/nios2eds/bin/gnu/h-i686-mingw32/bin/../lib/gcc/nios2-elf/4.1.2/../../../../nios2-elf/lib/mno-hw-mul\libc.a(lib_a-fstatr.o)
 .bss           0x0104a108        0x0 c:/altera/13.0sp1/nios2eds/bin/gnu/h-i686-mingw32/bin/../lib/gcc/nios2-elf/4.1.2/../../../../nios2-elf/lib/mno-hw-mul\libc.a(lib_a-isattyr.o)
 .bss           0x0104a108        0x0 c:/altera/13.0sp1/nios2eds/bin/gnu/h-i686-mingw32/bin/../lib/gcc/nios2-elf/4.1.2/../../../../nios2-elf/lib/mno-hw-mul\libc.a(lib_a-lseekr.o)
 .bss           0x0104a108        0x0 c:/altera/13.0sp1/nios2eds/bin/gnu/h-i686-mingw32/bin/../lib/gcc/nios2-elf/4.1.2/../../../../nios2-elf/lib/mno-hw-mul\libc.a(lib_a-readr.o)
 .bss           0x0104a108        0x0 c:/altera/13.0sp1/nios2eds/bin/gnu/h-i686-mingw32/bin/../lib/gcc/nios2-elf/4.1.2/mno-hw-mul\libgcc.a(_udivdi3.o)
 .bss           0x0104a108        0x0 c:/altera/13.0sp1/nios2eds/bin/gnu/h-i686-mingw32/bin/../lib/gcc/nios2-elf/4.1.2/mno-hw-mul\libgcc.a(_umoddi3.o)
 .bss           0x0104a108        0x0 c:/altera/13.0sp1/nios2eds/bin/gnu/h-i686-mingw32/bin/../lib/gcc/nios2-elf/4.1.2/mno-hw-mul\libgcc.a(_ne_df.o)
 .bss           0x0104a108        0x0 c:/altera/13.0sp1/nios2eds/bin/gnu/h-i686-mingw32/bin/../lib/gcc/nios2-elf/4.1.2/mno-hw-mul\libgcc.a(_usi_to_df.o)
 .bss           0x0104a108        0x0 ../exercise5_bsp/\libhal_bsp.a(alt_close.o)
 .bss           0x0104a108        0x0 ../exercise5_bsp/\libhal_bsp.a(alt_dev.o)
 .bss           0x0104a108        0x0 ../exercise5_bsp/\libhal_bsp.a(alt_errno.o)
 .bss           0x0104a108        0x0 ../exercise5_bsp/\libhal_bsp.a(alt_fstat.o)
 .bss           0x0104a108        0x0 ../exercise5_bsp/\libhal_bsp.a(alt_gettod.o)
 .bss           0x0104a108        0x0 ../exercise5_bsp/\libhal_bsp.a(alt_isatty.o)
 .bss           0x0104a108        0x0 ../exercise5_bsp/\libhal_bsp.a(alt_load.o)
 .bss           0x0104a108        0x0 ../exercise5_bsp/\libhal_bsp.a(alt_lseek.o)
 .bss           0x0104a108        0x0 ../exercise5_bsp/\libhal_bsp.a(alt_main.o)
 .bss           0x0104a108        0x0 ../exercise5_bsp/\libhal_bsp.a(alt_malloc_lock.o)
 .bss           0x0104a108        0x0 ../exercise5_bsp/\libhal_bsp.a(alt_read.o)
 .bss           0x0104a108        0x0 ../exercise5_bsp/\libhal_bsp.a(alt_release_fd.o)
 .bss           0x0104a108        0x0 ../exercise5_bsp/\libhal_bsp.a(alt_sbrk.o)
 .bss           0x0104a108        0x0 ../exercise5_bsp/\libhal_bsp.a(alt_tick.o)
 .bss           0x0104a108        0x0 ../exercise5_bsp/\libhal_bsp.a(alt_write.o)
 .bss           0x0104a108        0x0 ../exercise5_bsp/\libhal_bsp.a(alt_sys_init.o)
 .bss           0x0104a108        0x0 ../exercise5_bsp/\libhal_bsp.a(altera_avalon_jtag_uart_fd.o)
 .bss           0x0104a108        0x0 ../exercise5_bsp/\libhal_bsp.a(altera_avalon_jtag_uart_init.o)
 .bss           0x0104a108        0x0 ../exercise5_bsp/\libhal_bsp.a(altera_avalon_jtag_uart_ioctl.o)
 .bss           0x0104a108        0x0 ../exercise5_bsp/\libhal_bsp.a(altera_avalon_jtag_uart_read.o)
 .bss           0x0104a108        0x0 ../exercise5_bsp/\libhal_bsp.a(altera_avalon_jtag_uart_write.o)
 .bss           0x0104a108        0x0 ../exercise5_bsp/\libhal_bsp.a(altera_up_avalon_video_character_buffer_with_dma.o)
 .bss           0x0104a108        0x0 ../exercise5_bsp/\libhal_bsp.a(altera_up_avalon_video_pixel_buffer_dma.o)
 .bss           0x0104a108        0x0 ../exercise5_bsp/\libhal_bsp.a(alt_alarm_start.o)
 .bss           0x0104a108        0x0 ../exercise5_bsp/\libhal_bsp.a(alt_dcache_flush_all.o)
 .bss           0x0104a108        0x0 ../exercise5_bsp/\libhal_bsp.a(alt_dev_llist_insert.o)
 .bss           0x0104a108        0x0 ../exercise5_bsp/\libhal_bsp.a(alt_do_ctors.o)
 .bss           0x0104a108        0x0 ../exercise5_bsp/\libhal_bsp.a(alt_do_dtors.o)
 .bss           0x0104a108        0x0 ../exercise5_bsp/\libhal_bsp.a(alt_find_dev.o)
 .bss           0x0104a108        0x0 ../exercise5_bsp/\libhal_bsp.a(alt_icache_flush_all.o)
 .bss           0x0104a108        0x0 ../exercise5_bsp/\libhal_bsp.a(alt_iic.o)
 .bss           0x0104a108        0x0 ../exercise5_bsp/\libhal_bsp.a(alt_iic_isr_register.o)
 .bss           0x0104a108        0x0 ../exercise5_bsp/\libhal_bsp.a(alt_io_redirect.o)
 .bss           0x0104a108        0x0 ../exercise5_bsp/\libhal_bsp.a(alt_irq_entry.o)
 .bss           0x0104a108        0x0 ../exercise5_bsp/\libhal_bsp.a(alt_irq_handler.o)
 .bss           0x0104a108        0x0 ../exercise5_bsp/\libhal_bsp.a(alt_irq_vars.o)
 .bss           0x0104a108        0x0 ../exercise5_bsp/\libhal_bsp.a(alt_open.o)
 .bss           0x0104a108        0x0 ../exercise5_bsp/\libhal_bsp.a(altera_nios2_qsys_irq.o)
 .bss           0x0104a108        0x0 ../exercise5_bsp/\libhal_bsp.a(alt_exception_entry.o)
 .bss           0x0104a108        0x0 ../exercise5_bsp/\libhal_bsp.a(alt_find_file.o)
 .bss           0x0104a108        0x0 ../exercise5_bsp/\libhal_bsp.a(alt_get_fd.o)
 .bss           0x0104a108        0x0 c:/altera/13.0sp1/nios2eds/bin/gnu/h-i686-mingw32/bin/../lib/gcc/nios2-elf/4.1.2/../../../../nios2-elf/lib/mno-hw-mul\libc.a(lib_a-atexit.o)
 .bss           0x0104a108        0x0 c:/altera/13.0sp1/nios2eds/bin/gnu/h-i686-mingw32/bin/../lib/gcc/nios2-elf/4.1.2/../../../../nios2-elf/lib/mno-hw-mul\libc.a(lib_a-exit.o)
 .bss           0x0104a108        0x0 c:/altera/13.0sp1/nios2eds/bin/gnu/h-i686-mingw32/bin/../lib/gcc/nios2-elf/4.1.2/../../../../nios2-elf/lib/mno-hw-mul\libc.a(lib_a-memcmp.o)
 .bss           0x0104a108        0x0 c:/altera/13.0sp1/nios2eds/bin/gnu/h-i686-mingw32/bin/../lib/gcc/nios2-elf/4.1.2/../../../../nios2-elf/lib/mno-hw-mul\libc.a(lib_a-__atexit.o)
 .bss           0x0104a108        0x0 c:/altera/13.0sp1/nios2eds/bin/gnu/h-i686-mingw32/bin/../lib/gcc/nios2-elf/4.1.2/../../../../nios2-elf/lib/mno-hw-mul\libc.a(lib_a-__call_atexit.o)
 .bss           0x0104a108        0x0 ../exercise5_bsp/\libhal_bsp.a(alt_exit.o)
 *(COMMON)
 COMMON         0x0104a108      0x100 ../exercise5_bsp/\libhal_bsp.a(alt_irq_handler.o)
                0x0104a108                alt_irq
 COMMON         0x0104a208      0x190 c:/altera/13.0sp1/nios2eds/bin/gnu/h-i686-mingw32/bin/../lib/gcc/nios2-elf/4.1.2/../../../../nios2-elf/lib/mno-hw-mul\libc.a(lib_a-atexit.o)
                0x0104a208                _atexit0
                0x0104a398                . = ALIGN (0x4)
                0x0104a398                __bss_end = ABSOLUTE (.)

.onchip_memory2_0
                0x00000000        0x0 load address 0x0104a398
                0x00000000                PROVIDE (_alt_partition_onchip_memory2_0_start, ABSOLUTE (.))
 *(.onchip_memory2_0. onchip_memory2_0.*)
                0x00000000                . = ALIGN (0x4)
                0x00000000                PROVIDE (_alt_partition_onchip_memory2_0_end, ABSOLUTE (.))
                0x0104a398                PROVIDE (_alt_partition_onchip_memory2_0_load_addr, LOADADDR (.onchip_memory2_0))

.sdram          0x0104a398        0x0
                0x0104a398                PROVIDE (_alt_partition_sdram_start, ABSOLUTE (.))
 *(.sdram. sdram.*)
                0x0104a398                . = ALIGN (0x4)
                0x0104a398                PROVIDE (_alt_partition_sdram_end, ABSOLUTE (.))
                0x0104a398                _end = ABSOLUTE (.)
                0x0104a398                end = ABSOLUTE (.)
                0x0104a398                __alt_stack_base = ABSOLUTE (.)
                0x0104a398                PROVIDE (_alt_partition_sdram_load_addr, LOADADDR (.sdram))

.stab
 *(.stab)

.stabstr
 *(.stabstr)

.stab.excl
 *(.stab.excl)

.stab.exclstr
 *(.stab.exclstr)

.stab.index
 *(.stab.index)

.stab.indexstr
 *(.stab.indexstr)

.comment        0x00000000       0x26
 *(.comment)
 .comment       0x00000000       0x26 obj/default/cannonman_animated.o
                                 0x27 (size before relaxing)
 .comment       0x00000000       0x27 obj/default/cannonman_main.o
 .comment       0x00000000       0x27 obj/default/graphics/bomb.o
 .comment       0x00000000       0x27 obj/default/graphics/cannon1.o
 .comment       0x00000000       0x27 obj/default/graphics/cannon2.o
 .comment       0x00000000       0x27 obj/default/graphics/ground.o
 .comment       0x00000000       0x27 obj/default/graphics/p1box.o
 .comment       0x00000000       0x27 obj/default/graphics/p1wins.o
 .comment       0x00000000       0x27 obj/default/graphics/p2box.o
 .comment       0x00000000       0x27 obj/default/graphics/p2wins.o
 .comment       0x00000000       0x27 obj/default/graphics/player1.o
 .comment       0x00000000       0x27 obj/default/graphics/player2.o
 .comment       0x00000000       0x27 obj/default/junk/VGA_Controller.o
 .comment       0x00000000       0x27 obj/default/junk/draw_bmp.o
 .comment       0x00000000       0x27 obj/default/junk/exercise5.o
 .comment       0x00000000       0x27 obj/default/junk/hello_world.o
 .comment       0x00000000       0x27 obj/default/junk/my_image.o
 .comment       0x00000000       0x27 obj/default/junk/my_image7x7.o
 .comment       0x00000000       0x27 obj/default/junk/power_bar.o
 .comment       0x00000000       0x27 obj/default/junk/rand_image.o
 .comment       0x00000000       0x27 obj/default/setup_graphics.o
 .comment       0x00000000       0x27 obj/default/win_message.o
 .comment       0x00000000       0x27 c:/altera/13.0sp1/nios2eds/bin/gnu/h-i686-mingw32/bin/../lib/gcc/nios2-elf/4.1.2/../../../../nios2-elf/lib/mno-hw-mul\libm.a(lib_a-s_cos.o)
 .comment       0x00000000       0x27 c:/altera/13.0sp1/nios2eds/bin/gnu/h-i686-mingw32/bin/../lib/gcc/nios2-elf/4.1.2/../../../../nios2-elf/lib/mno-hw-mul\libm.a(lib_a-s_sin.o)
 .comment       0x00000000       0x27 c:/altera/13.0sp1/nios2eds/bin/gnu/h-i686-mingw32/bin/../lib/gcc/nios2-elf/4.1.2/../../../../nios2-elf/lib/mno-hw-mul\libm.a(lib_a-e_rem_pio2.o)
 .comment       0x00000000       0x27 c:/altera/13.0sp1/nios2eds/bin/gnu/h-i686-mingw32/bin/../lib/gcc/nios2-elf/4.1.2/../../../../nios2-elf/lib/mno-hw-mul\libm.a(lib_a-k_cos.o)
 .comment       0x00000000       0x27 c:/altera/13.0sp1/nios2eds/bin/gnu/h-i686-mingw32/bin/../lib/gcc/nios2-elf/4.1.2/../../../../nios2-elf/lib/mno-hw-mul\libm.a(lib_a-k_rem_pio2.o)
 .comment       0x00000000       0x27 c:/altera/13.0sp1/nios2eds/bin/gnu/h-i686-mingw32/bin/../lib/gcc/nios2-elf/4.1.2/../../../../nios2-elf/lib/mno-hw-mul\libm.a(lib_a-k_sin.o)
 .comment       0x00000000       0x27 c:/altera/13.0sp1/nios2eds/bin/gnu/h-i686-mingw32/bin/../lib/gcc/nios2-elf/4.1.2/../../../../nios2-elf/lib/mno-hw-mul\libm.a(lib_a-s_fabs.o)
 .comment       0x00000000       0x27 c:/altera/13.0sp1/nios2eds/bin/gnu/h-i686-mingw32/bin/../lib/gcc/nios2-elf/4.1.2/../../../../nios2-elf/lib/mno-hw-mul\libm.a(lib_a-s_floor.o)
 .comment       0x00000000       0x27 c:/altera/13.0sp1/nios2eds/bin/gnu/h-i686-mingw32/bin/../lib/gcc/nios2-elf/4.1.2/../../../../nios2-elf/lib/mno-hw-mul\libm.a(lib_a-s_scalbn.o)
 .comment       0x00000000       0x27 c:/altera/13.0sp1/nios2eds/bin/gnu/h-i686-mingw32/bin/../lib/gcc/nios2-elf/4.1.2/../../../../nios2-elf/lib/mno-hw-mul\libm.a(lib_a-s_copysign.o)
 .comment       0x00000000       0x27 c:/altera/13.0sp1/nios2eds/bin/gnu/h-i686-mingw32/bin/../lib/gcc/nios2-elf/4.1.2/mno-hw-mul\libgcc.a(_addsub_df.o)
 .comment       0x00000000       0x27 c:/altera/13.0sp1/nios2eds/bin/gnu/h-i686-mingw32/bin/../lib/gcc/nios2-elf/4.1.2/mno-hw-mul\libgcc.a(_mul_df.o)
 .comment       0x00000000       0x27 c:/altera/13.0sp1/nios2eds/bin/gnu/h-i686-mingw32/bin/../lib/gcc/nios2-elf/4.1.2/mno-hw-mul\libgcc.a(_div_df.o)
 .comment       0x00000000       0x27 c:/altera/13.0sp1/nios2eds/bin/gnu/h-i686-mingw32/bin/../lib/gcc/nios2-elf/4.1.2/mno-hw-mul\libgcc.a(_eq_df.o)
 .comment       0x00000000       0x27 c:/altera/13.0sp1/nios2eds/bin/gnu/h-i686-mingw32/bin/../lib/gcc/nios2-elf/4.1.2/mno-hw-mul\libgcc.a(_gt_df.o)
 .comment       0x00000000       0x27 c:/altera/13.0sp1/nios2eds/bin/gnu/h-i686-mingw32/bin/../lib/gcc/nios2-elf/4.1.2/mno-hw-mul\libgcc.a(_ge_df.o)
 .comment       0x00000000       0x27 c:/altera/13.0sp1/nios2eds/bin/gnu/h-i686-mingw32/bin/../lib/gcc/nios2-elf/4.1.2/mno-hw-mul\libgcc.a(_lt_df.o)
 .comment       0x00000000       0x27 c:/altera/13.0sp1/nios2eds/bin/gnu/h-i686-mingw32/bin/../lib/gcc/nios2-elf/4.1.2/mno-hw-mul\libgcc.a(_le_df.o)
 .comment       0x00000000       0x27 c:/altera/13.0sp1/nios2eds/bin/gnu/h-i686-mingw32/bin/../lib/gcc/nios2-elf/4.1.2/mno-hw-mul\libgcc.a(_si_to_df.o)
 .comment       0x00000000       0x27 c:/altera/13.0sp1/nios2eds/bin/gnu/h-i686-mingw32/bin/../lib/gcc/nios2-elf/4.1.2/mno-hw-mul\libgcc.a(_df_to_si.o)
 .comment       0x00000000       0x27 c:/altera/13.0sp1/nios2eds/bin/gnu/h-i686-mingw32/bin/../lib/gcc/nios2-elf/4.1.2/mno-hw-mul\libgcc.a(_thenan_df.o)
 .comment       0x00000000       0x27 c:/altera/13.0sp1/nios2eds/bin/gnu/h-i686-mingw32/bin/../lib/gcc/nios2-elf/4.1.2/mno-hw-mul\libgcc.a(lib2-divmod.o)
 .comment       0x00000000       0x27 c:/altera/13.0sp1/nios2eds/bin/gnu/h-i686-mingw32/bin/../lib/gcc/nios2-elf/4.1.2/mno-hw-mul\libgcc.a(lib2-mul.o)
 .comment       0x00000000       0x27 c:/altera/13.0sp1/nios2eds/bin/gnu/h-i686-mingw32/bin/../lib/gcc/nios2-elf/4.1.2/mno-hw-mul\libgcc.a(_muldi3.o)
 .comment       0x00000000       0x27 c:/altera/13.0sp1/nios2eds/bin/gnu/h-i686-mingw32/bin/../lib/gcc/nios2-elf/4.1.2/mno-hw-mul\libgcc.a(_clzsi2.o)
 .comment       0x00000000       0x27 c:/altera/13.0sp1/nios2eds/bin/gnu/h-i686-mingw32/bin/../lib/gcc/nios2-elf/4.1.2/mno-hw-mul\libgcc.a(_pack_df.o)
 .comment       0x00000000       0x27 c:/altera/13.0sp1/nios2eds/bin/gnu/h-i686-mingw32/bin/../lib/gcc/nios2-elf/4.1.2/mno-hw-mul\libgcc.a(_unpack_df.o)
 .comment       0x00000000       0x27 c:/altera/13.0sp1/nios2eds/bin/gnu/h-i686-mingw32/bin/../lib/gcc/nios2-elf/4.1.2/mno-hw-mul\libgcc.a(_fpcmp_parts_df.o)
 .comment       0x00000000       0x27 c:/altera/13.0sp1/nios2eds/bin/gnu/h-i686-mingw32/bin/../lib/gcc/nios2-elf/4.1.2/mno-hw-mul\libgcc.a(_clz.o)
 .comment       0x00000000       0x27 c:/altera/13.0sp1/nios2eds/bin/gnu/h-i686-mingw32/bin/../lib/gcc/nios2-elf/4.1.2/../../../../nios2-elf/lib/mno-hw-mul\libc.a(lib_a-malloc.o)
 .comment       0x00000000       0x27 c:/altera/13.0sp1/nios2eds/bin/gnu/h-i686-mingw32/bin/../lib/gcc/nios2-elf/4.1.2/../../../../nios2-elf/lib/mno-hw-mul\libc.a(lib_a-mallocr.o)
 .comment       0x00000000       0x27 c:/altera/13.0sp1/nios2eds/bin/gnu/h-i686-mingw32/bin/../lib/gcc/nios2-elf/4.1.2/../../../../nios2-elf/lib/mno-hw-mul\libc.a(lib_a-printf.o)
 .comment       0x00000000       0x27 c:/altera/13.0sp1/nios2eds/bin/gnu/h-i686-mingw32/bin/../lib/gcc/nios2-elf/4.1.2/../../../../nios2-elf/lib/mno-hw-mul\libc.a(lib_a-puts.o)
 .comment       0x00000000       0x27 c:/altera/13.0sp1/nios2eds/bin/gnu/h-i686-mingw32/bin/../lib/gcc/nios2-elf/4.1.2/../../../../nios2-elf/lib/mno-hw-mul\libc.a(lib_a-rand.o)
 .comment       0x00000000       0x27 c:/altera/13.0sp1/nios2eds/bin/gnu/h-i686-mingw32/bin/../lib/gcc/nios2-elf/4.1.2/../../../../nios2-elf/lib/mno-hw-mul\libc.a(lib_a-sbrkr.o)
 .comment       0x00000000       0x27 c:/altera/13.0sp1/nios2eds/bin/gnu/h-i686-mingw32/bin/../lib/gcc/nios2-elf/4.1.2/../../../../nios2-elf/lib/mno-hw-mul\libc.a(lib_a-strlen.o)
 .comment       0x00000000       0x27 c:/altera/13.0sp1/nios2eds/bin/gnu/h-i686-mingw32/bin/../lib/gcc/nios2-elf/4.1.2/../../../../nios2-elf/lib/mno-hw-mul\libc.a(lib_a-time.o)
 .comment       0x00000000       0x27 c:/altera/13.0sp1/nios2eds/bin/gnu/h-i686-mingw32/bin/../lib/gcc/nios2-elf/4.1.2/../../../../nios2-elf/lib/mno-hw-mul\libc.a(lib_a-vfprintf.o)
 .comment       0x00000000       0x27 c:/altera/13.0sp1/nios2eds/bin/gnu/h-i686-mingw32/bin/../lib/gcc/nios2-elf/4.1.2/../../../../nios2-elf/lib/mno-hw-mul\libc.a(lib_a-wsetup.o)
 .comment       0x00000000       0x27 c:/altera/13.0sp1/nios2eds/bin/gnu/h-i686-mingw32/bin/../lib/gcc/nios2-elf/4.1.2/../../../../nios2-elf/lib/mno-hw-mul\libc.a(lib_a-dtoa.o)