Archive member included because of file (symbol)

c:/altera/13.0sp1/nios2eds/bin/gnu/h-i686-mingw32/bin/../lib/gcc/nios2-elf/4.1.2/../../../../nios2-elf/lib\libc.a(lib_a-puts.o)
                              obj/default/hello_world.o (puts)
c:/altera/13.0sp1/nios2eds/bin/gnu/h-i686-mingw32/bin/../lib/gcc/nios2-elf/4.1.2/../../../../nios2-elf/lib\libc.a(lib_a-strlen.o)
                              c:/altera/13.0sp1/nios2eds/bin/gnu/h-i686-mingw32/bin/../lib/gcc/nios2-elf/4.1.2/../../../../nios2-elf/lib\libc.a(lib_a-puts.o) (strlen)
c:/altera/13.0sp1/nios2eds/bin/gnu/h-i686-mingw32/bin/../lib/gcc/nios2-elf/4.1.2/../../../../nios2-elf/lib\libc.a(lib_a-fvwrite.o)
                              c:/altera/13.0sp1/nios2eds/bin/gnu/h-i686-mingw32/bin/../lib/gcc/nios2-elf/4.1.2/../../../../nios2-elf/lib\libc.a(lib_a-puts.o) (__sfvwrite_r)
c:/altera/13.0sp1/nios2eds/bin/gnu/h-i686-mingw32/bin/../lib/gcc/nios2-elf/4.1.2/../../../../nios2-elf/lib\libc.a(lib_a-impure.o)
                              c:/altera/13.0sp1/nios2eds/bin/gnu/h-i686-mingw32/bin/../lib/gcc/nios2-elf/4.1.2/../../../../nios2-elf/lib\libc.a(lib_a-puts.o) (_impure_ptr)
c:/altera/13.0sp1/nios2eds/bin/gnu/h-i686-mingw32/bin/../lib/gcc/nios2-elf/4.1.2/../../../../nios2-elf/lib\libc.a(lib_a-mallocr.o)
                              c:/altera/13.0sp1/nios2eds/bin/gnu/h-i686-mingw32/bin/../lib/gcc/nios2-elf/4.1.2/../../../../nios2-elf/lib\libc.a(lib_a-fvwrite.o) (_malloc_r)
c:/altera/13.0sp1/nios2eds/bin/gnu/h-i686-mingw32/bin/../lib/gcc/nios2-elf/4.1.2/../../../../nios2-elf/lib\libc.a(lib_a-memchr.o)
                              c:/altera/13.0sp1/nios2eds/bin/gnu/h-i686-mingw32/bin/../lib/gcc/nios2-elf/4.1.2/../../../../nios2-elf/lib\libc.a(lib_a-fvwrite.o) (memchr)
c:/altera/13.0sp1/nios2eds/bin/gnu/h-i686-mingw32/bin/../lib/gcc/nios2-elf/4.1.2/../../../../nios2-elf/lib\libc.a(lib_a-memcpy.o)
                              c:/altera/13.0sp1/nios2eds/bin/gnu/h-i686-mingw32/bin/../lib/gcc/nios2-elf/4.1.2/../../../../nios2-elf/lib\libc.a(lib_a-fvwrite.o) (memcpy)
c:/altera/13.0sp1/nios2eds/bin/gnu/h-i686-mingw32/bin/../lib/gcc/nios2-elf/4.1.2/../../../../nios2-elf/lib\libc.a(lib_a-memmove.o)
                              c:/altera/13.0sp1/nios2eds/bin/gnu/h-i686-mingw32/bin/../lib/gcc/nios2-elf/4.1.2/../../../../nios2-elf/lib\libc.a(lib_a-fvwrite.o) (memmove)
c:/altera/13.0sp1/nios2eds/bin/gnu/h-i686-mingw32/bin/../lib/gcc/nios2-elf/4.1.2/../../../../nios2-elf/lib\libc.a(lib_a-reallocr.o)
                              c:/altera/13.0sp1/nios2eds/bin/gnu/h-i686-mingw32/bin/../lib/gcc/nios2-elf/4.1.2/../../../../nios2-elf/lib\libc.a(lib_a-fvwrite.o) (_realloc_r)
c:/altera/13.0sp1/nios2eds/bin/gnu/h-i686-mingw32/bin/../lib/gcc/nios2-elf/4.1.2/../../../../nios2-elf/lib\libc.a(lib_a-sbrkr.o)
                              c:/altera/13.0sp1/nios2eds/bin/gnu/h-i686-mingw32/bin/../lib/gcc/nios2-elf/4.1.2/../../../../nios2-elf/lib\libc.a(lib_a-mallocr.o) (_sbrk_r)
c:/altera/13.0sp1/nios2eds/bin/gnu/h-i686-mingw32/bin/../lib/gcc/nios2-elf/4.1.2/../../../../nios2-elf/lib\libc.a(lib_a-wsetup.o)
                              c:/altera/13.0sp1/nios2eds/bin/gnu/h-i686-mingw32/bin/../lib/gcc/nios2-elf/4.1.2/../../../../nios2-elf/lib\libc.a(lib_a-fvwrite.o) (__swsetup_r)
c:/altera/13.0sp1/nios2eds/bin/gnu/h-i686-mingw32/bin/../lib/gcc/nios2-elf/4.1.2/../../../../nios2-elf/lib\libc.a(lib_a-fflush.o)
                              c:/altera/13.0sp1/nios2eds/bin/gnu/h-i686-mingw32/bin/../lib/gcc/nios2-elf/4.1.2/../../../../nios2-elf/lib\libc.a(lib_a-fvwrite.o) (_fflush_r)
c:/altera/13.0sp1/nios2eds/bin/gnu/h-i686-mingw32/bin/../lib/gcc/nios2-elf/4.1.2/../../../../nios2-elf/lib\libc.a(lib_a-findfp.o)
                              c:/altera/13.0sp1/nios2eds/bin/gnu/h-i686-mingw32/bin/../lib/gcc/nios2-elf/4.1.2/../../../../nios2-elf/lib\libc.a(lib_a-wsetup.o) (__sinit)
c:/altera/13.0sp1/nios2eds/bin/gnu/h-i686-mingw32/bin/../lib/gcc/nios2-elf/4.1.2/../../../../nios2-elf/lib\libc.a(lib_a-freer.o)
                              c:/altera/13.0sp1/nios2eds/bin/gnu/h-i686-mingw32/bin/../lib/gcc/nios2-elf/4.1.2/../../../../nios2-elf/lib\libc.a(lib_a-fvwrite.o) (_free_r)
c:/altera/13.0sp1/nios2eds/bin/gnu/h-i686-mingw32/bin/../lib/gcc/nios2-elf/4.1.2/../../../../nios2-elf/lib\libc.a(lib_a-fwalk.o)
                              c:/altera/13.0sp1/nios2eds/bin/gnu/h-i686-mingw32/bin/../lib/gcc/nios2-elf/4.1.2/../../../../nios2-elf/lib\libc.a(lib_a-fflush.o) (_fwalk_reent)
c:/altera/13.0sp1/nios2eds/bin/gnu/h-i686-mingw32/bin/../lib/gcc/nios2-elf/4.1.2/../../../../nios2-elf/lib\libc.a(lib_a-int_errno.o)
                              c:/altera/13.0sp1/nios2eds/bin/gnu/h-i686-mingw32/bin/../lib/gcc/nios2-elf/4.1.2/../../../../nios2-elf/lib\libc.a(lib_a-sbrkr.o) (errno)
c:/altera/13.0sp1/nios2eds/bin/gnu/h-i686-mingw32/bin/../lib/gcc/nios2-elf/4.1.2/../../../../nios2-elf/lib\libc.a(lib_a-makebuf.o)
[...]
Memory Configuration

Name             Origin             Length             Attributes
onchip           0x00000000         0x00001000
reset            0x01000000         0x00000020
sdram            0x01000020         0x007fffe0
*default*        0x00000000         0xffffffff

Linker script and memory map

LOAD ../tester_sdcard_bsp//obj/HAL/src/crt0.o
LOAD obj/default/hello_world.o
LOAD c:/altera/13.0sp1/nios2eds/bin/gnu/h-i686-mingw32/bin/../lib/gcc/nios2-elf/4.1.2/../../../../nios2-elf/lib\libstdc++.a
LOAD c:/altera/13.0sp1/nios2eds/bin/gnu/h-i686-mingw32/bin/../lib/gcc/nios2-elf/4.1.2/../../../../nios2-elf/lib\libm.a
LOAD c:/altera/13.0sp1/nios2eds/bin/gnu/h-i686-mingw32/bin/../lib/gcc/nios2-elf/4.1.2\libgcc.a
START GROUP
LOAD c:/altera/13.0sp1/nios2eds/bin/gnu/h-i686-mingw32/bin/../lib/gcc/nios2-elf/4.1.2/../../../../nios2-elf/lib\libc.a
LOAD c:/altera/13.0sp1/nios2eds/bin/gnu/h-i686-mingw32/bin/../lib/gcc/nios2-elf/4.1.2\libgcc.a
LOAD ../tester_sdcard_bsp/\libhal_bsp.a
END GROUP
LOAD c:/altera/13.0sp1/nios2eds/bin/gnu/h-i686-mingw32/bin/../lib/gcc/nios2-elf/4.1.2\libgcc.a
                0x00000000                __alt_mem_onchip = 0x0
                0x01000000                __alt_mem_sdram = 0x1000000

.entry          0x01000000       0x20
 *(.entry)
 .entry         0x01000000       0x20 ../tester_sdcard_bsp//obj/HAL/src/crt0.o
                0x01000000                __reset

.exceptions     0x01000020      0x198
                0x01000020                PROVIDE (__ram_exceptions_start, ABSOLUTE (.))
                0x01000020                . = ALIGN (0x20)
 *(.irq)
 *(.exceptions.entry.label)
 .exceptions.entry.label
                0x01000020        0x0 ../tester_sdcard_bsp/\libhal_bsp.a(alt_irq_entry.o)
                0x01000020                alt_irq_entry
 .exceptions.entry.label
                0x01000020        0x0 ../tester_sdcard_bsp/\libhal_bsp.a(alt_exception_entry.o)
                0x01000020                alt_exception
 *(.exceptions.entry.user)
 *(.exceptions.entry)
 .exceptions.entry
                0x01000020       0x54 ../tester_sdcard_bsp/\libhal_bsp.a(alt_exception_entry.o)
 *(.exceptions.irqtest.user)
 *(.exceptions.irqtest)
 .exceptions.irqtest
                0x01000074       0x10 ../tester_sdcard_bsp/\libhal_bsp.a(alt_irq_entry.o)
 *(.exceptions.irqhandler.user)
 *(.exceptions.irqhandler)
 .exceptions.irqhandler
                0x01000084        0x4 ../tester_sdcard_bsp/\libhal_bsp.a(alt_irq_entry.o)
 *(.exceptions.irqreturn.user)
 *(.exceptions.irqreturn)
 .exceptions.irqreturn
                0x01000088        0x4 ../tester_sdcard_bsp/\libhal_bsp.a(alt_irq_entry.o)
 *(.exceptions.notirq.label)
 .exceptions.notirq.label
                0x0100008c        0x0 ../tester_sdcard_bsp/\libhal_bsp.a(alt_irq_entry.o)
 *(.exceptions.notirq.user)
 *(.exceptions.notirq)
 .exceptions.notirq
                0x0100008c        0x8 ../tester_sdcard_bsp/\libhal_bsp.a(alt_exception_entry.o)
 *(.exceptions.soft.user)
 *(.exceptions.soft)
 *(.exceptions.unknown.user)
 *(.exceptions.unknown)
 .exceptions.unknown
                0x01000094        0x4 ../tester_sdcard_bsp/\libhal_bsp.a(alt_exception_entry.o)
 *(.exceptions.exit.label)
 .exceptions.exit.label
                0x01000098        0x0 ../tester_sdcard_bsp/\libhal_bsp.a(alt_irq_entry.o)
 .exceptions.exit.label
                0x01000098        0x0 ../tester_sdcard_bsp/\libhal_bsp.a(alt_exception_entry.o)
 *(.exceptions.exit.user)
 *(.exceptions.exit)
 .exceptions.exit
                0x01000098       0x54 ../tester_sdcard_bsp/\libhal_bsp.a(alt_exception_entry.o)
 *(.exceptions)
 .exceptions    0x010000ec       0xcc ../tester_sdcard_bsp/\libhal_bsp.a(alt_irq_handler.o)
                0x010000ec                alt_irq_handler
                0x010001b8                PROVIDE (__ram_exceptions_end, ABSOLUTE (.))
                0x01000020                PROVIDE (__flash_exceptions_start, LOADADDR (.exceptions))

.text           0x010001b8     0x7c40
                0x010001b8                PROVIDE (stext, ABSOLUTE (.))
 *(.interp)
 *(.hash)
 *(.dynsym)
 *(.dynstr)
 *(.gnu.version)
 *(.gnu.version_d)
 *(.gnu.version_r)
 *(.rel.init)
 *(.rela.init)
 *(.rel.text .rel.text.* .rel.gnu.linkonce.t.*)
 *(.rela.text .rela.text.* .rela.gnu.linkonce.t.*)
 *(.rel.fini)
 *(.rela.fini)
 *(.rel.rodata .rel.rodata.* .rel.gnu.linkonce.r.*)
 *(.rela.rodata .rela.rodata.* .rela.gnu.linkonce.r.*)
 *(.rel.data .rel.data.* .rel.gnu.linkonce.d.*)
 *(.rela.data .rela.data.* .rela.gnu.linkonce.d.*)
 *(.rel.tdata .rel.tdata.* .rel.gnu.linkonce.td.*)
 *(.rela.tdata .rela.tdata.* .rela.gnu.linkonce.td.*)
 *(.rel.tbss .rel.tbss.* .rel.gnu.linkonce.tb.*)
 *(.rela.tbss .rela.tbss.* .rela.gnu.linkonce.tb.*)
 *(.rel.ctors)
 *(.rela.ctors)
 *(.rel.dtors)
 *(.rela.dtors)
 *(.rel.got)
 *(.rela.got)
 *(.rel.sdata .rel.sdata.* .rel.gnu.linkonce.s.*)
 *(.rela.sdata .rela.sdata.* .rela.gnu.linkonce.s.*)
 *(.rel.sbss .rel.sbss.* .rel.gnu.linkonce.sb.*)
 *(.rela.sbss .rela.sbss.* .rela.gnu.linkonce.sb.*)
 *(.rel.sdata2 .rel.sdata2.* .rel.gnu.linkonce.s2.*)
 *(.rela.sdata2 .rela.sdata2.* .rela.gnu.linkonce.s2.*)
 *(.rel.sbss2 .rel.sbss2.* .rel.gnu.linkonce.sb2.*)
 *(.rela.sbss2 .rela.sbss2.* .rela.gnu.linkonce.sb2.*)
 *(.rel.bss .rel.bss.* .rel.gnu.linkonce.b.*)
 *(.rela.bss .rela.bss.* .rela.gnu.linkonce.b.*)
 *(.rel.plt)
 *(.rela.plt)
 *(.rel.dyn)
 *(.init)
 *(.plt)
 *(.text .stub .text.* .gnu.linkonce.t.*)
 .text          0x010001b8       0x4c ../tester_sdcard_bsp//obj/HAL/src/crt0.o
                0x010001b8                _start
 .text          0x01000204      0x114 obj/default/hello_world.o
                0x01000204                main
 .text          0x01000318       0xb4 c:/altera/13.0sp1/nios2eds/bin/gnu/h-i686-mingw32/bin/../lib/gcc/nios2-elf/4.1.2/../../../../nios2-elf/lib\libc.a(lib_a-puts.o)
                0x01000318                _puts_r
                0x010003b8                puts
 .text          0x010003cc       0x74 c:/altera/13.0sp1/nios2eds/bin/gnu/h-i686-mingw32/bin/../lib/gcc/nios2-elf/4.1.2/../../../../nios2-elf/lib\libc.a(lib_a-strlen.o)
                0x010003cc                strlen
 .text          0x01000440      0x49c c:/altera/13.0sp1/nios2eds/bin/gnu/h-i686-mingw32/bin/../lib/gcc/nios2-elf/4.1.2/../../../../nios2-elf/lib\libc.a(lib_a-fvwrite.o)
                0x01000440                __sfvwrite_r
 .text          0x010008dc        0x0 c:/altera/13.0sp1/nios2eds/bin/gnu/h-i686-mingw32/bin/../lib/gcc/nios2-elf/4.1.2/../../../../nios2-elf/lib\libc.a(lib_a-impure.o)
 .text          0x010008dc      0x740 c:/altera/13.0sp1/nios2eds/bin/gnu/h-i686-mingw32/bin/../lib/gcc/nios2-elf/4.1.2/../../../../nios2-elf/lib\libc.a(lib_a-mallocr.o)
                0x010008dc                _malloc_r
 .text          0x0100101c       0xe4 c:/altera/13.0sp1/nios2eds/bin/gnu/h-i686-mingw32/bin/../lib/gcc/nios2-elf/4.1.2/../../../../nios2-elf/lib\libc.a(lib_a-memchr.o)
                0x0100101c                memchr
 .text          0x01001100       0xa0 c:/altera/13.0sp1/nios2eds/bin/gnu/h-i686-mingw32/bin/../lib/gcc/nios2-elf/4.1.2/../../../../nios2-elf/lib\libc.a(lib_a-memcpy.o)
                0x01001100                memcpy
 .text          0x010011a0       0xe0 c:/altera/13.0sp1/nios2eds/bin/gnu/h-i686-mingw32/bin/../lib/gcc/nios2-elf/4.1.2/../../../../nios2-elf/lib\libc.a(lib_a-memmove.o)
                0x010011a0                memmove
 .text          0x01001280      0x5f4 c:/altera/13.0sp1/nios2eds/bin/gnu/h-i686-mingw32/bin/../lib/gcc/nios2-elf/4.1.2/../../../../nios2-elf/lib\libc.a(lib_a-reallocr.o)
                0x01001280                _realloc_r
 .text          0x01001874       0x70 c:/altera/13.0sp1/nios2eds/bin/gnu/h-i686-mingw32/bin/../lib/gcc/nios2-elf/4.1.2/../../../../nios2-elf/lib\libc.a(lib_a-sbrkr.o)
                0x01001874                _sbrk_r
 .text          0x010018e4      0x13c c:/altera/13.0sp1/nios2eds/bin/gnu/h-i686-mingw32/bin/../lib/gcc/nios2-elf/4.1.2/../../../../nios2-elf/lib\libc.a(lib_a-wsetup.o)
                0x010018e4                __swsetup_r
 .text          0x01001a20      0x230 c:/altera/13.0sp1/nios2eds/bin/gnu/h-i686-mingw32/bin/../lib/gcc/nios2-elf/4.1.2/../../../../nios2-elf/lib\libc.a(lib_a-fflush.o)
                0x01001a20                _fflush_r
                0x01001c1c                fflush
 .text          0x01001c50      0x2c0 c:/altera/13.0sp1/nios2eds/bin/gnu/h-i686-mingw32/bin/../lib/gcc/nios2-elf/4.1.2/../../../../nios2-elf/lib\libc.a(lib_a-findfp.o)
                0x01001ca8                __sfp_lock_acquire
                0x01001cac                __sfp_lock_release
                0x01001cb0                __sinit_lock_acquire
                0x01001cb4                __sinit_lock_release
                0x01001cb8                __sinit
                0x01001d6c                __fp_unlock_all
                0x01001d84                __fp_lock_all
                0x01001d9c                _cleanup_r
                0x01001da8                _cleanup
                0x01001db8                __sfmoreglue
                0x01001e20                __sfp
 .text          0x01001f10      0x440 c:/altera/13.0sp1/nios2eds/bin/gnu/h-i686-mingw32/bin/../lib/gcc/nios2-elf/4.1.2/../../../../nios2-elf/lib\libc.a(lib_a-freer.o)
                0x01001f10                _malloc_trim_r
                0x0100203c                _free_r
 .text          0x01002350      0x180 c:/altera/13.0sp1/nios2eds/bin/gnu/h-i686-mingw32/bin/../lib/gcc/nios2-elf/4.1.2/../../../../nios2-elf/lib\libc.a(lib_a-fwalk.o)
                0x01002350                _fwalk_reent
                0x01002418                _fwalk
 .text          0x010024d0        0x0 c:/altera/13.0sp1/nios2eds/bin/gnu/h-i686-mingw32/bin/../lib/gcc/nios2-elf/4.1.2/../../../../nios2-elf/lib\libc.a(lib_a-int_errno.o)
 .text          0x010024d0      0x194 c:/altera/13.0sp1/nios2eds/bin/gnu/h-i686-mingw32/bin/../lib/gcc/nios2-elf/4.1.2/../../../../nios2-elf/lib\libc.a(lib_a-makebuf.o)
                0x010024d0                __smakebuf_r
 .text          0x01002664       0x98 c:/altera/13.0sp1/nios2eds/bin/gnu/h-i686-mingw32/bin/../lib/gcc/nios2-elf/4.1.2/../../../../nios2-elf/lib\libc.a(lib_a-memset.o)
                0x01002664                memset
 .text          0x010026fc      0x14c c:/altera/13.0sp1/nios2eds/bin/gnu/h-i686-mingw32/bin/../lib/gcc/nios2-elf/4.1.2/../../../../nios2-elf/lib\libc.a(lib_a-stdio.o)
                0x010026fc                __sclose
                0x01002704                __sseek
                0x0100276c                __swrite
                0x010027e8                __sread
 .text          0x01002848       0x78 c:/altera/13.0sp1/nios2eds/bin/gnu/h-i686-mingw32/bin/../lib/gcc/nios2-elf/4.1.2/../../../../nios2-elf/lib\libc.a(lib_a-writer.o)
                0x01002848                _write_r
 .text          0x010028c0       0x70 c:/altera/13.0sp1/nios2eds/bin/gnu/h-i686-mingw32/bin/../lib/gcc/nios2-elf/4.1.2/../../../../nios2-elf/lib\libc.a(lib_a-closer.o)
                0x010028c0                _close_r
 .text          0x01002930      0x124 c:/altera/13.0sp1/nios2eds/bin/gnu/h-i686-mingw32/bin/../lib/gcc/nios2-elf/4.1.2/../../../../nios2-elf/lib\libc.a(lib_a-fclose.o)
                0x01002930                _fclose_r
                0x01002a40                fclose
 .text          0x01002a54       0x74 c:/altera/13.0sp1/nios2eds/bin/gnu/h-i686-mingw32/bin/../lib/gcc/nios2-elf/4.1.2/../../../../nios2-elf/lib\libc.a(lib_a-fstatr.o)
                0x01002a54                _fstat_r
 .text          0x01002ac8       0x70 c:/altera/13.0sp1/nios2eds/bin/gnu/h-i686-mingw32/bin/../lib/gcc/nios2-elf/4.1.2/../../../../nios2-elf/lib\libc.a(lib_a-isattyr.o)
                0x01002ac8                _isatty_r
 .text          0x01002b38       0x78 c:/altera/13.0sp1/nios2eds/bin/gnu/h-i686-mingw32/bin/../lib/gcc/nios2-elf/4.1.2/../../../../nios2-elf/lib\libc.a(lib_a-lseekr.o)
                0x01002b38                _lseek_r
 .text          0x01002bb0       0x78 c:/altera/13.0sp1/nios2eds/bin/gnu/h-i686-mingw32/bin/../lib/gcc/nios2-elf/4.1.2/../../../../nios2-elf/lib\libc.a(lib_a-readr.o)
                0x01002bb0                _read_r
 .text          0x01002c28      0x15c ../tester_sdcard_bsp/\libhal_bsp.a(alt_close.o)
                0x01002c28                close
 .text          0x01002d84       0x2c ../tester_sdcard_bsp/\libhal_bsp.a(alt_dev.o)
 .text          0x01002db0        0x0 ../tester_sdcard_bsp/\libhal_bsp.a(alt_errno.o)
 .text          0x01002db0      0x134 ../tester_sdcard_bsp/\libhal_bsp.a(alt_fstat.o)
                0x01002db0                fstat
 .text          0x01002ee4      0x120 ../tester_sdcard_bsp/\libhal_bsp.a(alt_isatty.o)
                0x01002ee4                isatty
 .text          0x01003004       0xec ../tester_sdcard_bsp/\libhal_bsp.a(alt_load.o)
                0x01003004                alt_load
 .text          0x010030f0      0x150 ../tester_sdcard_bsp/\libhal_bsp.a(alt_lseek.o)
                0x010030f0                lseek
 .text          0x01003240       0x6c ../tester_sdcard_bsp/\libhal_bsp.a(alt_main.o)
                0x01003240                alt_main
 .text          0x010032ac       0x40 ../tester_sdcard_bsp/\libhal_bsp.a(alt_malloc_lock.o)
                0x010032ac                __malloc_lock
                0x010032cc                __malloc_unlock
 .text          0x010032ec      0x180 ../tester_sdcard_bsp/\libhal_bsp.a(alt_read.o)
                0x010032ec                read
 .text          0x0100346c       0x60 ../tester_sdcard_bsp/\libhal_bsp.a(alt_release_fd.o)
                0x0100346c                alt_release_fd
 .text          0x010034cc       0xbc ../tester_sdcard_bsp/\libhal_bsp.a(alt_sbrk.o)
                0x010034cc                sbrk
 .text          0x01003588      0x180 ../tester_sdcard_bsp/\libhal_bsp.a(alt_write.o)
                0x01003588                write
 .text          0x01003708      0x3c0 ../tester_sdcard_bsp/\libhal_bsp.a(alt_sys_init.o)
                0x01003708                alt_irq_init
                0x0100373c                alt_sys_init
 .text          0x01003ac8      0x148 ../tester_sdcard_bsp/\libhal_bsp.a(altera_avalon_jtag_uart_fd.o)
                0x01003ac8                altera_avalon_jtag_uart_read_fd
                0x01003b20                altera_avalon_jtag_uart_write_fd
                0x01003b78                altera_avalon_jtag_uart_close_fd
                0x01003bc0                altera_avalon_jtag_uart_ioctl_fd
 .text          0x01003c10      0x408 ../tester_sdcard_bsp/\libhal_bsp.a(altera_avalon_jtag_uart_init.o)
                0x01003c10                altera_avalon_jtag_uart_init
                0x01003fa4                altera_avalon_jtag_uart_close
 .text          0x01004018       0xf4 ../tester_sdcard_bsp/\libhal_bsp.a(altera_avalon_jtag_uart_ioctl.o)
                0x01004018                altera_avalon_jtag_uart_ioctl
 .text          0x0100410c      0x224 ../tester_sdcard_bsp/\libhal_bsp.a(altera_avalon_jtag_uart_read.o)
                0x0100410c                altera_avalon_jtag_uart_read
 .text          0x01004330      0x240 ../tester_sdcard_bsp/\libhal_bsp.a(altera_avalon_jtag_uart_write.o)
                0x01004330                altera_avalon_jtag_uart_write
 .text          0x01004570       0xfc ../tester_sdcard_bsp/\libhal_bsp.a(altera_avalon_timer_sc.o)
                0x010045e4                alt_avalon_timer_sc_init
 .text          0x0100466c      0x530 ../tester_sdcard_bsp/\libhal_bsp.a(altera_up_avalon_character_lcd.o)
                0x0100466c                get_DDRAM_addr
                0x010046e8                alt_up_character_lcd_send_cmd
                0x0100471c                alt_up_character_lcd_init
                0x01004750                alt_up_character_lcd_open_dev
                0x01004790                alt_up_character_lcd_write
                0x01004808                alt_up_character_lcd_string
                0x01004880                alt_up_character_lcd_write_fd
                0x010048cc                alt_up_character_lcd_set_cursor_pos
                0x01004944                alt_up_character_lcd_shift_cursor
                0x010049f4                alt_up_character_lcd_shift_display
                0x01004aa4                alt_up_character_lcd_erase_pos
                0x01004b34                alt_up_character_lcd_cursor_off
                0x01004b68                alt_up_character_lcd_cursor_blink_on
 .text          0x01004b9c      0x700 ../tester_sdcard_bsp/\libhal_bsp.a(altera_up_avalon_ps2.o)
                0x01004b9c                read_RI_bit
                0x01004bd0                read_RE_bit
                0x01004c00                read_CE_bit
                0x01004c34                read_num_bytes_available
                0x01004c68                read_data_valid
                0x01004c9c                read_data_byte
                0x01004cc8                alt_up_ps2_init
                0x01004d94                alt_up_ps2_enable_read_interrupt
                0x01004de8                alt_up_ps2_disable_read_interrupt
                0x01004e40                alt_up_ps2_write_data_byte
                0x01004eb8                alt_up_ps2_wait_for_ack
                0x01004f28                alt_up_ps2_write_data_byte_with_ack
                0x01004f94                alt_up_ps2_read_data_byte_timeout
                0x01005044                alt_up_ps2_read_data_byte
                0x010050c0                alt_up_ps2_clear_fifo
                0x01005118                alt_up_ps2_read_fd
                0x010051b4                alt_up_ps2_write_fd
                0x0100525c                alt_up_ps2_open_dev
 .text          0x0100529c      0x304 ../tester_sdcard_bsp/\libhal_bsp.a(altera_up_avalon_video_character_buffer_with_dma.o)
                0x0100529c                alt_up_char_buffer_init
                0x01005320                alt_up_char_buffer_open_dev
                0x01005360                alt_up_char_buffer_draw
                0x01005430                alt_up_char_buffer_string
                0x01005544                alt_up_char_buffer_clear
 .text          0x010055a0     0x156c ../tester_sdcard_bsp/\libhal_bsp.a(altera_up_avalon_video_pixel_buffer_dma.o)
                0x010055a0                alt_up_pixel_buffer_dma_open_dev
                0x010055e0                alt_up_pixel_buffer_dma_draw
                0x01005780                alt_up_pixel_buffer_dma_change_back_buffer_address
                0x010057d8                alt_up_pixel_buffer_dma_swap_buffers
                0x01005830                alt_up_pixel_buffer_dma_check_swap_buffers_status
                0x01005864                alt_up_pixel_buffer_dma_clear_screen
                0x010059c8                alt_up_pixel_buffer_dma_draw_box
                0x01005ebc                alt_up_pixel_buffer_dma_draw_hline
                0x0100620c                alt_up_pixel_buffer_dma_draw_vline
                0x010065dc                alt_up_pixel_buffer_dma_draw_rectangle
                0x010066a0                helper_plot_pixel
                0x01006770                alt_up_pixel_buffer_dma_draw_line
 .text          0x01006b0c      0x154 ../tester_sdcard_bsp/\libhal_bsp.a(alt_alarm_start.o)
                0x01006b0c                alt_alarm_start
 .text          0x01006c60       0x44 ../tester_sdcard_bsp/\libhal_bsp.a(alt_dcache_flush_all.o)
                0x01006c60                alt_dcache_flush_all
 .text          0x01006ca4      0x114 ../tester_sdcard_bsp/\libhal_bsp.a(alt_dev_llist_insert.o)
                0x01006ca4                alt_dev_llist_insert
 .text          0x01006db8       0x64 ../tester_sdcard_bsp/\libhal_bsp.a(alt_do_ctors.o)
                0x01006db8                _do_ctors
 .text          0x01006e1c       0x64 ../tester_sdcard_bsp/\libhal_bsp.a(alt_do_dtors.o)
                0x01006e1c                _do_dtors
 .text          0x01006e80       0x94 ../tester_sdcard_bsp/\libhal_bsp.a(alt_find_dev.o)
                0x01006e80                alt_find_dev
 .text          0x01006f14       0x30 ../tester_sdcard_bsp/\libhal_bsp.a(alt_icache_flush_all.o)
                0x01006f14                alt_icache_flush_all
 .text          0x01006f44      0x13c ../tester_sdcard_bsp/\libhal_bsp.a(alt_io_redirect.o)
                0x01007008                alt_io_redirect
 .text          0x01007080      0x1c0 ../tester_sdcard_bsp/\libhal_bsp.a(alt_irq_register.o)
                0x01007080                alt_irq_register
 .text          0x01007240        0x0 ../tester_sdcard_bsp/\libhal_bsp.a(alt_irq_vars.o)
 .text          0x01007240      0x2c4 ../tester_sdcard_bsp/\libhal_bsp.a(alt_open.o)
                0x0100731c                open
 .text          0x01007504      0x1a4 ../tester_sdcard_bsp/\libhal_bsp.a(alt_tick.o)
                0x01007504                alt_alarm_stop
                0x0100759c                alt_tick
 .text          0x010076a8       0x20 ../tester_sdcard_bsp/\libhal_bsp.a(altera_nios2_qsys_irq.o)
                0x010076a8                altera_nios2_qsys_irq_init
 .text          0x010076c8      0x120 ../tester_sdcard_bsp/\libhal_bsp.a(alt_find_file.o)
                0x010076c8                alt_find_file
 .text          0x010077e8       0xb8 ../tester_sdcard_bsp/\libhal_bsp.a(alt_get_fd.o)
                0x010077e8                alt_get_fd
 .text          0x010078a0       0x90 ../tester_sdcard_bsp/\libhal_bsp.a(alt_icache_flush.o)
                0x010078a0                alt_icache_flush
 .text          0x01007930        0x0 ../tester_sdcard_bsp/\libhal_bsp.a(alt_irq_entry.o)
 .text          0x01007930        0x0 ../tester_sdcard_bsp/\libhal_bsp.a(alt_irq_handler.o)
 .text          0x01007930        0x0 ../tester_sdcard_bsp/\libhal_bsp.a(alt_exception_entry.o)
 .text          0x01007930       0x14 c:/altera/13.0sp1/nios2eds/bin/gnu/h-i686-mingw32/bin/../lib/gcc/nios2-elf/4.1.2/../../../../nios2-elf/lib\libc.a(lib_a-atexit.o)
                0x01007930                atexit
 .text          0x01007944       0x38 c:/altera/13.0sp1/nios2eds/bin/gnu/h-i686-mingw32/bin/../lib/gcc/nios2-elf/4.1.2/../../../../nios2-elf/lib\libc.a(lib_a-exit.o)
                0x01007944                exit
 .text          0x0100797c       0x74 c:/altera/13.0sp1/nios2eds/bin/gnu/h-i686-mingw32/bin/../lib/gcc/nios2-elf/4.1.2/../../../../nios2-elf/lib\libc.a(lib_a-memcmp.o)
                0x0100797c                memcmp
 .text          0x010079f0       0xbc c:/altera/13.0sp1/nios2eds/bin/gnu/h-i686-mingw32/bin/../lib/gcc/nios2-elf/4.1.2/../../../../nios2-elf/lib\libc.a(lib_a-strcmp.o)
                0x010079f0                strcmp
 .text          0x01007aac      0x134 c:/altera/13.0sp1/nios2eds/bin/gnu/h-i686-mingw32/bin/../lib/gcc/nios2-elf/4.1.2/../../../../nios2-elf/lib\libc.a(lib_a-__atexit.o)
                0x01007aac                __register_exitproc
 .text          0x01007be0      0x1b4 c:/altera/13.0sp1/nios2eds/bin/gnu/h-i686-mingw32/bin/../lib/gcc/nios2-elf/4.1.2/../../../../nios2-elf/lib\libc.a(lib_a-__call_atexit.o)
                0x01007be4                __call_exitprocs
 .text          0x01007d94       0x60 ../tester_sdcard_bsp/\libhal_bsp.a(alt_exit.o)
                0x01007dd4                _exit
 *(.gnu.warning.*)
 *(.fini)
                0x01007df4                PROVIDE (__etext, ABSOLUTE (.))
                0x01007df4                PROVIDE (_etext, ABSOLUTE (.))
                0x01007df4                PROVIDE (etext, ABSOLUTE (.))
 *(.eh_frame_hdr)
                0x01007df4                . = ALIGN (0x4)
                0x01007df4                PROVIDE (__preinit_array_start, ABSOLUTE (.))
 *(.preinit_array)
                0x01007df4                PROVIDE (__preinit_array_end, ABSOLUTE (.))
                0x01007df4                PROVIDE (__init_array_start, ABSOLUTE (.))
 *(.init_array)
                0x01007df4                PROVIDE (__init_array_end, ABSOLUTE (.))
                0x01007df4                PROVIDE (__fini_array_start, ABSOLUTE (.))
 *(.fini_array)
                0x01007df4                PROVIDE (__fini_array_end, ABSOLUTE (.))
 *(.eh_frame)
 *(.gcc_except_table)
 *(.dynamic)
                0x01007df4                PROVIDE (__CTOR_LIST__, ABSOLUTE (.))
 *(.ctors)
 *(SORT(.ctors.*))
 .ctors.65535   0x01007df4        0x4 c:/altera/13.0sp1/nios2eds/bin/gnu/h-i686-mingw32/bin/../lib/gcc/nios2-elf/4.1.2/../../../../nios2-elf/lib\libc.a(lib_a-__call_atexit.o)
                0x01007df8                PROVIDE (__CTOR_END__, ABSOLUTE (.))
                0x01007df8                PROVIDE (__DTOR_LIST__, ABSOLUTE (.))
 *(.dtors)
 *(SORT(.dtors.*))
                0x01007df8                PROVIDE (__DTOR_END__, ABSOLUTE (.))
 *(.jcr)
                0x01007df8                . = ALIGN (0x4)

.rodata         0x01007df8      0x188
                0x01007df8                PROVIDE (__ram_rodata_start, ABSOLUTE (.))
                0x01007df8                . = ALIGN (0x4)
 *(.rodata .rodata.* .gnu.linkonce.r.*)
 .rodata        0x01007df8       0x84 obj/default/hello_world.o
 .rodata.str1.4
                0x01007e7c        0x2 c:/altera/13.0sp1/nios2eds/bin/gnu/h-i686-mingw32/bin/../lib/gcc/nios2-elf/4.1.2/../../../../nios2-elf/lib\libc.a(lib_a-puts.o)
                                  0x4 (size before relaxing)
 *fill*         0x01007e7e        0x2 00
 .rodata.str1.4
                0x01007e80        0x4 c:/altera/13.0sp1/nios2eds/bin/gnu/h-i686-mingw32/bin/../lib/gcc/nios2-elf/4.1.2/../../../../nios2-elf/lib\libc.a(lib_a-impure.o)
 .rodata        0x01007e84        0xc ../tester_sdcard_bsp/\libhal_bsp.a(alt_dev.o)
 .rodata        0x01007e90        0xc ../tester_sdcard_bsp/\libhal_bsp.a(alt_main.o)
 .rodata        0x01007e9c       0xc8 ../tester_sdcard_bsp/\libhal_bsp.a(alt_sys_init.o)
 .rodata        0x01007f64       0x1c ../tester_sdcard_bsp/\libhal_bsp.a(altera_up_avalon_video_character_buffer_with_dma.o)
 *(.rodata1)
                0x01007f80                . = ALIGN (0x4)
                0x01007f80                PROVIDE (__ram_rodata_end, ABSOLUTE (.))
                0x01007df8                PROVIDE (__flash_rodata_start, LOADADDR (.rodata))

.rwdata         0x01007f80     0x1ba4 load address 0x01009b24
                0x01007f80                PROVIDE (__ram_rwdata_start, ABSOLUTE (.))
                0x01007f80                . = ALIGN (0x4)
 *(.got.plt)
 *(.got)
 *(.data1)
 *(.data .data.* .gnu.linkonce.d.*)
 .data          0x01007f80        0x0 ../tester_sdcard_bsp//obj/HAL/src/crt0.o
 .data          0x01007f80        0x0 obj/default/hello_world.o
 .data          0x01007f80        0x0 c:/altera/13.0sp1/nios2eds/bin/gnu/h-i686-mingw32/bin/../lib/gcc/nios2-elf/4.1.2/../../../../nios2-elf/lib\libc.a(lib_a-puts.o)
 .data          0x01007f80        0x0 c:/altera/13.0sp1/nios2eds/bin/gnu/h-i686-mingw32/bin/../lib/gcc/nios2-elf/4.1.2/../../../../nios2-elf/lib\libc.a(lib_a-strlen.o)
 .data          0x01007f80        0x0 c:/altera/13.0sp1/nios2eds/bin/gnu/h-i686-mingw32/bin/../lib/gcc/nios2-elf/4.1.2/../../../../nios2-elf/lib\libc.a(lib_a-fvwrite.o)
 .data          0x01007f80      0x400 c:/altera/13.0sp1/nios2eds/bin/gnu/h-i686-mingw32/bin/../lib/gcc/nios2-elf/4.1.2/../../../../nios2-elf/lib\libc.a(lib_a-impure.o)
 .data          0x01008380      0x408 c:/altera/13.0sp1/nios2eds/bin/gnu/h-i686-mingw32/bin/../lib/gcc/nios2-elf/4.1.2/../../../../nios2-elf/lib\libc.a(lib_a-mallocr.o)
                0x01008380                __malloc_av_
 .data          0x01008788        0x0 c:/altera/13.0sp1/nios2eds/bin/gnu/h-i686-mingw32/bin/../lib/gcc/nios2-elf/4.1.2/../../../../nios2-elf/lib\libc.a(lib_a-memchr.o)
 .data          0x01008788        0x0 c:/altera/13.0sp1/nios2eds/bin/gnu/h-i686-mingw32/bin/../lib/gcc/nios2-elf/4.1.2/../../../../nios2-elf/lib\libc.a(lib_a-memcpy.o)
 .data          0x01008788        0x0 c:/altera/13.0sp1/nios2eds/bin/gnu/h-i686-mingw32/bin/../lib/gcc/nios2-elf/4.1.2/../../../../nios2-elf/lib\libc.a(lib_a-memmove.o)
 .data          0x01008788        0x0 c:/altera/13.0sp1/nios2eds/bin/gnu/h-i686-mingw32/bin/../lib/gcc/nios2-elf/4.1.2/../../../../nios2-elf/lib\libc.a(lib_a-reallocr.o)
 .data          0x01008788        0x0 c:/altera/13.0sp1/nios2eds/bin/gnu/h-i686-mingw32/bin/../lib/gcc/nios2-elf/4.1.2/../../../../nios2-elf/lib\libc.a(lib_a-sbrkr.o)
 .data          0x01008788        0x0 c:/altera/13.0sp1/nios2eds/bin/gnu/h-i686-mingw32/bin/../lib/gcc/nios2-elf/4.1.2/../../../../nios2-elf/lib\libc.a(lib_a-wsetup.o)
 .data          0x01008788        0x0 c:/altera/13.0sp1/nios2eds/bin/gnu/h-i686-mingw32/bin/../lib/gcc/nios2-elf/4.1.2/../../../../nios2-elf/lib\libc.a(lib_a-fflush.o)
 .data          0x01008788        0x0 c:/altera/13.0sp1/nios2eds/bin/gnu/h-i686-mingw32/bin/../lib/gcc/nios2-elf/4.1.2/../../../../nios2-elf/lib\libc.a(lib_a-findfp.o)
 .data          0x01008788        0x0 c:/altera/13.0sp1/nios2eds/bin/gnu/h-i686-mingw32/bin/../lib/gcc/nios2-elf/4.1.2/../../../../nios2-elf/lib\libc.a(lib_a-freer.o)
 .data          0x01008788        0x0 c:/altera/13.0sp1/nios2eds/bin/gnu/h-i686-mingw32/bin/../lib/gcc/nios2-elf/4.1.2/../../../../nios2-elf/lib\libc.a(lib_a-fwalk.o)
 .data          0x01008788        0x0 c:/altera/13.0sp1/nios2eds/bin/gnu/h-i686-mingw32/bin/../lib/gcc/nios2-elf/4.1.2/../../../../nios2-elf/lib\libc.a(lib_a-int_errno.o)
 .data          0x01008788        0x0 c:/altera/13.0sp1/nios2eds/bin/gnu/h-i686-mingw32/bin/../lib/gcc/nios2-elf/4.1.2/../../../../nios2-elf/lib\libc.a(lib_a-makebuf.o)
 .data          0x01008788        0x0 c:/altera/13.0sp1/nios2eds/bin/gnu/h-i686-mingw32/bin/../lib/gcc/nios2-elf/4.1.2/../../../../nios2-elf/lib\libc.a(lib_a-memset.o)
 .data          0x01008788        0x0 c:/altera/13.0sp1/nios2eds/bin/gnu/h-i686-mingw32/bin/../lib/gcc/nios2-elf/4.1.2/../../../../nios2-elf/lib\libc.a(lib_a-stdio.o)
 .data          0x01008788        0x0 c:/altera/13.0sp1/nios2eds/bin/gnu/h-i686-mingw32/bin/../lib/gcc/nios2-elf/4.1.2/../../../../nios2-elf/lib\libc.a(lib_a-writer.o)
 .data          0x01008788        0x0 c:/altera/13.0sp1/nios2eds/bin/gnu/h-i686-mingw32/bin/../lib/gcc/nios2-elf/4.1.2/../../../../nios2-elf/lib\libc.a(lib_a-closer.o)
 .data          0x01008788        0x0 c:/altera/13.0sp1/nios2eds/bin/gnu/h-i686-mingw32/bin/../lib/gcc/nios2-elf/4.1.2/../../../../nios2-elf/lib\libc.a(lib_a-fclose.o)
 .data          0x01008788        0x0 c:/altera/13.0sp1/nios2eds/bin/gnu/h-i686-mingw32/bin/../lib/gcc/nios2-elf/4.1.2/../../../../nios2-elf/lib\libc.a(lib_a-fstatr.o)
 .data          0x01008788        0x0 c:/altera/13.0sp1/nios2eds/bin/gnu/h-i686-mingw32/bin/../lib/gcc/nios2-elf/4.1.2/../../../../nios2-elf/lib\libc.a(lib_a-isattyr.o)
 .data          0x01008788        0x0 c:/altera/13.0sp1/nios2eds/bin/gnu/h-i686-mingw32/bin/../lib/gcc/nios2-elf/4.1.2/../../../../nios2-elf/lib\libc.a(lib_a-lseekr.o)
 .data          0x01008788        0x0 c:/altera/13.0sp1/nios2eds/bin/gnu/h-i686-mingw32/bin/../lib/gcc/nios2-elf/4.1.2/../../../../nios2-elf/lib\libc.a(lib_a-readr.o)
 .data          0x01008788        0x0 ../tester_sdcard_bsp/\libhal_bsp.a(alt_close.o)
 .data          0x01008788      0x1a8 ../tester_sdcard_bsp/\libhal_bsp.a(alt_dev.o)
                0x01008788                alt_dev_null
                0x010087b0                alt_fd_list
 .data          0x01008930        0x0 ../tester_sdcard_bsp/\libhal_bsp.a(alt_errno.o)
 .data          0x01008930        0x0 ../tester_sdcard_bsp/\libhal_bsp.a(alt_fstat.o)
 .data          0x01008930        0x0 ../tester_sdcard_bsp/\libhal_bsp.a(alt_isatty.o)
 .data          0x01008930        0x0 ../tester_sdcard_bsp/\libhal_bsp.a(alt_load.o)
 .data          0x01008930        0x0 ../tester_sdcard_bsp/\libhal_bsp.a(alt_lseek.o)
 .data          0x01008930        0x0 ../tester_sdcard_bsp/\libhal_bsp.a(alt_main.o)
 .data          0x01008930        0x0 ../tester_sdcard_bsp/\libhal_bsp.a(alt_malloc_lock.o)
 .data          0x01008930        0x0 ../tester_sdcard_bsp/\libhal_bsp.a(alt_read.o)
 .data          0x01008930        0x0 ../tester_sdcard_bsp/\libhal_bsp.a(alt_release_fd.o)
 .data          0x01008930        0x0 ../tester_sdcard_bsp/\libhal_bsp.a(alt_sbrk.o)
 .data          0x01008930        0x0 ../tester_sdcard_bsp/\libhal_bsp.a(alt_write.o)
 .data          0x01008930     0x11bc ../tester_sdcard_bsp/\libhal_bsp.a(alt_sys_init.o)
 .data          0x01009aec        0x0 ../tester_sdcard_bsp/\libhal_bsp.a(altera_avalon_jtag_uart_fd.o)
 .data          0x01009aec        0x0 ../tester_sdcard_bsp/\libhal_bsp.a(altera_avalon_jtag_uart_init.o)
 .data          0x01009aec        0x0 ../tester_sdcard_bsp/\libhal_bsp.a(altera_avalon_jtag_uart_ioctl.o)
 .data          0x01009aec        0x0 ../tester_sdcard_bsp/\libhal_bsp.a(altera_avalon_jtag_uart_read.o)
 .data          0x01009aec        0x0 ../tester_sdcard_bsp/\libhal_bsp.a(altera_avalon_jtag_uart_write.o)
 .data          0x01009aec        0x0 ../tester_sdcard_bsp/\libhal_bsp.a(altera_avalon_timer_sc.o)
 .data          0x01009aec        0x0 ../tester_sdcard_bsp/\libhal_bsp.a(altera_up_avalon_character_lcd.o)
 .data          0x01009aec        0x0 ../tester_sdcard_bsp/\libhal_bsp.a(altera_up_avalon_ps2.o)
 .data          0x01009aec        0x0 ../tester_sdcard_bsp/\libhal_bsp.a(altera_up_avalon_video_character_buffer_with_dma.o)
 .data          0x01009aec        0x0 ../tester_sdcard_bsp/\libhal_bsp.a(altera_up_avalon_video_pixel_buffer_dma.o)
 .data          0x01009aec        0x0 ../tester_sdcard_bsp/\libhal_bsp.a(alt_alarm_start.o)
 .data          0x01009aec        0x0 ../tester_sdcard_bsp/\libhal_bsp.a(alt_dcache_flush_all.o)
 .data          0x01009aec        0x0 ../tester_sdcard_bsp/\libhal_bsp.a(alt_dev_llist_insert.o)
 .data          0x01009aec        0x0 ../tester_sdcard_bsp/\libhal_bsp.a(alt_do_ctors.o)
 .data          0x01009aec        0x0 ../tester_sdcard_bsp/\libhal_bsp.a(alt_do_dtors.o)
 .data          0x01009aec        0x0 ../tester_sdcard_bsp/\libhal_bsp.a(alt_find_dev.o)
 .data          0x01009aec        0x0 ../tester_sdcard_bsp/\libhal_bsp.a(alt_icache_flush_all.o)
 .data          0x01009aec        0x0 ../tester_sdcard_bsp/\libhal_bsp.a(alt_io_redirect.o)
 .data          0x01009aec        0x0 ../tester_sdcard_bsp/\libhal_bsp.a(alt_irq_register.o)
 .data          0x01009aec        0x0 ../tester_sdcard_bsp/\libhal_bsp.a(alt_irq_vars.o)
 .data          0x01009aec        0x0 ../tester_sdcard_bsp/\libhal_bsp.a(alt_open.o)
 .data          0x01009aec        0x0 ../tester_sdcard_bsp/\libhal_bsp.a(alt_tick.o)
 .data          0x01009aec        0x0 ../tester_sdcard_bsp/\libhal_bsp.a(altera_nios2_qsys_irq.o)
 .data          0x01009aec        0x0 ../tester_sdcard_bsp/\libhal_bsp.a(alt_find_file.o)
 .data          0x01009aec        0x0 ../tester_sdcard_bsp/\libhal_bsp.a(alt_get_fd.o)
 .data          0x01009aec        0x0 ../tester_sdcard_bsp/\libhal_bsp.a(alt_icache_flush.o)
 .data          0x01009aec        0x0 ../tester_sdcard_bsp/\libhal_bsp.a(alt_irq_entry.o)
 .data          0x01009aec        0x0 ../tester_sdcard_bsp/\libhal_bsp.a(alt_irq_handler.o)
 .data          0x01009aec        0x0 ../tester_sdcard_bsp/\libhal_bsp.a(alt_exception_entry.o)
 .data          0x01009aec        0x0 c:/altera/13.0sp1/nios2eds/bin/gnu/h-i686-mingw32/bin/../lib/gcc/nios2-elf/4.1.2/../../../../nios2-elf/lib\libc.a(lib_a-atexit.o)
 .data          0x01009aec        0x0 c:/altera/13.0sp1/nios2eds/bin/gnu/h-i686-mingw32/bin/../lib/gcc/nios2-elf/4.1.2/../../../../nios2-elf/lib\libc.a(lib_a-exit.o)
 .data          0x01009aec        0x0 c:/altera/13.0sp1/nios2eds/bin/gnu/h-i686-mingw32/bin/../lib/gcc/nios2-elf/4.1.2/../../../../nios2-elf/lib\libc.a(lib_a-memcmp.o)
 .data          0x01009aec        0x0 c:/altera/13.0sp1/nios2eds/bin/gnu/h-i686-mingw32/bin/../lib/gcc/nios2-elf/4.1.2/../../../../nios2-elf/lib\libc.a(lib_a-strcmp.o)
 .data          0x01009aec        0x0 c:/altera/13.0sp1/nios2eds/bin/gnu/h-i686-mingw32/bin/../lib/gcc/nios2-elf/4.1.2/../../../../nios2-elf/lib\libc.a(lib_a-__atexit.o)
 .data          0x01009aec        0x0 c:/altera/13.0sp1/nios2eds/bin/gnu/h-i686-mingw32/bin/../lib/gcc/nios2-elf/4.1.2/../../../../nios2-elf/lib\libc.a(lib_a-__call_atexit.o)
 .data          0x01009aec        0x0 ../tester_sdcard_bsp/\libhal_bsp.a(alt_exit.o)
                0x01011aec                _gp = ABSOLUTE ((. + 0x8000))
                0x01011aec                PROVIDE (gp, _gp)
 *(.rwdata .rwdata.*)
 *(.sdata .sdata.* .gnu.linkonce.s.*)
 .sdata         0x01009aec        0x8 c:/altera/13.0sp1/nios2eds/bin/gnu/h-i686-mingw32/bin/../lib/gcc/nios2-elf/4.1.2/../../../../nios2-elf/lib\libc.a(lib_a-impure.o)
                0x01009aec                _impure_ptr
                0x01009af0                _global_impure_ptr
 .sdata         0x01009af4        0x8 c:/altera/13.0sp1/nios2eds/bin/gnu/h-i686-mingw32/bin/../lib/gcc/nios2-elf/4.1.2/../../../../nios2-elf/lib\libc.a(lib_a-mallocr.o)
                0x01009af4                __malloc_trim_threshold
                0x01009af8                __malloc_sbrk_base
 .sdata         0x01009afc       0x14 ../tester_sdcard_bsp/\libhal_bsp.a(alt_dev.o)
                0x01009afc                alt_fs_list
                0x01009b04                alt_dev_list
                0x01009b0c                alt_max_fd
 .sdata         0x01009b10        0x4 ../tester_sdcard_bsp/\libhal_bsp.a(alt_errno.o)
                0x01009b10                alt_errno
 .sdata         0x01009b14        0x4 ../tester_sdcard_bsp/\libhal_bsp.a(alt_sbrk.o)
 .sdata         0x01009b18        0x4 ../tester_sdcard_bsp/\libhal_bsp.a(alt_irq_vars.o)
                0x01009b18                alt_priority_mask
 .sdata         0x01009b1c        0x8 ../tester_sdcard_bsp/\libhal_bsp.a(alt_tick.o)
                0x01009b1c                alt_alarm_list
 *(.sdata2 .sdata2.* .gnu.linkonce.s2.*)
                0x01009b24                . = ALIGN (0x4)
                0x01009b24                _edata = ABSOLUTE (.)
                0x01009b24                PROVIDE (edata, ABSOLUTE (.))
                0x01009b24                PROVIDE (__ram_rwdata_end, ABSOLUTE (.))
                0x01009b24                PROVIDE (__flash_rwdata_start, LOADADDR (.rwdata))

.bss            0x0100b6c8      0x2e0
                0x0100b6c8                __bss_start = ABSOLUTE (.)
                0x0100b6c8                PROVIDE (__sbss_start, ABSOLUTE (.))
                0x0100b6c8                PROVIDE (___sbss_start, ABSOLUTE (.))
 *(.dynsbss)
 *(.sbss .sbss.* .gnu.linkonce.sb.*)
 .sbss          0x0100b6c8        0xc c:/altera/13.0sp1/nios2eds/bin/gnu/h-i686-mingw32/bin/../lib/gcc/nios2-elf/4.1.2/../../../../nios2-elf/lib\libc.a(lib_a-mallocr.o)
                0x0100b6c8                __malloc_top_pad
                0x0100b6cc                __malloc_max_sbrked_mem
                0x0100b6d0                __malloc_max_total_mem
 .sbss          0x0100b6d4        0x4 c:/altera/13.0sp1/nios2eds/bin/gnu/h-i686-mingw32/bin/../lib/gcc/nios2-elf/4.1.2/../../../../nios2-elf/lib\libc.a(lib_a-int_errno.o)
                0x0100b6d4                errno
 .sbss          0x0100b6d8        0xc ../tester_sdcard_bsp/\libhal_bsp.a(alt_main.o)
                0x0100b6d8                alt_argc
                0x0100b6dc                alt_argv
                0x0100b6e0                alt_envp
 .sbss          0x0100b6e4        0x4 ../tester_sdcard_bsp/\libhal_bsp.a(alt_irq_vars.o)
                0x0100b6e4                alt_irq_active
 .sbss          0x0100b6e8        0x8 ../tester_sdcard_bsp/\libhal_bsp.a(alt_tick.o)
                0x0100b6e8                _alt_tick_rate
                0x0100b6ec                _alt_nticks
 *(.sbss2 .sbss2.* .gnu.linkonce.sb2.*)
 *(.scommon)
                0x0100b6f0                PROVIDE (__sbss_end, ABSOLUTE (.))
                0x0100b6f0                PROVIDE (___sbss_end, ABSOLUTE (.))
 *(.dynbss)
 *(.bss .bss.* .gnu.linkonce.b.*)
 .bss           0x0100b6f0        0x0 ../tester_sdcard_bsp//obj/HAL/src/crt0.o
 .bss           0x0100b6f0        0x0 obj/default/hello_world.o
 .bss           0x0100b6f0        0x0 c:/altera/13.0sp1/nios2eds/bin/gnu/h-i686-mingw32/bin/../lib/gcc/nios2-elf/4.1.2/../../../../nios2-elf/lib\libc.a(lib_a-puts.o)
 .bss           0x0100b6f0        0x0 c:/altera/13.0sp1/nios2eds/bin/gnu/h-i686-mingw32/bin/../lib/gcc/nios2-elf/4.1.2/../../../../nios2-elf/lib\libc.a(lib_a-strlen.o)
 .bss           0x0100b6f0        0x0 c:/altera/13.0sp1/nios2eds/bin/gnu/h-i686-mingw32/bin/../lib/gcc/nios2-elf/4.1.2/../../../../nios2-elf/lib\libc.a(lib_a-fvwrite.o)
 .bss           0x0100b6f0        0x0 c:/altera/13.0sp1/nios2eds/bin/gnu/h-i686-mingw32/bin/../lib/gcc/nios2-elf/4.1.2/../../../../nios2-elf/lib\libc.a(lib_a-impure.o)
 .bss           0x0100b6f0       0x28 c:/altera/13.0sp1/nios2eds/bin/gnu/h-i686-mingw32/bin/../lib/gcc/nios2-elf/4.1.2/../../../../nios2-elf/lib\libc.a(lib_a-mallocr.o)
                0x0100b6f0                __malloc_current_mallinfo
 .bss           0x0100b718        0x0 c:/altera/13.0sp1/nios2eds/bin/gnu/h-i686-mingw32/bin/../lib/gcc/nios2-elf/4.1.2/../../../../nios2-elf/lib\libc.a(lib_a-memchr.o)
 .bss           0x0100b718        0x0 c:/altera/13.0sp1/nios2eds/bin/gnu/h-i686-mingw32/bin/../lib/gcc/nios2-elf/4.1.2/../../../../nios2-elf/lib\libc.a(lib_a-memcpy.o)
 .bss           0x0100b718        0x0 c:/altera/13.0sp1/nios2eds/bin/gnu/h-i686-mingw32/bin/../lib/gcc/nios2-elf/4.1.2/../../../../nios2-elf/lib\libc.a(lib_a-memmove.o)
 .bss           0x0100b718        0x0 c:/altera/13.0sp1/nios2eds/bin/gnu/h-i686-mingw32/bin/../lib/gcc/nios2-elf/4.1.2/../../../../nios2-elf/lib\libc.a(lib_a-reallocr.o)
 .bss           0x0100b718        0x0 c:/altera/13.0sp1/nios2eds/bin/gnu/h-i686-mingw32/bin/../lib/gcc/nios2-elf/4.1.2/../../../../nios2-elf/lib\libc.a(lib_a-sbrkr.o)
 .bss           0x0100b718        0x0 c:/altera/13.0sp1/nios2eds/bin/gnu/h-i686-mingw32/bin/../lib/gcc/nios2-elf/4.1.2/../../../../nios2-elf/lib\libc.a(lib_a-wsetup.o)
 .bss           0x0100b718        0x0 c:/altera/13.0sp1/nios2eds/bin/gnu/h-i686-mingw32/bin/../lib/gcc/nios2-elf/4.1.2/../../../../nios2-elf/lib\libc.a(lib_a-fflush.o)
 .bss           0x0100b718        0x0 c:/altera/13.0sp1/nios2eds/bin/gnu/h-i686-mingw32/bin/../lib/gcc/nios2-elf/4.1.2/../../../../nios2-elf/lib\libc.a(lib_a-findfp.o)
 .bss           0x0100b718        0x0 c:/altera/13.0sp1/nios2eds/bin/gnu/h-i686-mingw32/bin/../lib/gcc/nios2-elf/4.1.2/../../../../nios2-elf/lib\libc.a(lib_a-freer.o)
 .bss           0x0100b718        0x0 c:/altera/13.0sp1/nios2eds/bin/gnu/h-i686-mingw32/bin/../lib/gcc/nios2-elf/4.1.2/../../../../nios2-elf/lib\libc.a(lib_a-fwalk.o)
 .bss           0x0100b718        0x0 c:/altera/13.0sp1/nios2eds/bin/gnu/h-i686-mingw32/bin/../lib/gcc/nios2-elf/4.1.2/../../../../nios2-elf/lib\libc.a(lib_a-int_errno.o)
 .bss           0x0100b718        0x0 c:/altera/13.0sp1/nios2eds/bin/gnu/h-i686-mingw32/bin/../lib/gcc/nios2-elf/4.1.2/../../../../nios2-elf/lib\libc.a(lib_a-makebuf.o)
 .bss           0x0100b718        0x0 c:/altera/13.0sp1/nios2eds/bin/gnu/h-i686-mingw32/bin/../lib/gcc/nios2-elf/4.1.2/../../../../nios2-elf/lib\libc.a(lib_a-memset.o)
 .bss           0x0100b718        0x0 c:/altera/13.0sp1/nios2eds/bin/gnu/h-i686-mingw32/bin/../lib/gcc/nios2-elf/4.1.2/../../../../nios2-elf/lib\libc.a(lib_a-stdio.o)
 .bss           0x0100b718        0x0 c:/altera/13.0sp1/nios2eds/bin/gnu/h-i686-mingw32/bin/../lib/gcc/nios2-elf/4.1.2/../../../../nios2-elf/lib\libc.a(lib_a-writer.o)
 .bss           0x0100b718        0x0 c:/altera/13.0sp1/nios2eds/bin/gnu/h-i686-mingw32/bin/../lib/gcc/nios2-elf/4.1.2/../../../../nios2-elf/lib\libc.a(lib_a-closer.o)
 .bss           0x0100b718        0x0 c:/altera/13.0sp1/nios2eds/bin/gnu/h-i686-mingw32/bin/../lib/gcc/nios2-elf/4.1.2/../../../../nios2-elf/lib\libc.a(lib_a-fclose.o)
 .bss           0x0100b718        0x0 c:/altera/13.0sp1/nios2eds/bin/gnu/h-i686-mingw32/bin/../lib/gcc/nios2-elf/4.1.2/../../../../nios2-elf/lib\libc.a(lib_a-fstatr.o)
 .bss           0x0100b718        0x0 c:/altera/13.0sp1/nios2eds/bin/gnu/h-i686-mingw32/bin/../lib/gcc/nios2-elf/4.1.2/../../../../nios2-elf/lib\libc.a(lib_a-isattyr.o)
 .bss           0x0100b718        0x0 c:/altera/13.0sp1/nios2eds/bin/gnu/h-i686-mingw32/bin/../lib/gcc/nios2-elf/4.1.2/../../../../nios2-elf/lib\libc.a(lib_a-lseekr.o)
 .bss           0x0100b718        0x0 c:/altera/13.0sp1/nios2eds/bin/gnu/h-i686-mingw32/bin/../lib/gcc/nios2-elf/4.1.2/../../../../nios2-elf/lib\libc.a(lib_a-readr.o)
 .bss           0x0100b718        0x0 ../tester_sdcard_bsp/\libhal_bsp.a(alt_close.o)
 .bss           0x0100b718        0x0 ../tester_sdcard_bsp/\libhal_bsp.a(alt_dev.o)
 .bss           0x0100b718        0x0 ../tester_sdcard_bsp/\libhal_bsp.a(alt_errno.o)
 .bss           0x0100b718        0x0 ../tester_sdcard_bsp/\libhal_bsp.a(alt_fstat.o)
 .bss           0x0100b718        0x0 ../tester_sdcard_bsp/\libhal_bsp.a(alt_isatty.o)
 .bss           0x0100b718        0x0 ../tester_sdcard_bsp/\libhal_bsp.a(alt_load.o)
 .bss           0x0100b718        0x0 ../tester_sdcard_bsp/\libhal_bsp.a(alt_lseek.o)
 .bss           0x0100b718        0x0 ../tester_sdcard_bsp/\libhal_bsp.a(alt_main.o)
 .bss           0x0100b718        0x0 ../tester_sdcard_bsp/\libhal_bsp.a(alt_malloc_lock.o)
 .bss           0x0100b718        0x0 ../tester_sdcard_bsp/\libhal_bsp.a(alt_read.o)
 .bss           0x0100b718        0x0 ../tester_sdcard_bsp/\libhal_bsp.a(alt_release_fd.o)
 .bss           0x0100b718        0x0 ../tester_sdcard_bsp/\libhal_bsp.a(alt_sbrk.o)
 .bss           0x0100b718        0x0 ../tester_sdcard_bsp/\libhal_bsp.a(alt_write.o)
 .bss           0x0100b718        0x0 ../tester_sdcard_bsp/\libhal_bsp.a(alt_sys_init.o)
 .bss           0x0100b718        0x0 ../tester_sdcard_bsp/\libhal_bsp.a(altera_avalon_jtag_uart_fd.o)
 .bss           0x0100b718        0x0 ../tester_sdcard_bsp/\libhal_bsp.a(altera_avalon_jtag_uart_init.o)
 .bss           0x0100b718        0x0 ../tester_sdcard_bsp/\libhal_bsp.a(altera_avalon_jtag_uart_ioctl.o)
 .bss           0x0100b718        0x0 ../tester_sdcard_bsp/\libhal_bsp.a(altera_avalon_jtag_uart_read.o)
 .bss           0x0100b718        0x0 ../tester_sdcard_bsp/\libhal_bsp.a(altera_avalon_jtag_uart_write.o)
 .bss           0x0100b718        0x0 ../tester_sdcard_bsp/\libhal_bsp.a(altera_avalon_timer_sc.o)
 .bss           0x0100b718        0x0 ../tester_sdcard_bsp/\libhal_bsp.a(altera_up_avalon_character_lcd.o)
 .bss           0x0100b718        0x0 ../tester_sdcard_bsp/\libhal_bsp.a(altera_up_avalon_ps2.o)
 .bss           0x0100b718        0x0 ../tester_sdcard_bsp/\libhal_bsp.a(altera_up_avalon_video_character_buffer_with_dma.o)
 .bss           0x0100b718        0x0 ../tester_sdcard_bsp/\libhal_bsp.a(altera_up_avalon_video_pixel_buffer_dma.o)
 .bss           0x0100b718        0x0 ../tester_sdcard_bsp/\libhal_bsp.a(alt_alarm_start.o)
 .bss           0x0100b718        0x0 ../tester_sdcard_bsp/\libhal_bsp.a(alt_dcache_flush_all.o)
 .bss           0x0100b718        0x0 ../tester_sdcard_bsp/\libhal_bsp.a(alt_dev_llist_insert.o)
 .bss           0x0100b718        0x0 ../tester_sdcard_bsp/\libhal_bsp.a(alt_do_ctors.o)
 .bss           0x0100b718        0x0 ../tester_sdcard_bsp/\libhal_bsp.a(alt_do_dtors.o)
 .bss           0x0100b718        0x0 ../tester_sdcard_bsp/\libhal_bsp.a(alt_find_dev.o)
 .bss           0x0100b718        0x0 ../tester_sdcard_bsp/\libhal_bsp.a(alt_icache_flush_all.o)
 .bss           0x0100b718        0x0 ../tester_sdcard_bsp/\libhal_bsp.a(alt_io_redirect.o)
 .bss           0x0100b718        0x0 ../tester_sdcard_bsp/\libhal_bsp.a(alt_irq_register.o)
 .bss           0x0100b718        0x0 ../tester_sdcard_bsp/\libhal_bsp.a(alt_irq_vars.o)
 .bss           0x0100b718        0x0 ../tester_sdcard_bsp/\libhal_bsp.a(alt_open.o)
 .bss           0x0100b718        0x0 ../tester_sdcard_bsp/\libhal_bsp.a(alt_tick.o)
 .bss           0x0100b718        0x0 ../tester_sdcard_bsp/\libhal_bsp.a(altera_nios2_qsys_irq.o)
 .bss           0x0100b718        0x0 ../tester_sdcard_bsp/\libhal_bsp.a(alt_find_file.o)
 .bss           0x0100b718        0x0 ../tester_sdcard_bsp/\libhal_bsp.a(alt_get_fd.o)
 .bss           0x0100b718        0x0 ../tester_sdcard_bsp/\libhal_bsp.a(alt_icache_flush.o)
 .bss           0x0100b718        0x0 ../tester_sdcard_bsp/\libhal_bsp.a(alt_irq_entry.o)
 .bss           0x0100b718        0x0 ../tester_sdcard_bsp/\libhal_bsp.a(alt_irq_handler.o)
 .bss           0x0100b718        0x0 ../tester_sdcard_bsp/\libhal_bsp.a(alt_exception_entry.o)
 .bss           0x0100b718        0x0 c:/altera/13.0sp1/nios2eds/bin/gnu/h-i686-mingw32/bin/../lib/gcc/nios2-elf/4.1.2/../../../../nios2-elf/lib\libc.a(lib_a-atexit.o)
 .bss           0x0100b718        0x0 c:/altera/13.0sp1/nios2eds/bin/gnu/h-i686-mingw32/bin/../lib/gcc/nios2-elf/4.1.2/../../../../nios2-elf/lib\libc.a(lib_a-exit.o)
 .bss           0x0100b718        0x0 c:/altera/13.0sp1/nios2eds/bin/gnu/h-i686-mingw32/bin/../lib/gcc/nios2-elf/4.1.2/../../../../nios2-elf/lib\libc.a(lib_a-memcmp.o)
 .bss           0x0100b718        0x0 c:/altera/13.0sp1/nios2eds/bin/gnu/h-i686-mingw32/bin/../lib/gcc/nios2-elf/4.1.2/../../../../nios2-elf/lib\libc.a(lib_a-strcmp.o)
 .bss           0x0100b718        0x0 c:/altera/13.0sp1/nios2eds/bin/gnu/h-i686-mingw32/bin/../lib/gcc/nios2-elf/4.1.2/../../../../nios2-elf/lib\libc.a(lib_a-__atexit.o)
 .bss           0x0100b718        0x0 c:/altera/13.0sp1/nios2eds/bin/gnu/h-i686-mingw32/bin/../lib/gcc/nios2-elf/4.1.2/../../../../nios2-elf/lib\libc.a(lib_a-__call_atexit.o)
 .bss           0x0100b718        0x0 ../tester_sdcard_bsp/\libhal_bsp.a(alt_exit.o)
 *(COMMON)
 COMMON         0x0100b718      0x100 ../tester_sdcard_bsp/\libhal_bsp.a(alt_irq_handler.o)
                0x0100b718                alt_irq
 COMMON         0x0100b818      0x190 c:/altera/13.0sp1/nios2eds/bin/gnu/h-i686-mingw32/bin/../lib/gcc/nios2-elf/4.1.2/../../../../nios2-elf/lib\libc.a(lib_a-atexit.o)
                0x0100b818                _atexit0
                0x0100b9a8                . = ALIGN (0x4)
                0x0100b9a8                __bss_end = ABSOLUTE (.)

.onchip         0x00000000        0x0 load address 0x0100b9a8
                0x00000000                PROVIDE (_alt_partition_onchip_start, ABSOLUTE (.))
 *(.onchip. onchip.*)
                0x00000000                . = ALIGN (0x4)
                0x00000000                PROVIDE (_alt_partition_onchip_end, ABSOLUTE (.))
                0x0100b9a8                PROVIDE (_alt_partition_onchip_load_addr, LOADADDR (.onchip))

.sdram          0x0100b9a8        0x0
                0x0100b9a8                PROVIDE (_alt_partition_sdram_start, ABSOLUTE (.))
 *(.sdram. sdram.*)
                0x0100b9a8                . = ALIGN (0x4)
                0x0100b9a8                PROVIDE (_alt_partition_sdram_end, ABSOLUTE (.))
                0x0100b9a8                _end = ABSOLUTE (.)
                0x0100b9a8                end = ABSOLUTE (.)
                0x0100b9a8                __alt_stack_base = ABSOLUTE (.)
                0x0100b9a8                PROVIDE (_alt_partition_sdram_load_addr, LOADADDR (.sdram))

.stab
 *(.stab)

.stabstr
 *(.stabstr)

.stab.excl
 *(.stab.excl)

.stab.exclstr
 *(.stab.exclstr)

.stab.index
 *(.stab.index)

.stab.indexstr
 *(.stab.indexstr)

.comment        0x00000000       0x26
 *(.comment)
 .comment       0x00000000       0x26 obj/default/hello_world.o
                                 0x27 (size before relaxing)
 .comment       0x00000000       0x27 c:/altera/13.0sp1/nios2eds/bin/gnu/h-i686-mingw32/bin/../lib/gcc/nios2-elf/4.1.2/../../../../nios2-elf/lib\libc.a(lib_a-puts.o)
 .comment       0x00000000       0x27 c:/altera/13.0sp1/nios2eds/bin/gnu/h-i686-mingw32/bin/../lib/gcc/nios2-elf/4.1.2/../../../../nios2-elf/lib\libc.a(lib_a-strlen.o)
 .comment       0x00000000       0x27 c:/altera/13.0sp1/nios2eds/bin/gnu/h-i686-mingw32/bin/../lib/gcc/nios2-elf/4.1.2/../../../../nios2-elf/lib\libc.a(lib_a-fvwrite.o)
 .comment       0x00000000       0x27 c:/altera/13.0sp1/nios2eds/bin/gnu/h-i686-mingw32/bin/../lib/gcc/nios2-elf/4.1.2/../../../../nios2-elf/lib\libc.a(lib_a-impure.o)
 .comment       0x00000000       0x27 c:/altera/13.0sp1/nios2eds/bin/gnu/h-i686-mingw32/bin/../lib/gcc/nios2-elf/4.1.2/../../../../nios2-elf/lib\libc.a(lib_a-mallocr.o)
 .comment       0x00000000       0x27 c:/altera/13.0sp1/nios2eds/bin/gnu/h-i686-mingw32/bin/../lib/gcc/nios2-elf/4.1.2/../../../../nios2-elf/lib\libc.a(lib_a-memchr.o)
 .comment       0x00000000       0x27 c:/altera/13.0sp1/nios2eds/bin/gnu/h-i686-mingw32/bin/../lib/gcc/nios2-elf/4.1.2/../../../../nios2-elf/lib\libc.a(lib_a-memcpy.o)
 .comment       0x00000000       0x27 c:/altera/13.0sp1/nios2eds/bin/gnu/h-i686-mingw32/bin/../lib/gcc/nios2-elf/4.1.2/../../../../nios2-elf/lib\libc.a(lib_a-memmove.o)
 .comment       0x00000000       0x27 c:/altera/13.0sp1/nios2eds/bin/gnu/h-i686-mingw32/bin/../lib/gcc/nios2-elf/4.1.2/../../../../nios2-elf/lib\libc.a(lib_a-reallocr.o)
 .comment       0x00000000       0x27 c:/altera/13.0sp1/nios2eds/bin/gnu/h-i686-mingw32/bin/../lib/gcc/nios2-elf/4.1.2/../../../../nios2-elf/lib\libc.a(lib_a-sbrkr.o)
 .comment       0x00000000       0x27 c:/altera/13.0sp1/nios2eds/bin/gnu/h-i686-mingw32/bin/../lib/gcc/nios2-elf/4.1.2/../../../../nios2-elf/lib\libc.a(lib_a-wsetup.o)
 .comment       0x00000000       0x27 c:/altera/13.0sp1/nios2eds/bin/gnu/h-i686-mingw32/bin/../lib/gcc/nios2-elf/4.1.2/../../../../nios2-elf/lib\libc.a(lib_a-fflush.o)
 .comment       0x00000000       0x27 c:/altera/13.0sp1/nios2eds/bin/gnu/h-i686-mingw32/bin/../lib/gcc/nios2-elf/4.1.2/../../../../nios2-elf/lib\libc.a(lib_a-findfp.o)
 .comment       0x00000000       0x27 c:/altera/13.0sp1/nios2eds/bin/gnu/h-i686-mingw32/bin/../lib/gcc/nios2-elf/4.1.2/../../../../nios2-elf/lib\libc.a(lib_a-freer.o)
 .comment       0x00000000       0x27 c:/altera/13.0sp1/nios2eds/bin/gnu/h-i686-mingw32/bin/../lib/gcc/nios2-elf/4.1.2/../../../../nios2-elf/lib\libc.a(lib_a-fwalk.o)
 .comment       0x00000000       0x27 c:/altera/13.0sp1/nios2eds/bin/gnu/h-i686-mingw32/bin/../lib/gcc/nios2-elf/4.1.2/../../../../nios2-elf/lib\libc.a(lib_a-int_errno.o)
 .comment       0x00000000       0x27 c:/altera/13.0sp1/nios2eds/bin/gnu/h-i686-mingw32/bin/../lib/gcc/nios2-elf/4.1.2/../../../../nios2-elf/lib\libc.a(lib_a-makebuf.o)
 .comment       0x00000000       0x27 c:/altera/13.0sp1/nios2eds/bin/gnu/h-i686-mingw32/bin/../lib/gcc/nios2-elf/4.1.2/../../../../nios2-elf/lib\libc.a(lib_a-memset.o)
 .comment       0x00000000       0x27 c:/altera/13.0sp1/nios2eds/bin/gnu/h-i686-mingw32/bin/../lib/gcc/nios2-elf/4.1.2/../../../../nios2-elf/lib\libc.a(lib_a-stdio.o)
 .comment       0x00000000       0x27 c:/altera/13.0sp1/nios2eds/bin/gnu/h-i686-mingw32/bin/../lib/gcc/nios2-elf/4.1.2/../../../../nios2-elf/lib\libc.a(lib_a-writer.o)
 .comment       0x00000000       0x27 c:/altera/13.0sp1/nios2eds/bin/gnu/h-i686-mingw32/bin/../lib/gcc/nios2-elf/4.1.2/../../../../nios2-elf/lib\libc.a(lib_a-closer.o)
 .comment       0x00000000       0x27 c:/altera/13.0sp1/nios2eds/bin/gnu/h-i686-mingw32/bin/../lib/gcc/nios2-elf/4.1.2/../../../../nios2-elf/lib\libc.a(lib_a-fclose.o)
 .comment       0x00000000       0x27 c:/altera/13.0sp1/nios2eds/bin/gnu/h-i686-mingw32/bin/../lib/gcc/nios2-elf/4.1.2/../../../../nios2-elf/lib\libc.a(lib_a-fstatr.o)
 .comment       0x00000000       0x27 c:/altera/13.0sp1/nios2eds/bin/gnu/h-i686-mingw32/bin/../lib/gcc/nios2-elf/4.1.2/../../../../nios2-elf/lib\libc.a(lib_a-isattyr.o)
 .comment       0x00000000       0x27 c:/altera/13.0sp1/nios2eds/bin/gnu/h-i686-mingw32/bin/../lib/gcc/nios2-elf/4.1.2/../../../../nios2-elf/lib\libc.a(lib_a-lseekr.o)
 .comment       0x00000000       0x27 c:/altera/13.0sp1/nios2eds/bin/gnu/h-i686-mingw32/bin/../lib/gcc/nios2-elf/4.1.2/../../../../nios2-elf/lib\libc.a(lib_a-readr.o)
 .comment       0x00000000       0x27 ../tester_sdcard_bsp/\libhal_bsp.a(alt_close.o)
 .comment       0x00000000       0x27 ../tester_sdcard_bsp/\libhal_bsp.a(alt_dev.o)
 .comment       0x00000000       0x27 ../tester_sdcard_bsp/\libhal_bsp.a(alt_errno.o)
 .comment       0x00000000       0x27 ../tester_sdcard_bsp/\libhal_bsp.a(alt_fstat.o)
 .comment       0x00000000       0x27 ../tester_sdcard_bsp/\libhal_bsp.a(alt_isatty.o)
 .comment       0x00000000       0x27 ../tester_sdcard_bsp/\libhal_bsp.a(alt_load.o)
 .comment       0x00000000       0x27 ../tester_sdcard_bsp/\libhal_bsp.a(alt_lseek.o)
 .comment       0x00000000       0x27 ../tester_sdcard_bsp/\libhal_bsp.a(alt_main.o)
 .comment       0x00000000       0x27 ../tester_sdcard_bsp/\libhal_bsp.a(alt_malloc_lock.o)
 .comment       0x00000000       0x27 ../tester_sdcard_bsp/\libhal_bsp.a(alt_read.o)
 .comment       0x00000000       0x27 ../tester_sdcard_bsp/\libhal_bsp.a(alt_release_fd.o)
 .comment       0x00000000       0x27 ../tester_sdcard_bsp/\libhal_bsp.a(alt_sbrk.o)
 .comment       0x00000000       0x27 ../tester_sdcard_bsp/\libhal_bsp.a(alt_write.o)
 .comment       0x00000000       0x27 ../tester_sdcard_bsp/\libhal_bsp.a(alt_sys_init.o)
 .comment       0x00000000       0x27 ../tester_sdcard_bsp/\libhal_bsp.a(altera_avalon_jtag_uart_fd.o)
 .comment       0x00000000       0x27 ../tester_sdcard_bsp/\libhal_bsp.a(altera_avalon_jtag_uart_init.o)
 .comment       0x00000000       0x27 ../tester_sdcard_bsp/\libhal_bsp.a(altera_avalon_jtag_uart_ioctl.o)
 .comment       0x00000000       0x27 ../tester_sdcard_bsp/\libhal_bsp.a(altera_avalon_jtag_uart_read.o)
 .comment       0x00000000       0x27 ../tester_sdcard_bsp/\libhal_bsp.a(altera_avalon_jtag_uart_write.o)
 .comment       0x00000000       0x27 ../tester_sdcard_bsp/\libhal_bsp.a(altera_avalon_timer_sc.o)
 .comment       0x00000000       0x27 ../tester_sdcard_bsp/\libhal_bsp.a(altera_up_avalon_character_lcd.o)
 .comment       0x00000000       0x27 ../tester_sdcard_bsp/\libhal_bsp.a(altera_up_avalon_ps2.o)
 .comment       0x00000000       0x27 ../tester_sdcard_bsp/\libhal_bsp.a(altera_up_avalon_video_character_buffer_with_dma.o)
 .comment       0x00000000       0x27 ../tester_sdcard_bsp/\libhal_bsp.a(altera_up_avalon_video_pixel_buffer_dma.o)
 .comment       0x00000000       0x27 ../tester_sdcard_bsp/\libhal_bsp.a(alt_alarm_start.o)
 .comment       0x00000000       0x27 ../tester_sdcard_bsp/\libhal_bsp.a(alt_dcache_flush_all.o)
 .comment       0x00000000       0x27 ../tester_sdcard_bsp/\libhal_bsp.a(alt_dev_llist_insert.o)
 .comment       0x00000000       0x27 ../tester_sdcard_bsp/\libhal_bsp.a(alt_do_ctors.o)
 .comment       0x00000000       0x27 ../tester_sdcard_bsp/\libhal_bsp.a(alt_do_dtors.o)
 .comment       0x00000000       0x27 ../tester_sdcard_bsp/\libhal_bsp.a(alt_find_dev.o)
 .comment       0x00000000       0x27 ../tester_sdcard_bsp/\libhal_bsp.a(alt_icache_flush_all.o)
 .comment       0x00000000       0x27 ../tester_sdcard_bsp/\libhal_bsp.a(alt_io_redirect.o)
 .comment       0x00000000       0x27 ../tester_sdcard_bsp/\libhal_bsp.a(alt_irq_register.o)
 .comment       0x00000000       0x27 ../tester_sdcard_bsp/\libhal_bsp.a(alt_irq_vars.o)
 .comment       0x00000000       0x27 ../tester_sdcard_bsp/\libhal_bsp.a(alt_open.o)
 .comment       0x00000000       0x27 ../tester_sdcard_bsp/\libhal_bsp.a(alt_tick.o)
 .comment       0x00000000       0x27 ../tester_sdcard_bsp/\libhal_bsp.a(altera_nios2_qsys_irq.o)
 .comment       0x00000000       0x27 ../tester_sdcard_bsp/\libhal_bsp.a(alt_find_file.o)
 .comment       0x00000000       0x27 ../tester_sdcard_bsp/\libhal_bsp.a(alt_get_fd.o)
 .comment       0x00000000       0x27 ../tester_sdcard_bsp/\libhal_bsp.a(alt_icache_flush.o)
 .comment       0x00000000       0x27 ../tester_sdcard_bsp/\libhal_bsp.a(alt_irq_handler.o)
 .comment       0x00000000       0x27 c:/altera/13.0sp1/nios2eds/bin/gnu/h-i686-mingw32/bin/../lib/gcc/nios2-elf/4.1.2/../../../../nios2-elf/lib\libc.a(lib_a-atexit.o)
 .comment       0x00000000       0x27 c:/altera/13.0sp1/nios2eds/bin/gnu/h-i686-mingw32/bin/../lib/gcc/nios2-elf/4.1.2/../../../../nios2-elf/lib\libc.a(lib_a-exit.o)
 .comment       0x00000000       0x27 c:/altera/13.0sp1/nios2eds/bin/gnu/h-i686-mingw32/bin/../lib/gcc/nios2-elf/4.1.2/../../../../nios2-elf/lib\libc.a(lib_a-memcmp.o)
 .comment       0x00000000       0x27 c:/altera/13.0sp1/nios2eds/bin/gnu/h-i686-mingw32/bin/../lib/gcc/nios2-elf/4.1.2/../../../../nios2-elf/lib\libc.a(lib_a-strcmp.o)
 .comment       0x00000000       0x27 c:/altera/13.0sp1/nios2eds/bin/gnu/h-i686-mingw32/bin/../lib/gcc/nios2-elf/4.1.2/../../../../nios2-elf/lib\libc.a(lib_a-__atexit.o)
 .comment       0x00000000       0x27 c:/altera/13.0sp1/nios2eds/bin/gnu/h-i686-mingw32/bin/../lib/gcc/nios2-elf/4.1.2/../../../../nios2-elf/lib\libc.a(lib_a-__call_atexit.o)
 .comment       0x00000000       0x27 ../tester_sdcard_bsp/\libhal_bsp.a(alt_exit.o)

.debug
 *(.debug)

.line
 *(.line)

.debug_srcinfo
 *(.debug_srcinfo)

.debug_sfnames
 *(.debug_sfnames)

.debug_aranges  0x00000000      0x978
 *(.debug_aranges)
 .debug_aranges
                0x00000000       0x28 ../tester_sdcard_bsp//obj/HAL/src/crt0.o
 .debug_aranges
                0x00000028       0x20 obj/default/hello_world.o
 .debug_aranges
                0x00000048       0x20 c:/altera/13.0sp1/nios2eds/bin/gnu/h-i686-mingw32/bin/../lib/gcc/nios2-elf/4.1.2/../../../../nios2-elf/lib\libc.a(lib_a-puts.o)
 .debug_aranges
                0x00000068       0x20 c:/altera/13.0sp1/nios2eds/bin/gnu/h-i686-mingw32/bin/../lib/gcc/nios2-elf/4.1.2/../../../../nios2-elf/lib\libc.a(lib_a-strlen.o)
 .debug_aranges
                0x00000088       0x20 c:/altera/13.0sp1/nios2eds/bin/gnu/h-i686-mingw32/bin/../lib/gcc/nios2-elf/4.1.2/../../../../nios2-elf/lib\libc.a(lib_a-fvwrite.o)
 .debug_aranges
                0x000000a8       0x20 c:/altera/13.0sp1/nios2eds/bin/gnu/h-i686-mingw32/bin/../lib/gcc/nios2-elf/4.1.2/../../../../nios2-elf/lib\libc.a(lib_a-mallocr.o)
 .debug_aranges
                0x000000c8       0x20 c:/altera/13.0sp1/nios2eds/bin/gnu/h-i686-mingw32/bin/../lib/gcc/nios2-elf/4.1.2/../../../../nios2-elf/lib\libc.a(lib_a-memchr.o)
 .debug_aranges
                0x000000e8       0x20 c:/altera/13.0sp1/nios2eds/bin/gnu/h-i686-mingw32/bin/../lib/gcc/nios2-elf/4.1.2/../../../../nios2-elf/lib\libc.a(lib_a-memcpy.o)
 .debug_aranges
                0x00000108       0x20 c:/altera/13.0sp1/nios2eds/bin/gnu/h-i686-mingw32/bin/../lib/gcc/nios2-elf/4.1.2/../../../../nios2-elf/lib\libc.a(lib_a-memmove.o)
 .debug_aranges
                0x00000128       0x20 c:/altera/13.0sp1/nios2eds/bin/gnu/h-i686-mingw32/bin/../lib/gcc/nios2-elf/4.1.2/../../../../nios2-elf/lib\libc.a(lib_a-reallocr.o)
 .debug_aranges
                0x00000148       0x20 c:/altera/13.0sp1/nios2eds/bin/gnu/h-i686-mingw32/bin/../lib/gcc/nios2-elf/4.1.2/../../../../nios2-elf/lib\libc.a(lib_a-sbrkr.o)
 .debug_aranges
                0x00000168       0x20 c:/altera/13.0sp1/nios2eds/bin/gnu/h-i686-mingw32/bin/../lib/gcc/nios2-elf/4.1.2/../../../../nios2-elf/lib\libc.a(lib_a-wsetup.o)
 .debug_aranges
                0x00000188       0x20 c:/altera/13.0sp1/nios2eds/bin/gnu/h-i686-mingw32/bin/../lib/gcc/nios2-elf/4.1.2/../../../../nios2-elf/lib\libc.a(lib_a-fflush.o)
 .debug_aranges
                0x000001a8       0x20 c:/altera/13.0sp1/nios2eds/bin/gnu/h-i686-mingw32/bin/../lib/gcc/nios2-elf/4.1.2/../../../../nios2-elf/lib\libc.a(lib_a-findfp.o)
 .debug_aranges
                0x000001c8       0x20 c:/altera/13.0sp1/nios2eds/bin/gnu/h-i686-mingw32/bin/../lib/gcc/nios2-elf/4.1.2/../../../../nios2-elf/lib\libc.a(lib_a-freer.o)
 .debug_aranges
                0x000001e8       0x20 c:/altera/13.0sp1/nios2eds/bin/gnu/h-i686-mingw32/bin/../lib/gcc/nios2-elf/4.1.2/../../../../nios2-elf/lib\libc.a(lib_a-fwalk.o)
 .debug_aranges
                0x00000208       0x20 c:/altera/13.0sp1/nios2eds/bin/gnu/h-i686-mingw32/bin/../lib/gcc/nios2-elf/4.1.2/../../../../nios2-elf/lib\libc.a(lib_a-makebuf.o)
 .debug_aranges
                0x00000228       0x20 c:/altera/13.0sp1/nios2eds/bin/gnu/h-i686-mingw32/bin/../lib/gcc/nios2-elf/4.1.2/../../../../nios2-elf/lib\libc.a(lib_a-memset.o)
 .debug_aranges
                0x00000248       0x20 c:/altera/13.0sp1/nios2eds/bin/gnu/h-i686-mingw32/bin/../lib/gcc/nios2-elf/4.1.2/../../../../nios2-elf/lib\libc.a(lib_a-stdio.o)
 .debug_aranges
                0x00000268       0x20 c:/altera/13.0sp1/nios2eds/bin/gnu/h-i686-mingw32/bin/../lib/gcc/nios2-elf/4.1.2/../../../../nios2-elf/lib\libc.a(lib_a-writer.o)
 .debug_aranges
                0x00000288       0x20 c:/altera/13.0sp1/nios2eds/bin/gnu/h-i686-mingw32/bin/../lib/gcc/nios2-elf/4.1.2/../../../../nios2-elf/lib\libc.a(lib_a-closer.o)
 .debug_aranges
                0x000002a8       0x20 c:/altera/13.0sp1/nios2eds/bin/gnu/h-i686-mingw32/bin/../lib/gcc/nios2-elf/4.1.2/../../../../nios2-elf/lib\libc.a(lib_a-fclose.o)
 .debug_aranges
                0x000002c8       0x20 c:/altera/13.0sp1/nios2eds/bin/gnu/h-i686-mingw32/bin/../lib/gcc/nios2-elf/4.1.2/../../../../nios2-elf/lib\libc.a(lib_a-fstatr.o)
 .debug_aranges
                0x000002e8       0x20 c:/altera/13.0sp1/nios2eds/bin/gnu/h-i686-mingw32/bin/../lib/gcc/nios2-elf/4.1.2/../../../../nios2-elf/lib\libc.a(lib_a-isattyr.o)
 .debug_aranges
                0x00000308       0x20 c:/altera/13.0sp1/nios2eds/bin/gnu/h-i686-mingw32/bin/../lib/gcc/nios2-elf/4.1.2/../../../../nios2-elf/lib\libc.a(lib_a-lseekr.o)
 .debug_aranges
                0x00000328       0x20 c:/altera/13.0sp1/nios2eds/bin/gnu/h-i686-mingw32/bin/../lib/gcc/nios2-elf/4.1.2/../../../../nios2-elf/lib\libc.a(lib_a-readr.o)
 .debug_aranges
                0x00000348       0x20 ../tester_sdcard_bsp/\libhal_bsp.a(alt_close.o)
 .debug_aranges
                0x00000368       0x20 ../tester_sdcard_bsp/\libhal_bsp.a(alt_dev.o)
 .debug_aranges
                0x00000388       0x20 ../tester_sdcard_bsp/\libhal_bsp.a(alt_fstat.o)
 .debug_aranges
                0x000003a8       0x20 ../tester_sdcard_bsp/\libhal_bsp.a(alt_isatty.o)
 .debug_aranges
                0x000003c8       0x20 ../tester_sdcard_bsp/\libhal_bsp.a(alt_load.o)
 .debug_aranges
                0x000003e8       0x20 ../tester_sdcard_bsp/\libhal_bsp.a(alt_lseek.o)
 .debug_aranges
                0x00000408       0x20 ../tester_sdcard_bsp/\libhal_bsp.a(alt_main.o)
 .debug_aranges
                0x00000428       0x20 ../tester_sdcard_bsp/\libhal_bsp.a(alt_malloc_lock.o)
 .debug_aranges
                0x00000448       0x20 ../tester_sdcard_bsp/\libhal_bsp.a(alt_read.o)
 .debug_aranges
                0x00000468       0x20 ../tester_sdcard_bsp/\libhal_bsp.a(alt_release_fd.o)
 .debug_aranges
                0x00000488       0x20 ../tester_sdcard_bsp/\libhal_bsp.a(alt_sbrk.o)
 .debug_aranges
                0x000004a8       0x20 ../tester_sdcard_bsp/\libhal_bsp.a(alt_write.o)
 .debug_aranges
                0x000004c8       0x20 ../tester_sdcard_bsp/\libhal_bsp.a(alt_sys_init.o)
 .debug_aranges
                0x000004e8       0x20 ../tester_sdcard_bsp/\libhal_bsp.a(altera_avalon_jtag_uart_fd.o)
 .debug_aranges
                0x00000508       0x20 ../tester_sdcard_bsp/\libhal_bsp.a(altera_avalon_jtag_uart_init.o)
 .debug_aranges
                0x00000528       0x20 ../tester_sdcard_bsp/\libhal_bsp.a(altera_avalon_jtag_uart_ioctl.o)
 .debug_aranges
                0x00000548       0x20 ../tester_sdcard_bsp/\libhal_bsp.a(altera_avalon_jtag_uart_read.o)
 .debug_aranges
                0x00000568       0x20 ../tester_sdcard_bsp/\libhal_bsp.a(altera_avalon_jtag_uart_write.o)
 .debug_aranges
                0x00000588       0x20 ../tester_sdcard_bsp/\libhal_bsp.a(altera_avalon_timer_sc.o)
 .debug_aranges
                0x000005a8       0x20 ../tester_sdcard_bsp/\libhal_bsp.a(altera_up_avalon_character_lcd.o)
 .debug_aranges
                0x000005c8       0x20 ../tester_sdcard_bsp/\libhal_bsp.a(altera_up_avalon_ps2.o)
 .debug_aranges
                0x000005e8       0x20 ../tester_sdcard_bsp/\libhal_bsp.a(altera_up_avalon_video_character_buffer_with_dma.o)
 .debug_aranges
                0x00000608       0x20 ../tester_sdcard_bsp/\libhal_bsp.a(altera_up_avalon_video_pixel_buffer_dma.o)
 .debug_aranges
                0x00000628       0x20 ../tester_sdcard_bsp/\libhal_bsp.a(alt_alarm_start.o)
 .debug_aranges
                0x00000648       0x20 ../tester_sdcard_bsp/\libhal_bsp.a(alt_dcache_flush_all.o)
 .debug_aranges
                0x00000668       0x20 ../tester_sdcard_bsp/\libhal_bsp.a(alt_dev_llist_insert.o)
 .debug_aranges
                0x00000688       0x20 ../tester_sdcard_bsp/\libhal_bsp.a(alt_do_ctors.o)
 .debug_aranges
                0x000006a8       0x20 ../tester_sdcard_bsp/\libhal_bsp.a(alt_do_dtors.o)
 .debug_aranges
                0x000006c8       0x20 ../tester_sdcard_bsp/\libhal_bsp.a(alt_find_dev.o)
 .debug_aranges
                0x000006e8       0x20 ../tester_sdcard_bsp/\libhal_bsp.a(alt_icache_flush_all.o)
 .debug_aranges
                0x00000708       0x20 ../tester_sdcard_bsp/\libhal_bsp.a(alt_io_redirect.o)
 .debug_aranges
                0x00000728       0x20 ../tester_sdcard_bsp/\libhal_bsp.a(alt_irq_register.o)
 .debug_aranges
                0x00000748       0x20 ../tester_sdcard_bsp/\libhal_bsp.a(alt_open.o)
 .debug_aranges
                0x00000768       0x20 ../tester_sdcard_bsp/\libhal_bsp.a(alt_tick.o)
 .debug_aranges
                0x00000788       0x20 ../tester_sdcard_bsp/\libhal_bsp.a(altera_nios2_qsys_irq.o)
 .debug_aranges
                0x000007a8       0x20 ../tester_sdcard_bsp/\libhal_bsp.a(alt_find_file.o)
 .debug_aranges
                0x000007c8       0x20 ../tester_sdcard_bsp/\libhal_bsp.a(alt_get_fd.o)
 .debug_aranges
                0x000007e8       0x20 ../tester_sdcard_bsp/\libhal_bsp.a(alt_icache_flush.o)
 .debug_aranges
                0x00000808       0x30 ../tester_sdcard_bsp/\libhal_bsp.a(alt_irq_entry.o)
 .debug_aranges
                0x00000838       0x28 ../tester_sdcard_bsp/\libhal_bsp.a(alt_irq_handler.o)
 .debug_aranges
                0x00000860       0x38 ../tester_sdcard_bsp/\libhal_bsp.a(alt_exception_entry.o)
 .debug_aranges
                0x00000898       0x20 c:/altera/13.0sp1/nios2eds/bin/gnu/h-i686-mingw32/bin/../lib/gcc/nios2-elf/4.1.2/../../../../nios2-elf/lib\libc.a(lib_a-atexit.o)
 .debug_aranges
                0x000008b8       0x20 c:/altera/13.0sp1/nios2eds/bin/gnu/h-i686-mingw32/bin/../lib/gcc/nios2-elf/4.1.2/../../../../nios2-elf/lib\libc.a(lib_a-exit.o)
 .debug_aranges
                0x000008d8       0x20 c:/altera/13.0sp1/nios2eds/bin/gnu/h-i686-mingw32/bin/../lib/gcc/nios2-elf/4.1.2/../../../../nios2-elf/lib\libc.a(lib_a-memcmp.o)
 .debug_aranges
                0x000008f8       0x20 c:/altera/13.0sp1/nios2eds/bin/gnu/h-i686-mingw32/bin/../lib/gcc/nios2-elf/4.1.2/../../../../nios2-elf/lib\libc.a(lib_a-strcmp.o)
 .debug_aranges
                0x00000918       0x20 c:/altera/13.0sp1/nios2eds/bin/gnu/h-i686-mingw32/bin/../lib/gcc/nios2-elf/4.1.2/../../../../nios2-elf/lib\libc.a(lib_a-__atexit.o)
 .debug_aranges
                0x00000938       0x20 c:/altera/13.0sp1/nios2eds/bin/gnu/h-i686-mingw32/bin/../lib/gcc/nios2-elf/4.1.2/../../../../nios2-elf/lib\libc.a(lib_a-__call_atexit.o)
 .debug_aranges
                0x00000958       0x20 ../tester_sdcard_bsp/\libhal_bsp.a(alt_exit.o)

.debug_pubnames
                0x00000000     0x134c
 *(.debug_pubnames)
 .debug_pubnames
                0x00000000       0x1b obj/default/hello_world.o
 .debug_pubnames
                0x0000001b       0x27 c:/altera/13.0sp1/nios2eds/bin/gnu/h-i686-mingw32/bin/../lib/gcc/nios2-elf/4.1.2/../../../../nios2-elf/lib\libc.a(lib_a-puts.o)
 .debug_pubnames
                0x00000042       0x1d c:/altera/13.0sp1/nios2eds/bin/gnu/h-i686-mingw32/bin/../lib/gcc/nios2-elf/4.1.2/../../../../nios2-elf/lib\libc.a(lib_a-strlen.o)
 .debug_pubnames
                0x0000005f       0x23 c:/altera/13.0sp1/nios2eds/bin/gnu/h-i686-mingw32/bin/../lib/gcc/nios2-elf/4.1.2/../../../../nios2-elf/lib\libc.a(lib_a-fvwrite.o)
 .debug_pubnames
                0x00000082       0x39 c:/altera/13.0sp1/nios2eds/bin/gnu/h-i686-mingw32/bin/../lib/gcc/nios2-elf/4.1.2/../../../../nios2-elf/lib\libc.a(lib_a-impure.o)
 .debug_pubnames
                0x000000bb       0xce c:/altera/13.0sp1/nios2eds/bin/gnu/h-i686-mingw32/bin/../lib/gcc/nios2-elf/4.1.2/../../../../nios2-elf/lib\libc.a(lib_a-mallocr.o)
 .debug_pubnames
                0x00000189       0x1d c:/altera/13.0sp1/nios2eds/bin/gnu/h-i686-mingw32/bin/../lib/gcc/nios2-elf/4.1.2/../../../../nios2-elf/lib\libc.a(lib_a-memchr.o)
 .debug_pubnames
                0x000001a6       0x1d c:/altera/13.0sp1/nios2eds/bin/gnu/h-i686-mingw32/bin/../lib/gcc/nios2-elf/4.1.2/../../../../nios2-elf/lib\libc.a(lib_a-memcpy.o)
 .debug_pubnames
                0x000001c3       0x1e c:/altera/13.0sp1/nios2eds/bin/gnu/h-i686-mingw32/bin/../lib/gcc/nios2-elf/4.1.2/../../../../nios2-elf/lib\libc.a(lib_a-memmove.o)
 .debug_pubnames
                0x000001e1       0x21 c:/altera/13.0sp1/nios2eds/bin/gnu/h-i686-mingw32/bin/../lib/gcc/nios2-elf/4.1.2/../../../../nios2-elf/lib\libc.a(lib_a-reallocr.o)
 .debug_pubnames
                0x00000202       0x1e c:/altera/13.0sp1/nios2eds/bin/gnu/h-i686-mingw32/bin/../lib/gcc/nios2-elf/4.1.2/../../../../nios2-elf/lib\libc.a(lib_a-sbrkr.o)
 .debug_pubnames
                0x00000220       0x22 c:/altera/13.0sp1/nios2eds/bin/gnu/h-i686-mingw32/bin/../lib/gcc/nios2-elf/4.1.2/../../../../nios2-elf/lib\libc.a(lib_a-wsetup.o)
 .debug_pubnames
                0x00000242       0x2b c:/altera/13.0sp1/nios2eds/bin/gnu/h-i686-mingw32/bin/../lib/gcc/nios2-elf/4.1.2/../../../../nios2-elf/lib\libc.a(lib_a-fflush.o)
 .debug_pubnames
                0x0000026d       0xdb c:/altera/13.0sp1/nios2eds/bin/gnu/h-i686-mingw32/bin/../lib/gcc/nios2-elf/4.1.2/../../../../nios2-elf/lib\libc.a(lib_a-findfp.o)
 .debug_pubnames
                0x00000348       0x31 c:/altera/13.0sp1/nios2eds/bin/gnu/h-i686-mingw32/bin/../lib/gcc/nios2-elf/4.1.2/../../../../nios2-elf/lib\libc.a(lib_a-freer.o)
 .debug_pubnames
                0x00000379       0x2e c:/altera/13.0sp1/nios2eds/bin/gnu/h-i686-mingw32/bin/../lib/gcc/nios2-elf/4.1.2/../../../../nios2-elf/lib\libc.a(lib_a-fwalk.o)
 .debug_pubnames
                0x000003a7       0x1c c:/altera/13.0sp1/nios2eds/bin/gnu/h-i686-mingw32/bin/../lib/gcc/nios2-elf/4.1.2/../../../../nios2-elf/lib\libc.a(lib_a-int_errno.o)
 .debug_pubnames
                0x000003c3       0x23 c:/altera/13.0sp1/nios2eds/bin/gnu/h-i686-mingw32/bin/../lib/gcc/nios2-elf/4.1.2/../../../../nios2-elf/lib\libc.a(lib_a-makebuf.o)
 .debug_pubnames
                0x000003e6       0x1d c:/altera/13.0sp1/nios2eds/bin/gnu/h-i686-mingw32/bin/../lib/gcc/nios2-elf/4.1.2/../../../../nios2-elf/lib\libc.a(lib_a-memset.o)
 .debug_pubnames
                0x00000403       0x44 c:/altera/13.0sp1/nios2eds/bin/gnu/h-i686-mingw32/bin/../lib/gcc/nios2-elf/4.1.2/../../../../nios2-elf/lib\libc.a(lib_a-stdio.o)
 .debug_pubnames
                0x00000447       0x1f c:/altera/13.0sp1/nios2eds/bin/gnu/h-i686-mingw32/bin/../lib/gcc/nios2-elf/4.1.2/../../../../nios2-elf/lib\libc.a(lib_a-writer.o)
 .debug_pubnames
                0x00000466       0x1f c:/altera/13.0sp1/nios2eds/bin/gnu/h-i686-mingw32/bin/../lib/gcc/nios2-elf/4.1.2/../../../../nios2-elf/lib\libc.a(lib_a-closer.o)
 .debug_pubnames
                0x00000485       0x2b c:/altera/13.0sp1/nios2eds/bin/gnu/h-i686-mingw32/bin/../lib/gcc/nios2-elf/4.1.2/../../../../nios2-elf/lib\libc.a(lib_a-fclose.o)
 .debug_pubnames
                0x000004b0       0x1f c:/altera/13.0sp1/nios2eds/bin/gnu/h-i686-mingw32/bin/../lib/gcc/nios2-elf/4.1.2/../../../../nios2-elf/lib\libc.a(lib_a-fstatr.o)
 .debug_pubnames
                0x000004cf       0x20 c:/altera/13.0sp1/nios2eds/bin/gnu/h-i686-mingw32/bin/../lib/gcc/nios2-elf/4.1.2/../../../../nios2-elf/lib\libc.a(lib_a-isattyr.o)
 .debug_pubnames
                0x000004ef       0x1f c:/altera/13.0sp1/nios2eds/bin/gnu/h-i686-mingw32/bin/../lib/gcc/nios2-elf/4.1.2/../../../../nios2-elf/lib\libc.a(lib_a-lseekr.o)
 .debug_pubnames
                0x0000050e       0x1e c:/altera/13.0sp1/nios2eds/bin/gnu/h-i686-mingw32/bin/../lib/gcc/nios2-elf/4.1.2/../../../../nios2-elf/lib\libc.a(lib_a-readr.o)
 .debug_pubnames
                0x0000052c       0x1c ../tester_sdcard_bsp/\libhal_bsp.a(alt_close.o)
 .debug_pubnames
                0x00000548       0x63 ../tester_sdcard_bsp/\libhal_bsp.a(alt_dev.o)
 .debug_pubnames
                0x000005ab       0x20 ../tester_sdcard_bsp/\libhal_bsp.a(alt_errno.o)
 .debug_pubnames
                0x000005cb       0x1c ../tester_sdcard_bsp/\libhal_bsp.a(alt_fstat.o)
 .debug_pubnames
                0x000005e7       0x1d ../tester_sdcard_bsp/\libhal_bsp.a(alt_isatty.o)
 .debug_pubnames
                0x00000604       0x1f ../tester_sdcard_bsp/\libhal_bsp.a(alt_load.o)
 .debug_pubnames
                0x00000623       0x1c ../tester_sdcard_bsp/\libhal_bsp.a(alt_lseek.o)
 .debug_pubnames
                0x0000063f       0x46 ../tester_sdcard_bsp/\libhal_bsp.a(alt_main.o)
 .debug_pubnames
                0x00000685       0x38 ../tester_sdcard_bsp/\libhal_bsp.a(alt_malloc_lock.o)
 .debug_pubnames
                0x000006bd       0x1b ../tester_sdcard_bsp/\libhal_bsp.a(alt_read.o)
 .debug_pubnames
                0x000006d8       0x25 ../tester_sdcard_bsp/\libhal_bsp.a(alt_release_fd.o)
 .debug_pubnames
                0x000006fd       0x1b ../tester_sdcard_bsp/\libhal_bsp.a(alt_sbrk.o)
 .debug_pubnames
                0x00000718       0x1c ../tester_sdcard_bsp/\libhal_bsp.a(alt_write.o)
 .debug_pubnames
                0x00000734       0x34 ../tester_sdcard_bsp/\libhal_bsp.a(alt_sys_init.o)
 .debug_pubnames
                0x00000768       0xa5 ../tester_sdcard_bsp/\libhal_bsp.a(altera_avalon_jtag_uart_fd.o)
 .debug_pubnames
                0x0000080d       0x55 ../tester_sdcard_bsp/\libhal_bsp.a(altera_avalon_jtag_uart_init.o)
 .debug_pubnames
                0x00000862       0x34 ../tester_sdcard_bsp/\libhal_bsp.a(altera_avalon_jtag_uart_ioctl.o)
 .debug_pubnames
                0x00000896       0x33 ../tester_sdcard_bsp/\libhal_bsp.a(altera_avalon_jtag_uart_read.o)
 .debug_pubnames
                0x000008c9       0x34 ../tester_sdcard_bsp/\libhal_bsp.a(altera_avalon_jtag_uart_write.o)
 .debug_pubnames
                0x000008fd       0x2f ../tester_sdcard_bsp/\libhal_bsp.a(altera_avalon_timer_sc.o)
 .debug_pubnames
                0x0000092c      0x1cd ../tester_sdcard_bsp/\libhal_bsp.a(altera_up_avalon_character_lcd.o)
 .debug_pubnames
                0x00000af9      0x1ed ../tester_sdcard_bsp/\libhal_bsp.a(altera_up_avalon_ps2.o)
 .debug_pubnames
                0x00000ce6       0xa5 ../tester_sdcard_bsp/\libhal_bsp.a(altera_up_avalon_video_character_buffer_with_dma.o)
 .debug_pubnames
                0x00000d8b      0x1f1 ../tester_sdcard_bsp/\libhal_bsp.a(altera_up_avalon_video_pixel_buffer_dma.o)
 .debug_pubnames
                0x00000f7c       0x26 ../tester_sdcard_bsp/\libhal_bsp.a(alt_alarm_start.o)
 .debug_pubnames
                0x00000fa2       0x2b ../tester_sdcard_bsp/\libhal_bsp.a(alt_dcache_flush_all.o)
 .debug_pubnames
                0x00000fcd       0x2b ../tester_sdcard_bsp/\libhal_bsp.a(alt_dev_llist_insert.o)
 .debug_pubnames
                0x00000ff8       0x20 ../tester_sdcard_bsp/\libhal_bsp.a(alt_do_ctors.o)
 .debug_pubnames
                0x00001018       0x20 ../tester_sdcard_bsp/\libhal_bsp.a(alt_do_dtors.o)
 .debug_pubnames
                0x00001038       0x23 ../tester_sdcard_bsp/\libhal_bsp.a(alt_find_dev.o)
 .debug_pubnames
                0x0000105b       0x2b ../tester_sdcard_bsp/\libhal_bsp.a(alt_icache_flush_all.o)
 .debug_pubnames
                0x00001086       0x26 ../tester_sdcard_bsp/\libhal_bsp.a(alt_io_redirect.o)
 .debug_pubnames
                0x000010ac       0x27 ../tester_sdcard_bsp/\libhal_bsp.a(alt_irq_register.o)
 .debug_pubnames
                0x000010d3       0x3b ../tester_sdcard_bsp/\libhal_bsp.a(alt_irq_vars.o)
 .debug_pubnames
                0x0000110e       0x1b ../tester_sdcard_bsp/\libhal_bsp.a(alt_open.o)
 .debug_pubnames
                0x00001129       0x68 ../tester_sdcard_bsp/\libhal_bsp.a(alt_tick.o)
 .debug_pubnames
                0x00001191       0x31 ../tester_sdcard_bsp/\libhal_bsp.a(altera_nios2_qsys_irq.o)
 .debug_pubnames
                0x000011c2       0x24 ../tester_sdcard_bsp/\libhal_bsp.a(alt_find_file.o)
 .debug_pubnames
                0x000011e6       0x21 ../tester_sdcard_bsp/\libhal_bsp.a(alt_get_fd.o)
 .debug_pubnames
                0x00001207       0x27 ../tester_sdcard_bsp/\libhal_bsp.a(alt_icache_flush.o)
 .debug_pubnames
                0x0000122e       0x32 ../tester_sdcard_bsp/\libhal_bsp.a(alt_irq_handler.o)
 .debug_pubnames
                0x00001260       0x2a c:/altera/13.0sp1/nios2eds/bin/gnu/h-i686-mingw32/bin/../lib/gcc/nios2-elf/4.1.2/../../../../nios2-elf/lib\libc.a(lib_a-atexit.o)
 .debug_pubnames
                0x0000128a       0x1b c:/altera/13.0sp1/nios2eds/bin/gnu/h-i686-mingw32/bin/../lib/gcc/nios2-elf/4.1.2/../../../../nios2-elf/lib\libc.a(lib_a-exit.o)
 .debug_pubnames
                0x000012a5       0x1d c:/altera/13.0sp1/nios2eds/bin/gnu/h-i686-mingw32/bin/../lib/gcc/nios2-elf/4.1.2/../../../../nios2-elf/lib\libc.a(lib_a-memcmp.o)
 .debug_pubnames
                0x000012c2       0x1d c:/altera/13.0sp1/nios2eds/bin/gnu/h-i686-mingw32/bin/../lib/gcc/nios2-elf/4.1.2/../../../../nios2-elf/lib\libc.a(lib_a-strcmp.o)
 .debug_pubnames
                0x000012df       0x2a c:/altera/13.0sp1/nios2eds/bin/gnu/h-i686-mingw32/bin/../lib/gcc/nios2-elf/4.1.2/../../../../nios2-elf/lib\libc.a(lib_a-__atexit.o)
 .debug_pubnames
                0x00001309       0x27 c:/altera/13.0sp1/nios2eds/bin/gnu/h-i686-mingw32/bin/../lib/gcc/nios2-elf/4.1.2/../../../../nios2-elf/lib\libc.a(lib_a-__call_atexit.o)
 .debug_pubnames
                0x00001330       0x1c ../tester_sdcard_bsp/\libhal_bsp.a(alt_exit.o)

.debug_info     0x00000000    0x1c9a4
 *(.debug_info .gnu.linkonce.wi.*)
 .debug_info    0x00000000       0x79 ../tester_sdcard_bsp//obj/HAL/src/crt0.o
 .debug_info    0x00000079      0x51f obj/default/hello_world.o
 .debug_info    0x00000598      0xa25 c:/altera/13.0sp1/nios2eds/bin/gnu/h-i686-mingw32/bin/../lib/gcc/nios2-elf/4.1.2/../../../../nios2-elf/lib\libc.a(lib_a-puts.o)
 .debug_info    0x00000fbd       0xdb c:/altera/13.0sp1/nios2eds/bin/gnu/h-i686-mingw32/bin/../lib/gcc/nios2-elf/4.1.2/../../../../nios2-elf/lib\libc.a(lib_a-strlen.o)
 .debug_info    0x00001098      0xa88 c:/altera/13.0sp1/nios2eds/bin/gnu/h-i686-mingw32/bin/../lib/gcc/nios2-elf/4.1.2/../../../../nios2-elf/lib\libc.a(lib_a-fvwrite.o)
 .debug_info    0x00001b20      0x93d c:/altera/13.0sp1/nios2eds/bin/gnu/h-i686-mingw32/bin/../lib/gcc/nios2-elf/4.1.2/../../../../nios2-elf/lib\libc.a(lib_a-impure.o)
 .debug_info    0x0000245d      0xcd0 c:/altera/13.0sp1/nios2eds/bin/gnu/h-i686-mingw32/bin/../lib/gcc/nios2-elf/4.1.2/../../../../nios2-elf/lib\libc.a(lib_a-mallocr.o)
 .debug_info    0x0000312d      0x138 c:/altera/13.0sp1/nios2eds/bin/gnu/h-i686-mingw32/bin/../lib/gcc/nios2-elf/4.1.2/../../../../nios2-elf/lib\libc.a(lib_a-memchr.o)
 .debug_info    0x00003265      0x106 c:/altera/13.0sp1/nios2eds/bin/gnu/h-i686-mingw32/bin/../lib/gcc/nios2-elf/4.1.2/../../../../nios2-elf/lib\libc.a(lib_a-memcpy.o)
 .debug_info    0x0000336b      0x13e c:/altera/13.0sp1/nios2eds/bin/gnu/h-i686-mingw32/bin/../lib/gcc/nios2-elf/4.1.2/../../../../nios2-elf/lib\libc.a(lib_a-memmove.o)
 .debug_info    0x000034a9      0xbd7 c:/altera/13.0sp1/nios2eds/bin/gnu/h-i686-mingw32/bin/../lib/gcc/nios2-elf/4.1.2/../../../../nios2-elf/lib\libc.a(lib_a-reallocr.o)
 .debug_info    0x00004080      0x962 c:/altera/13.0sp1/nios2eds/bin/gnu/h-i686-mingw32/bin/../lib/gcc/nios2-elf/4.1.2/../../../../nios2-elf/lib\libc.a(lib_a-sbrkr.o)
 .debug_info    0x000049e2      0x95d c:/altera/13.0sp1/nios2eds/bin/gnu/h-i686-mingw32/bin/../lib/gcc/nios2-elf/4.1.2/../../../../nios2-elf/lib\libc.a(lib_a-wsetup.o)
 .debug_info    0x0000533f      0x9fe c:/altera/13.0sp1/nios2eds/bin/gnu/h-i686-mingw32/bin/../lib/gcc/nios2-elf/4.1.2/../../../../nios2-elf/lib\libc.a(lib_a-fflush.o)
 .debug_info    0x00005d3d      0xb72 c:/altera/13.0sp1/nios2eds/bin/gnu/h-i686-mingw32/bin/../lib/gcc/nios2-elf/4.1.2/../../../../nios2-elf/lib\libc.a(lib_a-findfp.o)
 .debug_info    0x000068af      0xbc9 c:/altera/13.0sp1/nios2eds/bin/gnu/h-i686-mingw32/bin/../lib/gcc/nios2-elf/4.1.2/../../../../nios2-elf/lib\libc.a(lib_a-freer.o)
 .debug_info    0x00007478      0xaed c:/altera/13.0sp1/nios2eds/bin/gnu/h-i686-mingw32/bin/../lib/gcc/nios2-elf/4.1.2/../../../../nios2-elf/lib\libc.a(lib_a-fwalk.o)
 .debug_info    0x00007f65       0x8c c:/altera/13.0sp1/nios2eds/bin/gnu/h-i686-mingw32/bin/../lib/gcc/nios2-elf/4.1.2/../../../../nios2-elf/lib\libc.a(lib_a-int_errno.o)
 .debug_info    0x00007ff1      0xb1a c:/altera/13.0sp1/nios2eds/bin/gnu/h-i686-mingw32/bin/../lib/gcc/nios2-elf/4.1.2/../../../../nios2-elf/lib\libc.a(lib_a-makebuf.o)
 .debug_info    0x00008b0b      0x113 c:/altera/13.0sp1/nios2eds/bin/gnu/h-i686-mingw32/bin/../lib/gcc/nios2-elf/4.1.2/../../../../nios2-elf/lib\libc.a(lib_a-memset.o)
 .debug_info    0x00008c1e      0xaac c:/altera/13.0sp1/nios2eds/bin/gnu/h-i686-mingw32/bin/../lib/gcc/nios2-elf/4.1.2/../../../../nios2-elf/lib\libc.a(lib_a-stdio.o)
 .debug_info    0x000096ca      0x993 c:/altera/13.0sp1/nios2eds/bin/gnu/h-i686-mingw32/bin/../lib/gcc/nios2-elf/4.1.2/../../../../nios2-elf/lib\libc.a(lib_a-writer.o)
 .debug_info    0x0000a05d      0x958 c:/altera/13.0sp1/nios2eds/bin/gnu/h-i686-mingw32/bin/../lib/gcc/nios2-elf/4.1.2/../../../../nios2-elf/lib\libc.a(lib_a-closer.o)
 .debug_info    0x0000a9b5      0x994 c:/altera/13.0sp1/nios2eds/bin/gnu/h-i686-mingw32/bin/../lib/gcc/nios2-elf/4.1.2/../../../../nios2-elf/lib\libc.a(lib_a-fclose.o)
 .debug_info    0x0000b349      0xafc c:/altera/13.0sp1/nios2eds/bin/gnu/h-i686-mingw32/bin/../lib/gcc/nios2-elf/4.1.2/../../../../nios2-elf/lib\libc.a(lib_a-fstatr.o)
 .debug_info    0x0000be45      0x958 c:/altera/13.0sp1/nios2eds/bin/gnu/h-i686-mingw32/bin/../lib/gcc/nios2-elf/4.1.2/../../../../nios2-elf/lib\libc.a(lib_a-isattyr.o)
 .debug_info    0x0000c79d      0x981 c:/altera/13.0sp1/nios2eds/bin/gnu/h-i686-mingw32/bin/../lib/gcc/nios2-elf/4.1.2/../../../../nios2-elf/lib\libc.a(lib_a-lseekr.o)
 .debug_info    0x0000d11e      0x98c c:/altera/13.0sp1/nios2eds/bin/gnu/h-i686-mingw32/bin/../lib/gcc/nios2-elf/4.1.2/../../../../nios2-elf/lib\libc.a(lib_a-readr.o)
 .debug_info    0x0000daaa      0x465 ../tester_sdcard_bsp/\libhal_bsp.a(alt_close.o)
 .debug_info    0x0000df0f      0x67d ../tester_sdcard_bsp/\libhal_bsp.a(alt_dev.o)
 .debug_info    0x0000e58c      0x162 ../tester_sdcard_bsp/\libhal_bsp.a(alt_errno.o)
 .debug_info    0x0000e6ee      0x65e ../tester_sdcard_bsp/\libhal_bsp.a(alt_fstat.o)
 .debug_info    0x0000ed4c      0x664 ../tester_sdcard_bsp/\libhal_bsp.a(alt_isatty.o)
 .debug_info    0x0000f3b0      0x28b ../tester_sdcard_bsp/\libhal_bsp.a(alt_load.o)
 .debug_info    0x0000f63b      0x498 ../tester_sdcard_bsp/\libhal_bsp.a(alt_lseek.o)
 .debug_info    0x0000fad3      0x26a ../tester_sdcard_bsp/\libhal_bsp.a(alt_main.o)
 .debug_info    0x0000fd3d      0xc16 ../tester_sdcard_bsp/\libhal_bsp.a(alt_malloc_lock.o)
 .debug_info    0x00010953      0x688 ../tester_sdcard_bsp/\libhal_bsp.a(alt_read.o)
 .debug_info    0x00010fdb      0x3f0 ../tester_sdcard_bsp/\libhal_bsp.a(alt_release_fd.o)
 .debug_info    0x000113cb      0x2fc ../tester_sdcard_bsp/\libhal_bsp.a(alt_sbrk.o)
 .debug_info    0x000116c7      0x691 ../tester_sdcard_bsp/\libhal_bsp.a(alt_write.o)
 .debug_info    0x00011d58      0xb4e ../tester_sdcard_bsp/\libhal_bsp.a(alt_sys_init.o)
 .debug_info    0x000128a6      0x7d7 ../tester_sdcard_bsp/\libhal_bsp.a(altera_avalon_jtag_uart_fd.o)
 .debug_info    0x0001307d      0x63f ../tester_sdcard_bsp/\libhal_bsp.a(altera_avalon_jtag_uart_init.o)
 .debug_info    0x000136bc      0x441 ../tester_sdcard_bsp/\libhal_bsp.a(altera_avalon_jtag_uart_ioctl.o)
 .debug_info    0x00013afd      0x577 ../tester_sdcard_bsp/\libhal_bsp.a(altera_avalon_jtag_uart_read.o)
 .debug_info    0x00014074      0x56f ../tester_sdcard_bsp/\libhal_bsp.a(altera_avalon_jtag_uart_write.o)
 .debug_info    0x000145e3      0x3c9 ../tester_sdcard_bsp/\libhal_bsp.a(altera_avalon_timer_sc.o)
 .debug_info    0x000149ac      0x8e7 ../tester_sdcard_bsp/\libhal_bsp.a(altera_up_avalon_character_lcd.o)
 .debug_info    0x00015293      0xaeb ../tester_sdcard_bsp/\libhal_bsp.a(altera_up_avalon_ps2.o)
 .debug_info    0x00015d7e      0x690 ../tester_sdcard_bsp/\libhal_bsp.a(altera_up_avalon_video_character_buffer_with_dma.o)
 .debug_info    0x0001640e      0xe7c ../tester_sdcard_bsp/\libhal_bsp.a(altera_up_avalon_video_pixel_buffer_dma.o)
 .debug_info    0x0001728a      0x473 ../tester_sdcard_bsp/\libhal_bsp.a(alt_alarm_start.o)
 .debug_info    0x000176fd      0x16d ../tester_sdcard_bsp/\libhal_bsp.a(alt_dcache_flush_all.o)
 .debug_info    0x0001786a      0x2b5 ../tester_sdcard_bsp/\libhal_bsp.a(alt_dev_llist_insert.o)
 .debug_info    0x00017b1f      0x10d ../tester_sdcard_bsp/\libhal_bsp.a(alt_do_ctors.o)
 .debug_info    0x00017c2c      0x10c ../tester_sdcard_bsp/\libhal_bsp.a(alt_do_dtors.o)
 .debug_info    0x00017d38      0x416 ../tester_sdcard_bsp/\libhal_bsp.a(alt_find_dev.o)
 .debug_info    0x0001814e      0x15a ../tester_sdcard_bsp/\libhal_bsp.a(alt_icache_flush_all.o)
 .debug_info    0x000182a8      0x693 ../tester_sdcard_bsp/\libhal_bsp.a(alt_io_redirect.o)
 .debug_info    0x0001893b      0x42d ../tester_sdcard_bsp/\libhal_bsp.a(alt_irq_register.o)
 .debug_info    0x00018d68      0x165 ../tester_sdcard_bsp/\libhal_bsp.a(alt_irq_vars.o)
 .debug_info    0x00018ecd      0x523 ../tester_sdcard_bsp/\libhal_bsp.a(alt_open.o)
 .debug_info    0x000193f0      0x42f ../tester_sdcard_bsp/\libhal_bsp.a(alt_tick.o)
 .debug_info    0x0001981f      0x1a8 ../tester_sdcard_bsp/\libhal_bsp.a(altera_nios2_qsys_irq.o)
 .debug_info    0x000199c7      0x41d ../tester_sdcard_bsp/\libhal_bsp.a(alt_find_file.o)
 .debug_info    0x00019de4      0x45e ../tester_sdcard_bsp/\libhal_bsp.a(alt_get_fd.o)
 .debug_info    0x0001a242      0x1a2 ../tester_sdcard_bsp/\libhal_bsp.a(alt_icache_flush.o)
 .debug_info    0x0001a3e4       0x82 ../tester_sdcard_bsp/\libhal_bsp.a(alt_irq_entry.o)
 .debug_info    0x0001a466      0x2b0 ../tester_sdcard_bsp/\libhal_bsp.a(alt_irq_handler.o)
 .debug_info    0x0001a716       0x88 ../tester_sdcard_bsp/\libhal_bsp.a(alt_exception_entry.o)
 .debug_info    0x0001a79e      0x181 c:/altera/13.0sp1/nios2eds/bin/gnu/h-i686-mingw32/bin/../lib/gcc/nios2-elf/4.1.2/../../../../nios2-elf/lib\libc.a(lib_a-atexit.o)
 .debug_info    0x0001a91f      0x93f c:/altera/13.0sp1/nios2eds/bin/gnu/h-i686-mingw32/bin/../lib/gcc/nios2-elf/4.1.2/../../../../nios2-elf/lib\libc.a(lib_a-exit.o)
 .debug_info    0x0001b25e      0x115 c:/altera/13.0sp1/nios2eds/bin/gnu/h-i686-mingw32/bin/../lib/gcc/nios2-elf/4.1.2/../../../../nios2-elf/lib\libc.a(lib_a-memcmp.o)
 .debug_info    0x0001b373       0xdd c:/altera/13.0sp1/nios2eds/bin/gnu/h-i686-mingw32/bin/../lib/gcc/nios2-elf/4.1.2/../../../../nios2-elf/lib\libc.a(lib_a-strcmp.o)
 .debug_info    0x0001b450      0x99c c:/altera/13.0sp1/nios2eds/bin/gnu/h-i686-mingw32/bin/../lib/gcc/nios2-elf/4.1.2/../../../../nios2-elf/lib\libc.a(lib_a-__atexit.o)
 .debug_info    0x0001bdec      0x9e2 c:/altera/13.0sp1/nios2eds/bin/gnu/h-i686-mingw32/bin/../lib/gcc/nios2-elf/4.1.2/../../../../nios2-elf/lib\libc.a(lib_a-__call_atexit.o)
 .debug_info    0x0001c7ce      0x1d6 ../tester_sdcard_bsp/\libhal_bsp.a(alt_exit.o)

.debug_abbrev   0x00000000     0x553e
 *(.debug_abbrev)
 .debug_abbrev  0x00000000       0x12 ../tester_sdcard_bsp//obj/HAL/src/crt0.o
 .debug_abbrev  0x00000012       0xe3 obj/default/hello_world.o
 .debug_abbrev  0x000000f5      0x1ac c:/altera/13.0sp1/nios2eds/bin/gnu/h-i686-mingw32/bin/../lib/gcc/nios2-elf/4.1.2/../../../../nios2-elf/lib\libc.a(lib_a-puts.o)
 .debug_abbrev  0x000002a1       0x8b c:/altera/13.0sp1/nios2eds/bin/gnu/h-i686-mingw32/bin/../lib/gcc/nios2-elf/4.1.2/../../../../nios2-elf/lib\libc.a(lib_a-strlen.o)
 .debug_abbrev  0x0000032c      0x1a3 c:/altera/13.0sp1/nios2eds/bin/gnu/h-i686-mingw32/bin/../lib/gcc/nios2-elf/4.1.2/../../../../nios2-elf/lib\libc.a(lib_a-fvwrite.o)
 .debug_abbrev  0x000004cf      0x157 c:/altera/13.0sp1/nios2eds/bin/gnu/h-i686-mingw32/bin/../lib/gcc/nios2-elf/4.1.2/../../../../nios2-elf/lib\libc.a(lib_a-impure.o)
 .debug_abbrev  0x00000626      0x216 c:/altera/13.0sp1/nios2eds/bin/gnu/h-i686-mingw32/bin/../lib/gcc/nios2-elf/4.1.2/../../../../nios2-elf/lib\libc.a(lib_a-mallocr.o)
 .debug_abbrev  0x0000083c       0xb5 c:/altera/13.0sp1/nios2eds/bin/gnu/h-i686-mingw32/bin/../lib/gcc/nios2-elf/4.1.2/../../../../nios2-elf/lib\libc.a(lib_a-memchr.o)
 .debug_abbrev  0x000008f1       0xb5 c:/altera/13.0sp1/nios2eds/bin/gnu/h-i686-mingw32/bin/../lib/gcc/nios2-elf/4.1.2/../../../../nios2-elf/lib\libc.a(lib_a-memcpy.o)
 .debug_abbrev  0x000009a6       0xb5 c:/altera/13.0sp1/nios2eds/bin/gnu/h-i686-mingw32/bin/../lib/gcc/nios2-elf/4.1.2/../../../../nios2-elf/lib\libc.a(lib_a-memmove.o)
 .debug_abbrev  0x00000a5b      0x1c3 c:/altera/13.0sp1/nios2eds/bin/gnu/h-i686-mingw32/bin/../lib/gcc/nios2-elf/4.1.2/../../../../nios2-elf/lib\libc.a(lib_a-reallocr.o)
 .debug_abbrev  0x00000c1e      0x18c c:/altera/13.0sp1/nios2eds/bin/gnu/h-i686-mingw32/bin/../lib/gcc/nios2-elf/4.1.2/../../../../nios2-elf/lib\libc.a(lib_a-sbrkr.o)
 .debug_abbrev  0x00000daa      0x170 c:/altera/13.0sp1/nios2eds/bin/gnu/h-i686-mingw32/bin/../lib/gcc/nios2-elf/4.1.2/../../../../nios2-elf/lib\libc.a(lib_a-wsetup.o)
 .debug_abbrev  0x00000f1a      0x1c6 c:/altera/13.0sp1/nios2eds/bin/gnu/h-i686-mingw32/bin/../lib/gcc/nios2-elf/4.1.2/../../../../nios2-elf/lib\libc.a(lib_a-fflush.o)
 .debug_abbrev  0x000010e0      0x24c c:/altera/13.0sp1/nios2eds/bin/gnu/h-i686-mingw32/bin/../lib/gcc/nios2-elf/4.1.2/../../../../nios2-elf/lib\libc.a(lib_a-findfp.o)
 .debug_abbrev  0x0000132c      0x1d9 c:/altera/13.0sp1/nios2eds/bin/gnu/h-i686-mingw32/bin/../lib/gcc/nios2-elf/4.1.2/../../../../nios2-elf/lib\libc.a(lib_a-freer.o)
 .debug_abbrev  0x00001505      0x1e3 c:/altera/13.0sp1/nios2eds/bin/gnu/h-i686-mingw32/bin/../lib/gcc/nios2-elf/4.1.2/../../../../nios2-elf/lib\libc.a(lib_a-fwalk.o)
 .debug_abbrev  0x000016e8       0x3b c:/altera/13.0sp1/nios2eds/bin/gnu/h-i686-mingw32/bin/../lib/gcc/nios2-elf/4.1.2/../../../../nios2-elf/lib\libc.a(lib_a-int_errno.o)
 .debug_abbrev  0x00001723      0x197 c:/altera/13.0sp1/nios2eds/bin/gnu/h-i686-mingw32/bin/../lib/gcc/nios2-elf/4.1.2/../../../../nios2-elf/lib\libc.a(lib_a-makebuf.o)