Archive member included because of file (symbol)

c:/altera/13.0sp1/nios2eds/bin/gnu/h-i686-mingw32/bin/../lib/gcc/nios2-elf/4.1.2/../../../../nios2-elf/lib\libm.a(lib_a-s_cos.o)
                              obj/default/graphics.o (cos)
c:/altera/13.0sp1/nios2eds/bin/gnu/h-i686-mingw32/bin/../lib/gcc/nios2-elf/4.1.2/../../../../nios2-elf/lib\libm.a(lib_a-s_sin.o)
                              obj/default/graphics.o (sin)
c:/altera/13.0sp1/nios2eds/bin/gnu/h-i686-mingw32/bin/../lib/gcc/nios2-elf/4.1.2/../../../../nios2-elf/lib\libm.a(lib_a-e_rem_pio2.o)
                              c:/altera/13.0sp1/nios2eds/bin/gnu/h-i686-mingw32/bin/../lib/gcc/nios2-elf/4.1.2/../../../../nios2-elf/lib\libm.a(lib_a-s_cos.o) (__ieee754_rem_pio2)
c:/altera/13.0sp1/nios2eds/bin/gnu/h-i686-mingw32/bin/../lib/gcc/nios2-elf/4.1.2/../../../../nios2-elf/lib\libm.a(lib_a-k_cos.o)
                              c:/altera/13.0sp1/nios2eds/bin/gnu/h-i686-mingw32/bin/../lib/gcc/nios2-elf/4.1.2/../../../../nios2-elf/lib\libm.a(lib_a-s_cos.o) (__kernel_cos)
c:/altera/13.0sp1/nios2eds/bin/gnu/h-i686-mingw32/bin/../lib/gcc/nios2-elf/4.1.2/../../../../nios2-elf/lib\libm.a(lib_a-k_rem_pio2.o)
                              c:/altera/13.0sp1/nios2eds/bin/gnu/h-i686-mingw32/bin/../lib/gcc/nios2-elf/4.1.2/../../../../nios2-elf/lib\libm.a(lib_a-e_rem_pio2.o) (__kernel_rem_pio2)
c:/altera/13.0sp1/nios2eds/bin/gnu/h-i686-mingw32/bin/../lib/gcc/nios2-elf/4.1.2/../../../../nios2-elf/lib\libm.a(lib_a-k_sin.o)
                              c:/altera/13.0sp1/nios2eds/bin/gnu/h-i686-mingw32/bin/../lib/gcc/nios2-elf/4.1.2/../../../../nios2-elf/lib\libm.a(lib_a-s_cos.o) (__kernel_sin)
c:/altera/13.0sp1/nios2eds/bin/gnu/h-i686-mingw32/bin/../lib/gcc/nios2-elf/4.1.2/../../../../nios2-elf/lib\libm.a(lib_a-s_fabs.o)
                              c:/altera/13.0sp1/nios2eds/bin/gnu/h-i686-mingw32/bin/../lib/gcc/nios2-elf/4.1.2/../../../../nios2-elf/lib\libm.a(lib_a-e_rem_pio2.o) (fabs)
c:/altera/13.0sp1/nios2eds/bin/gnu/h-i686-mingw32/bin/../lib/gcc/nios2-elf/4.1.2/../../../../nios2-elf/lib\libm.a(lib_a-s_floor.o)
                              c:/altera/13.0sp1/nios2eds/bin/gnu/h-i686-mingw32/bin/../lib/gcc/nios2-elf/4.1.2/../../../../nios2-elf/lib\libm.a(lib_a-k_rem_pio2.o) (floor)
c:/altera/13.0sp1/nios2eds/bin/gnu/h-i686-mingw32/bin/../lib/gcc/nios2-elf/4.1.2/../../../../nios2-elf/lib\libm.a(lib_a-s_scalbn.o)
                              c:/altera/13.0sp1/nios2eds/bin/gnu/h-i686-mingw32/bin/../lib/gcc/nios2-elf/4.1.2/../../../../nios2-elf/lib\libm.a(lib_a-k_rem_pio2.o) (scalbn)
c:/altera/13.0sp1/nios2eds/bin/gnu/h-i686-mingw32/bin/../lib/gcc/nios2-elf/4.1.2/../../../../nios2-elf/lib\libm.a(lib_a-s_copysign.o)
                              c:/altera/13.0sp1/nios2eds/bin/gnu/h-i686-mingw32/bin/../lib/gcc/nios2-elf/4.1.2/../../../../nios2-elf/lib\libm.a(lib_a-s_scalbn.o) (copysign)
c:/altera/13.0sp1/nios2eds/bin/gnu/h-i686-mingw32/bin/../lib/gcc/nios2-elf/4.1.2\libgcc.a(_addsub_df.o)
                              obj/default/graphics.o (__subdf3)
c:/altera/13.0sp1/nios2eds/bin/gnu/h-i686-mingw32/bin/../lib/gcc/nios2-elf/4.1.2\libgcc.a(_mul_df.o)
                              obj/default/graphics.o (__muldf3)
c:/altera/13.0sp1/nios2eds/bin/gnu/h-i686-mingw32/bin/../lib/gcc/nios2-elf/4.1.2\libgcc.a(_div_df.o)
                              obj/default/graphics.o (__divdf3)
c:/altera/13.0sp1/nios2eds/bin/gnu/h-i686-mingw32/bin/../lib/gcc/nios2-elf/4.1.2\libgcc.a(_eq_df.o)
                              obj/default/graphics.o (__eqdf2)
c:/altera/13.0sp1/nios2eds/bin/gnu/h-i686-mingw32/bin/../lib/gcc/nios2-elf/4.1.2\libgcc.a(_ne_df.o)
                              obj/default/graphics.o (__nedf2)
c:/altera/13.0sp1/nios2eds/bin/gnu/h-i686-mingw32/bin/../lib/gcc/nios2-elf/4.1.2\libgcc.a(_gt_df.o)
                              c:/altera/13.0sp1/nios2eds/bin/gnu/h-i686-mingw32/bin/../lib/gcc/nios2-elf/4.1.2/../../../../nios2-elf/lib\libm.a(lib_a-s_floor.o) (__gtdf2)
c:/altera/13.0sp1/nios2eds/bin/gnu/h-i686-mingw32/bin/../lib/gcc/nios2-elf/4.1.2\libgcc.a(_ge_df.o)
                              c:/altera/13.0sp1/nios2eds/bin/gnu/h-i686-mingw32/bin/../lib/gcc/nios2-elf/4.1.2/../../../../nios2-elf/lib\libm.a(lib_a-k_rem_pio2.o) (__gedf2)
c:/altera/13.0sp1/nios2eds/bin/gnu/h-i686-mingw32/bin/../lib/gcc/nios2-elf/4.1.2\libgcc.a(_si_to_df.o)
                              obj/default/graphics.o (__floatsidf)
c:/altera/13.0sp1/nios2eds/bin/gnu/h-i686-mingw32/bin/../lib/gcc/nios2-elf/4.1.2\libgcc.a(_df_to_si.o)
                              obj/default/graphics.o (__fixdfsi)
c:/altera/13.0sp1/nios2eds/bin/gnu/h-i686-mingw32/bin/../lib/gcc/nios2-elf/4.1.2\libgcc.a(_thenan_df.o)
                              c:/altera/13.0sp1/nios2eds/bin/gnu/h-i686-mingw32/bin/../lib/gcc/nios2-elf/4.1.2\libgcc.a(_addsub_df.o) (__thenan_df)
c:/altera/13.0sp1/nios2eds/bin/gnu/h-i686-mingw32/bin/../lib/gcc/nios2-elf/4.1.2\libgcc.a(lib2-divmod.o)
[...]
Memory Configuration

Name             Origin             Length             Attributes
onchip           0x00000000         0x00001000
reset            0x01000000         0x00000020
sdram            0x01000020         0x007fffe0
*default*        0x00000000         0xffffffff

Linker script and memory map

LOAD ../Module1Software_bsp//obj/HAL/src/crt0.o
LOAD obj/default/game.o
LOAD obj/default/graphics.o
LOAD obj/default/hardware_init.o
LOAD obj/default/keyboard.o
LOAD obj/default/main.o
LOAD obj/default/player.o
LOAD c:/altera/13.0sp1/nios2eds/bin/gnu/h-i686-mingw32/bin/../lib/gcc/nios2-elf/4.1.2/../../../../nios2-elf/lib\libstdc++.a
LOAD c:/altera/13.0sp1/nios2eds/bin/gnu/h-i686-mingw32/bin/../lib/gcc/nios2-elf/4.1.2/../../../../nios2-elf/lib\libm.a
LOAD c:/altera/13.0sp1/nios2eds/bin/gnu/h-i686-mingw32/bin/../lib/gcc/nios2-elf/4.1.2\libgcc.a
START GROUP
LOAD c:/altera/13.0sp1/nios2eds/bin/gnu/h-i686-mingw32/bin/../lib/gcc/nios2-elf/4.1.2/../../../../nios2-elf/lib\libc.a
LOAD c:/altera/13.0sp1/nios2eds/bin/gnu/h-i686-mingw32/bin/../lib/gcc/nios2-elf/4.1.2\libgcc.a
LOAD ../Module1Software_bsp/\libhal_bsp.a
END GROUP
LOAD c:/altera/13.0sp1/nios2eds/bin/gnu/h-i686-mingw32/bin/../lib/gcc/nios2-elf/4.1.2\libgcc.a
                0x00000000                __alt_mem_onchip = 0x0
                0x01000000                __alt_mem_sdram = 0x1000000

.entry          0x01000000       0x20
 *(.entry)
 .entry         0x01000000       0x20 ../Module1Software_bsp//obj/HAL/src/crt0.o
                0x01000000                __reset

.exceptions     0x01000020      0x198
                0x01000020                PROVIDE (__ram_exceptions_start, ABSOLUTE (.))
                0x01000020                . = ALIGN (0x20)
 *(.irq)
 *(.exceptions.entry.label)
 .exceptions.entry.label
                0x01000020        0x0 ../Module1Software_bsp/\libhal_bsp.a(alt_irq_entry.o)
                0x01000020                alt_irq_entry
 .exceptions.entry.label
                0x01000020        0x0 ../Module1Software_bsp/\libhal_bsp.a(alt_exception_entry.o)
                0x01000020                alt_exception
 *(.exceptions.entry.user)
 *(.exceptions.entry)
 .exceptions.entry
                0x01000020       0x54 ../Module1Software_bsp/\libhal_bsp.a(alt_exception_entry.o)
 *(.exceptions.irqtest.user)
 *(.exceptions.irqtest)
 .exceptions.irqtest
                0x01000074       0x10 ../Module1Software_bsp/\libhal_bsp.a(alt_irq_entry.o)
 *(.exceptions.irqhandler.user)
 *(.exceptions.irqhandler)
 .exceptions.irqhandler
                0x01000084        0x4 ../Module1Software_bsp/\libhal_bsp.a(alt_irq_entry.o)
 *(.exceptions.irqreturn.user)
 *(.exceptions.irqreturn)
 .exceptions.irqreturn
                0x01000088        0x4 ../Module1Software_bsp/\libhal_bsp.a(alt_irq_entry.o)
 *(.exceptions.notirq.label)
 .exceptions.notirq.label
                0x0100008c        0x0 ../Module1Software_bsp/\libhal_bsp.a(alt_irq_entry.o)
 *(.exceptions.notirq.user)
 *(.exceptions.notirq)
 .exceptions.notirq
                0x0100008c        0x8 ../Module1Software_bsp/\libhal_bsp.a(alt_exception_entry.o)
 *(.exceptions.soft.user)
 *(.exceptions.soft)
 *(.exceptions.unknown.user)
 *(.exceptions.unknown)
 .exceptions.unknown
                0x01000094        0x4 ../Module1Software_bsp/\libhal_bsp.a(alt_exception_entry.o)
 *(.exceptions.exit.label)
 .exceptions.exit.label
                0x01000098        0x0 ../Module1Software_bsp/\libhal_bsp.a(alt_irq_entry.o)
 .exceptions.exit.label
                0x01000098        0x0 ../Module1Software_bsp/\libhal_bsp.a(alt_exception_entry.o)
 *(.exceptions.exit.user)
 *(.exceptions.exit)
 .exceptions.exit
                0x01000098       0x54 ../Module1Software_bsp/\libhal_bsp.a(alt_exception_entry.o)
 *(.exceptions)
 .exceptions    0x010000ec       0xcc ../Module1Software_bsp/\libhal_bsp.a(alt_irq_handler.o)
                0x010000ec                alt_irq_handler
                0x010001b8                PROVIDE (__ram_exceptions_end, ABSOLUTE (.))
                0x01000020                PROVIDE (__flash_exceptions_start, LOADADDR (.exceptions))

.text           0x010001b8    0x1832c
                0x010001b8                PROVIDE (stext, ABSOLUTE (.))
 *(.interp)
 *(.hash)
 *(.dynsym)
 *(.dynstr)
 *(.gnu.version)
 *(.gnu.version_d)
 *(.gnu.version_r)
 *(.rel.init)
 *(.rela.init)
 *(.rel.text .rel.text.* .rel.gnu.linkonce.t.*)
 *(.rela.text .rela.text.* .rela.gnu.linkonce.t.*)
 *(.rel.fini)
 *(.rela.fini)
 *(.rel.rodata .rel.rodata.* .rel.gnu.linkonce.r.*)
 *(.rela.rodata .rela.rodata.* .rela.gnu.linkonce.r.*)
 *(.rel.data .rel.data.* .rel.gnu.linkonce.d.*)
 *(.rela.data .rela.data.* .rela.gnu.linkonce.d.*)
 *(.rel.tdata .rel.tdata.* .rel.gnu.linkonce.td.*)
 *(.rela.tdata .rela.tdata.* .rela.gnu.linkonce.td.*)
 *(.rel.tbss .rel.tbss.* .rel.gnu.linkonce.tb.*)
 *(.rela.tbss .rela.tbss.* .rela.gnu.linkonce.tb.*)
 *(.rel.ctors)
 *(.rela.ctors)
 *(.rel.dtors)
 *(.rela.dtors)
 *(.rel.got)
 *(.rela.got)
 *(.rel.sdata .rel.sdata.* .rel.gnu.linkonce.s.*)
 *(.rela.sdata .rela.sdata.* .rela.gnu.linkonce.s.*)
 *(.rel.sbss .rel.sbss.* .rel.gnu.linkonce.sb.*)
 *(.rela.sbss .rela.sbss.* .rela.gnu.linkonce.sb.*)
 *(.rel.sdata2 .rel.sdata2.* .rel.gnu.linkonce.s2.*)
 *(.rela.sdata2 .rela.sdata2.* .rela.gnu.linkonce.s2.*)
 *(.rel.sbss2 .rel.sbss2.* .rel.gnu.linkonce.sb2.*)
 *(.rela.sbss2 .rela.sbss2.* .rela.gnu.linkonce.sb2.*)
 *(.rel.bss .rel.bss.* .rel.gnu.linkonce.b.*)
 *(.rela.bss .rela.bss.* .rela.gnu.linkonce.b.*)
 *(.rel.plt)
 *(.rela.plt)
 *(.rel.dyn)
 *(.init)
 *(.plt)
 *(.text .stub .text.* .gnu.linkonce.t.*)
 .text          0x010001b8       0x4c ../Module1Software_bsp//obj/HAL/src/crt0.o
                0x010001b8                _start
 .text          0x01000204       0x60 obj/default/game.o
                0x01000204                getVelocityInput
                0x01000224                getAngleInput
                0x01000244                calculateResult
 .text          0x01000264      0x884 obj/default/graphics.o
                0x01000264                formatColor
                0x01000304                clearScreen
                0x01000374                drawBox
                0x010003d8                drawLine
                0x0100043c                drawPlayers
                0x010004c0                drawCannonBall
                0x01000974                animateShooting
 .text          0x01000ae8      0x1cc obj/default/hardware_init.o
                0x01000ae8                initiate_pixel_buffer_dma
                0x01000b78                initiate_sd_card
                0x01000bd8                initiate_ps2
                0x01000c38                system_init
 .text          0x01000cb4      0x1d0 obj/default/keyboard.o
                0x01000cb4                getKeyboardInput
 .text          0x01000e84       0xac obj/default/main.o
                0x01000e84                main
 .text          0x01000f30      0x130 obj/default/player.o
                0x01000f30                makePlayer
                0x01000fc4                damagePlayerHealth
                0x01001000                setPlayerAngle
                0x01001030                setPlayerVelocity
 .text          0x01001060      0x168 c:/altera/13.0sp1/nios2eds/bin/gnu/h-i686-mingw32/bin/../lib/gcc/nios2-elf/4.1.2/../../../../nios2-elf/lib\libm.a(lib_a-s_cos.o)
                0x01001060                cos
 .text          0x010011c8      0x16c c:/altera/13.0sp1/nios2eds/bin/gnu/h-i686-mingw32/bin/../lib/gcc/nios2-elf/4.1.2/../../../../nios2-elf/lib\libm.a(lib_a-s_sin.o)
                0x010011c8                sin
 .text          0x01001334      0x828 c:/altera/13.0sp1/nios2eds/bin/gnu/h-i686-mingw32/bin/../lib/gcc/nios2-elf/4.1.2/../../../../nios2-elf/lib\libm.a(lib_a-e_rem_pio2.o)
                0x01001334                __ieee754_rem_pio2
 .text          0x01001b5c      0x52c c:/altera/13.0sp1/nios2eds/bin/gnu/h-i686-mingw32/bin/../lib/gcc/nios2-elf/4.1.2/../../../../nios2-elf/lib\libm.a(lib_a-k_cos.o)
                0x01001b5c                __kernel_cos
 .text          0x01002088      0xe7c c:/altera/13.0sp1/nios2eds/bin/gnu/h-i686-mingw32/bin/../lib/gcc/nios2-elf/4.1.2/../../../../nios2-elf/lib\libm.a(lib_a-k_rem_pio2.o)
                0x01002088                __kernel_rem_pio2
 .text          0x01002f04      0x318 c:/altera/13.0sp1/nios2eds/bin/gnu/h-i686-mingw32/bin/../lib/gcc/nios2-elf/4.1.2/../../../../nios2-elf/lib\libm.a(lib_a-k_sin.o)
                0x01002f04                __kernel_sin
 .text          0x0100321c       0x18 c:/altera/13.0sp1/nios2eds/bin/gnu/h-i686-mingw32/bin/../lib/gcc/nios2-elf/4.1.2/../../../../nios2-elf/lib\libm.a(lib_a-s_fabs.o)
                0x0100321c                fabs
 .text          0x01003234      0x224 c:/altera/13.0sp1/nios2eds/bin/gnu/h-i686-mingw32/bin/../lib/gcc/nios2-elf/4.1.2/../../../../nios2-elf/lib\libm.a(lib_a-s_floor.o)
                0x01003234                floor
 .text          0x01003458      0x1e0 c:/altera/13.0sp1/nios2eds/bin/gnu/h-i686-mingw32/bin/../lib/gcc/nios2-elf/4.1.2/../../../../nios2-elf/lib\libm.a(lib_a-s_scalbn.o)
                0x01003458                scalbn
 .text          0x01003638       0x24 c:/altera/13.0sp1/nios2eds/bin/gnu/h-i686-mingw32/bin/../lib/gcc/nios2-elf/4.1.2/../../../../nios2-elf/lib\libm.a(lib_a-s_copysign.o)
                0x01003638                copysign
 .text          0x0100365c      0x504 c:/altera/13.0sp1/nios2eds/bin/gnu/h-i686-mingw32/bin/../lib/gcc/nios2-elf/4.1.2\libgcc.a(_addsub_df.o)
                0x01003a6c                __subdf3
                0x01003aec                __adddf3
 .text          0x01003b60      0x3c4 c:/altera/13.0sp1/nios2eds/bin/gnu/h-i686-mingw32/bin/../lib/gcc/nios2-elf/4.1.2\libgcc.a(_mul_df.o)
                0x01003b60                __muldf3
 .text          0x01003f24      0x258 c:/altera/13.0sp1/nios2eds/bin/gnu/h-i686-mingw32/bin/../lib/gcc/nios2-elf/4.1.2\libgcc.a(_div_df.o)
                0x01003f24                __divdf3
 .text          0x0100417c       0x88 c:/altera/13.0sp1/nios2eds/bin/gnu/h-i686-mingw32/bin/../lib/gcc/nios2-elf/4.1.2\libgcc.a(_eq_df.o)
                0x0100417c                __eqdf2
 .text          0x01004204       0x88 c:/altera/13.0sp1/nios2eds/bin/gnu/h-i686-mingw32/bin/../lib/gcc/nios2-elf/4.1.2\libgcc.a(_ne_df.o)
                0x01004204                __nedf2
 .text          0x0100428c       0x88 c:/altera/13.0sp1/nios2eds/bin/gnu/h-i686-mingw32/bin/../lib/gcc/nios2-elf/4.1.2\libgcc.a(_gt_df.o)
                0x0100428c                __gtdf2
 .text          0x01004314       0x88 c:/altera/13.0sp1/nios2eds/bin/gnu/h-i686-mingw32/bin/../lib/gcc/nios2-elf/4.1.2\libgcc.a(_ge_df.o)
                0x01004314                __gedf2
 .text          0x0100439c       0xf8 c:/altera/13.0sp1/nios2eds/bin/gnu/h-i686-mingw32/bin/../lib/gcc/nios2-elf/4.1.2\libgcc.a(_si_to_df.o)
                0x0100439c                __floatsidf
 .text          0x01004494       0xd8 c:/altera/13.0sp1/nios2eds/bin/gnu/h-i686-mingw32/bin/../lib/gcc/nios2-elf/4.1.2\libgcc.a(_df_to_si.o)
                0x01004494                __fixdfsi
 .text          0x0100456c        0x0 c:/altera/13.0sp1/nios2eds/bin/gnu/h-i686-mingw32/bin/../lib/gcc/nios2-elf/4.1.2\libgcc.a(_thenan_df.o)
 .text          0x0100456c      0x14c c:/altera/13.0sp1/nios2eds/bin/gnu/h-i686-mingw32/bin/../lib/gcc/nios2-elf/4.1.2\libgcc.a(lib2-divmod.o)
                0x010045e8                __divsi3
                0x01004648                __modsi3
                0x010046a8                __udivsi3
                0x010046b0                __umodsi3
 .text          0x010046b8       0x98 c:/altera/13.0sp1/nios2eds/bin/gnu/h-i686-mingw32/bin/../lib/gcc/nios2-elf/4.1.2\libgcc.a(_muldi3.o)
                0x010046b8                __muldi3
 .text          0x01004750       0x80 c:/altera/13.0sp1/nios2eds/bin/gnu/h-i686-mingw32/bin/../lib/gcc/nios2-elf/4.1.2\libgcc.a(_clzsi2.o)
                0x01004750                __clzsi2
 .text          0x010047d0      0x314 c:/altera/13.0sp1/nios2eds/bin/gnu/h-i686-mingw32/bin/../lib/gcc/nios2-elf/4.1.2\libgcc.a(_pack_df.o)
                0x010047d0                __pack_d
 .text          0x01004ae4      0x138 c:/altera/13.0sp1/nios2eds/bin/gnu/h-i686-mingw32/bin/../lib/gcc/nios2-elf/4.1.2\libgcc.a(_unpack_df.o)
                0x01004ae4                __unpack_d
 .text          0x01004c1c       0xc8 c:/altera/13.0sp1/nios2eds/bin/gnu/h-i686-mingw32/bin/../lib/gcc/nios2-elf/4.1.2\libgcc.a(_fpcmp_parts_df.o)
                0x01004c1c                __fpcmp_parts_d
 .text          0x01004ce4        0x0 c:/altera/13.0sp1/nios2eds/bin/gnu/h-i686-mingw32/bin/../lib/gcc/nios2-elf/4.1.2\libgcc.a(_clz.o)
 .text          0x01004ce4       0x28 c:/altera/13.0sp1/nios2eds/bin/gnu/h-i686-mingw32/bin/../lib/gcc/nios2-elf/4.1.2/../../../../nios2-elf/lib\libc.a(lib_a-malloc.o)
                0x01004ce4                free
                0x01004cf8                malloc
 .text          0x01004d0c      0x740 c:/altera/13.0sp1/nios2eds/bin/gnu/h-i686-mingw32/bin/../lib/gcc/nios2-elf/4.1.2/../../../../nios2-elf/lib\libc.a(lib_a-mallocr.o)
                0x01004d0c                _malloc_r
 .text          0x0100544c       0x78 c:/altera/13.0sp1/nios2eds/bin/gnu/h-i686-mingw32/bin/../lib/gcc/nios2-elf/4.1.2/../../../../nios2-elf/lib\libc.a(lib_a-printf.o)
                0x0100544c                printf
                0x01005490                _printf_r
 .text          0x010054c4       0xb4 c:/altera/13.0sp1/nios2eds/bin/gnu/h-i686-mingw32/bin/../lib/gcc/nios2-elf/4.1.2/../../../../nios2-elf/lib\libc.a(lib_a-puts.o)
                0x010054c4                _puts_r
                0x01005564                puts
 .text          0x01005578       0x70 c:/altera/13.0sp1/nios2eds/bin/gnu/h-i686-mingw32/bin/../lib/gcc/nios2-elf/4.1.2/../../../../nios2-elf/lib\libc.a(lib_a-sbrkr.o)
                0x01005578                _sbrk_r
 .text          0x010055e8       0xd4 c:/altera/13.0sp1/nios2eds/bin/gnu/h-i686-mingw32/bin/../lib/gcc/nios2-elf/4.1.2/../../../../nios2-elf/lib\libc.a(lib_a-sprintf.o)
                0x010055e8                sprintf
                0x0100565c                _sprintf_r
 .text          0x010056bc       0x74 c:/altera/13.0sp1/nios2eds/bin/gnu/h-i686-mingw32/bin/../lib/gcc/nios2-elf/4.1.2/../../../../nios2-elf/lib\libc.a(lib_a-strlen.o)
                0x010056bc                strlen
 .text          0x01005730     0x1f28 c:/altera/13.0sp1/nios2eds/bin/gnu/h-i686-mingw32/bin/../lib/gcc/nios2-elf/4.1.2/../../../../nios2-elf/lib\libc.a(lib_a-vfprintf.o)
                0x01005788                ___vfprintf_internal_r
                0x01007634                __vfprintf_internal
 .text          0x01007658      0x13c c:/altera/13.0sp1/nios2eds/bin/gnu/h-i686-mingw32/bin/../lib/gcc/nios2-elf/4.1.2/../../../../nios2-elf/lib\libc.a(lib_a-wsetup.o)
                0x01007658                __swsetup_r
 .text          0x01007794     0x17cc c:/altera/13.0sp1/nios2eds/bin/gnu/h-i686-mingw32/bin/../lib/gcc/nios2-elf/4.1.2/../../../../nios2-elf/lib\libc.a(lib_a-dtoa.o)
                0x010079ac                _dtoa_r
 .text          0x01008f60      0x230 c:/altera/13.0sp1/nios2eds/bin/gnu/h-i686-mingw32/bin/../lib/gcc/nios2-elf/4.1.2/../../../../nios2-elf/lib\libc.a(lib_a-fflush.o)
                0x01008f60                _fflush_r
                0x0100915c                fflush
 .text          0x01009190      0x2c0 c:/altera/13.0sp1/nios2eds/bin/gnu/h-i686-mingw32/bin/../lib/gcc/nios2-elf/4.1.2/../../../../nios2-elf/lib\libc.a(lib_a-findfp.o)
                0x010091e8                __sfp_lock_acquire
                0x010091ec                __sfp_lock_release
                0x010091f0                __sinit_lock_acquire
                0x010091f4                __sinit_lock_release
                0x010091f8                __sinit
                0x010092ac                __fp_unlock_all
                0x010092c4                __fp_lock_all
                0x010092dc                _cleanup_r
                0x010092e8                _cleanup
                0x010092f8                __sfmoreglue
                0x01009360                __sfp
 .text          0x01009450      0x440 c:/altera/13.0sp1/nios2eds/bin/gnu/h-i686-mingw32/bin/../lib/gcc/nios2-elf/4.1.2/../../../../nios2-elf/lib\libc.a(lib_a-freer.o)
                0x01009450                _malloc_trim_r
                0x0100957c                _free_r
 .text          0x01009890      0x49c c:/altera/13.0sp1/nios2eds/bin/gnu/h-i686-mingw32/bin/../lib/gcc/nios2-elf/4.1.2/../../../../nios2-elf/lib\libc.a(lib_a-fvwrite.o)
                0x01009890                __sfvwrite_r
 .text          0x01009d2c      0x180 c:/altera/13.0sp1/nios2eds/bin/gnu/h-i686-mingw32/bin/../lib/gcc/nios2-elf/4.1.2/../../../../nios2-elf/lib\libc.a(lib_a-fwalk.o)
                0x01009d2c                _fwalk_reent
                0x01009df4                _fwalk
 .text          0x01009eac        0x0 c:/altera/13.0sp1/nios2eds/bin/gnu/h-i686-mingw32/bin/../lib/gcc/nios2-elf/4.1.2/../../../../nios2-elf/lib\libc.a(lib_a-impure.o)
 .text          0x01009eac        0x0 c:/altera/13.0sp1/nios2eds/bin/gnu/h-i686-mingw32/bin/../lib/gcc/nios2-elf/4.1.2/../../../../nios2-elf/lib\libc.a(lib_a-int_errno.o)
 .text          0x01009eac       0xc4 c:/altera/13.0sp1/nios2eds/bin/gnu/h-i686-mingw32/bin/../lib/gcc/nios2-elf/4.1.2/../../../../nios2-elf/lib\libc.a(lib_a-locale.o)
                0x01009eac                __locale_charset
                0x01009eb4                _localeconv_r
                0x01009ec0                localeconv
                0x01009ed0                _setlocale_r
                0x01009f54                setlocale
 .text          0x01009f70      0x194 c:/altera/13.0sp1/nios2eds/bin/gnu/h-i686-mingw32/bin/../lib/gcc/nios2-elf/4.1.2/../../../../nios2-elf/lib\libc.a(lib_a-makebuf.o)
                0x01009f70                __smakebuf_r
 .text          0x0100a104       0xe4 c:/altera/13.0sp1/nios2eds/bin/gnu/h-i686-mingw32/bin/../lib/gcc/nios2-elf/4.1.2/../../../../nios2-elf/lib\libc.a(lib_a-memchr.o)
                0x0100a104                memchr
 .text          0x0100a1e8       0xa0 c:/altera/13.0sp1/nios2eds/bin/gnu/h-i686-mingw32/bin/../lib/gcc/nios2-elf/4.1.2/../../../../nios2-elf/lib\libc.a(lib_a-memcpy.o)
                0x0100a1e8                memcpy
 .text          0x0100a288       0xe0 c:/altera/13.0sp1/nios2eds/bin/gnu/h-i686-mingw32/bin/../lib/gcc/nios2-elf/4.1.2/../../../../nios2-elf/lib\libc.a(lib_a-memmove.o)
                0x0100a288                memmove
 .text          0x0100a368       0x98 c:/altera/13.0sp1/nios2eds/bin/gnu/h-i686-mingw32/bin/../lib/gcc/nios2-elf/4.1.2/../../../../nios2-elf/lib\libc.a(lib_a-memset.o)
                0x0100a368                memset
 .text          0x0100a400      0xff4 c:/altera/13.0sp1/nios2eds/bin/gnu/h-i686-mingw32/bin/../lib/gcc/nios2-elf/4.1.2/../../../../nios2-elf/lib\libc.a(lib_a-mprec.o)
                0x0100a400                _Bfree
                0x0100a428                __hi0bits
                0x0100a498                __lo0bits
                0x0100a55c                __mcmp
                0x0100a5bc                __ulp
                0x0100a63c                __b2d
                0x0100a75c                __ratio
                0x0100a80c                _mprec_log10
                0x0100a8a0                __copybits
                0x0100a8f8                __any_on
                0x0100a980                _Balloc
                0x0100aa3c                __d2b
                0x0100abb8                __mdiff
                0x0100ad44                __lshift
                0x0100ae90                __multiply
                0x0100b078                __i2b
                0x0100b0b4                __multadd
                0x0100b1b4                __pow5mult
                0x0100b2d4                __s2b
 .text          0x0100b3f4      0x5f4 c:/altera/13.0sp1/nios2eds/bin/gnu/h-i686-mingw32/bin/../lib/gcc/nios2-elf/4.1.2/../../../../nios2-elf/lib\libc.a(lib_a-reallocr.o)
                0x0100b3f4                _realloc_r
 .text          0x0100b9e8       0x40 c:/altera/13.0sp1/nios2eds/bin/gnu/h-i686-mingw32/bin/../lib/gcc/nios2-elf/4.1.2/../../../../nios2-elf/lib\libc.a(lib_a-s_isinfd.o)
                0x0100b9e8                __isinfd
 .text          0x0100ba28       0x30 c:/altera/13.0sp1/nios2eds/bin/gnu/h-i686-mingw32/bin/../lib/gcc/nios2-elf/4.1.2/../../../../nios2-elf/lib\libc.a(lib_a-s_isnand.o)
                0x0100ba28                __isnand
 .text          0x0100ba58      0x14c c:/altera/13.0sp1/nios2eds/bin/gnu/h-i686-mingw32/bin/../lib/gcc/nios2-elf/4.1.2/../../../../nios2-elf/lib\libc.a(lib_a-stdio.o)
                0x0100ba58                __sclose
                0x0100ba60                __sseek
                0x0100bac8                __swrite
                0x0100bb44                __sread
 .text          0x0100bba4       0xbc c:/altera/13.0sp1/nios2eds/bin/gnu/h-i686-mingw32/bin/../lib/gcc/nios2-elf/4.1.2/../../../../nios2-elf/lib\libc.a(lib_a-strcmp.o)
                0x0100bba4                strcmp
 .text          0x0100bc60       0x78 c:/altera/13.0sp1/nios2eds/bin/gnu/h-i686-mingw32/bin/../lib/gcc/nios2-elf/4.1.2/../../../../nios2-elf/lib\libc.a(lib_a-writer.o)
                0x0100bc60                _write_r
 .text          0x0100bcd8       0xb4 c:/altera/13.0sp1/nios2eds/bin/gnu/h-i686-mingw32/bin/../lib/gcc/nios2-elf/4.1.2/../../../../nios2-elf/lib\libc.a(lib_a-callocr.o)
                0x0100bcd8                _calloc_r
 .text          0x0100bd8c       0x70 c:/altera/13.0sp1/nios2eds/bin/gnu/h-i686-mingw32/bin/../lib/gcc/nios2-elf/4.1.2/../../../../nios2-elf/lib\libc.a(lib_a-closer.o)
                0x0100bd8c                _close_r
 .text          0x0100bdfc      0x124 c:/altera/13.0sp1/nios2eds/bin/gnu/h-i686-mingw32/bin/../lib/gcc/nios2-elf/4.1.2/../../../../nios2-elf/lib\libc.a(lib_a-fclose.o)
                0x0100bdfc                _fclose_r
                0x0100bf0c                fclose
 .text          0x0100bf20       0x74 c:/altera/13.0sp1/nios2eds/bin/gnu/h-i686-mingw32/bin/../lib/gcc/nios2-elf/4.1.2/../../../../nios2-elf/lib\libc.a(lib_a-fstatr.o)
                0x0100bf20                _fstat_r
 .text          0x0100bf94       0x70 c:/altera/13.0sp1/nios2eds/bin/gnu/h-i686-mingw32/bin/../lib/gcc/nios2-elf/4.1.2/../../../../nios2-elf/lib\libc.a(lib_a-isattyr.o)
                0x0100bf94                _isatty_r
 .text          0x0100c004       0x78 c:/altera/13.0sp1/nios2eds/bin/gnu/h-i686-mingw32/bin/../lib/gcc/nios2-elf/4.1.2/../../../../nios2-elf/lib\libc.a(lib_a-lseekr.o)
                0x0100c004                _lseek_r
 .text          0x0100c07c       0x78 c:/altera/13.0sp1/nios2eds/bin/gnu/h-i686-mingw32/bin/../lib/gcc/nios2-elf/4.1.2/../../../../nios2-elf/lib\libc.a(lib_a-readr.o)
                0x0100c07c                _read_r
 .text          0x0100c0f4      0x5dc c:/altera/13.0sp1/nios2eds/bin/gnu/h-i686-mingw32/bin/../lib/gcc/nios2-elf/4.1.2\libgcc.a(_udivdi3.o)
                0x0100c0f4                __udivdi3
 .text          0x0100c6d0      0x5b0 c:/altera/13.0sp1/nios2eds/bin/gnu/h-i686-mingw32/bin/../lib/gcc/nios2-elf/4.1.2\libgcc.a(_umoddi3.o)
                0x0100c6d0                __umoddi3
 .text          0x0100cc80       0x88 c:/altera/13.0sp1/nios2eds/bin/gnu/h-i686-mingw32/bin/../lib/gcc/nios2-elf/4.1.2\libgcc.a(_lt_df.o)
                0x0100cc80                __ltdf2
 .text          0x0100cd08      0x194 c:/altera/13.0sp1/nios2eds/bin/gnu/h-i686-mingw32/bin/../lib/gcc/nios2-elf/4.1.2\libgcc.a(_usi_to_df.o)
                0x0100cd08                __floatunsidf
 .text          0x0100ce9c      0x15c ../Module1Software_bsp/\libhal_bsp.a(alt_close.o)
                0x0100ce9c                close
 .text          0x0100cff8       0x2c ../Module1Software_bsp/\libhal_bsp.a(alt_dev.o)
 .text          0x0100d024        0x0 ../Module1Software_bsp/\libhal_bsp.a(alt_errno.o)
 .text          0x0100d024      0x134 ../Module1Software_bsp/\libhal_bsp.a(alt_fstat.o)
                0x0100d024                fstat
 .text          0x0100d158      0x120 ../Module1Software_bsp/\libhal_bsp.a(alt_isatty.o)
                0x0100d158                isatty
 .text          0x0100d278       0xec ../Module1Software_bsp/\libhal_bsp.a(alt_load.o)
                0x0100d278                alt_load
 .text          0x0100d364      0x150 ../Module1Software_bsp/\libhal_bsp.a(alt_lseek.o)
                0x0100d364                lseek
 .text          0x0100d4b4       0x6c ../Module1Software_bsp/\libhal_bsp.a(alt_main.o)
                0x0100d4b4                alt_main
 .text          0x0100d520       0x40 ../Module1Software_bsp/\libhal_bsp.a(alt_malloc_lock.o)
                0x0100d520                __malloc_lock
                0x0100d540                __malloc_unlock
 .text          0x0100d560      0x180 ../Module1Software_bsp/\libhal_bsp.a(alt_read.o)
                0x0100d560                read
 .text          0x0100d6e0       0x60 ../Module1Software_bsp/\libhal_bsp.a(alt_release_fd.o)
                0x0100d6e0                alt_release_fd
 .text          0x0100d740       0xbc ../Module1Software_bsp/\libhal_bsp.a(alt_sbrk.o)
                0x0100d740                sbrk
 .text          0x0100d7fc       0x30 ../Module1Software_bsp/\libhal_bsp.a(alt_usleep.o)
                0x0100d7fc                usleep
 .text          0x0100d82c      0x180 ../Module1Software_bsp/\libhal_bsp.a(alt_write.o)
                0x0100d82c                write
 .text          0x0100d9ac      0x3c0 ../Module1Software_bsp/\libhal_bsp.a(alt_sys_init.o)
                0x0100d9ac                alt_irq_init
                0x0100d9e0                alt_sys_init
 .text          0x0100dd6c     0x4604 ../Module1Software_bsp/\libhal_bsp.a(Altera_UP_SD_Card_Avalon_Interface.o)
                0x0100dd6c                Write_Sector_Data
                0x0100de34                Save_Modified_Sector
                0x0100de84                Read_Sector_Data
                0x0100df80                get_cluster_flag
                0x0100e038                mark_cluster
                0x0100e11c                Check_for_Master_Boot_Record
                0x0100e2cc                Read_File_Record_At_Offset
                0x0100e550                Write_File_Record_At_Offset
                0x0100e808                Check_for_DOS_FAT
                0x0100ee50                Look_for_FAT16
                0x0100ef54                filename_to_upper_case
                0x0100f024                check_file_name_for_FAT16_compliance
                0x0100f2b4                get_dir_divider_location
                0x0100f374                match_file_record_to_name_ext
                0x0100f660                get_home_directory_cluster_for_file
                0x0100fb74                find_file_in_directory
                0x0100ffd8                find_first_empty_cluster
                0x0101017c                find_first_empty_record_in_a_subdirectory
                0x010103c8                find_first_empty_record_in_root_directory
                0x010104f4                convert_filename_to_name_extension
                0x010106ac                create_file
                0x01010980                copy_file_record_name_to_string
                0x01010ad4                alt_up_sd_card_open_dev
                0x01010b98                alt_up_sd_card_is_Present
                0x01010c60                alt_up_sd_card_is_FAT16
                0x01010cd4                alt_up_sd_card_find_first
                0x01010da8                alt_up_sd_card_find_next
                0x01011158                alt_up_sd_card_fopen
                0x01011500                alt_up_sd_card_set_attributes
                0x01011590                alt_up_sd_card_get_attributes
                0x0101161c                alt_up_sd_card_read
                0x010119b0                alt_up_sd_card_write
                0x01011fec                alt_up_sd_card_fclose
                0x010121e4                Read_Sector_Data_CRC
                0x010122e0                Read_Sector_Data_Attempt_CRC
 .text          0x01012370      0x148 ../Module1Software_bsp/\libhal_bsp.a(altera_avalon_jtag_uart_fd.o)
                0x01012370                altera_avalon_jtag_uart_read_fd
                0x010123c8                altera_avalon_jtag_uart_write_fd
                0x01012420                altera_avalon_jtag_uart_close_fd
                0x01012468                altera_avalon_jtag_uart_ioctl_fd
 .text          0x010124b8      0x408 ../Module1Software_bsp/\libhal_bsp.a(altera_avalon_jtag_uart_init.o)
                0x010124b8                altera_avalon_jtag_uart_init
                0x0101284c                altera_avalon_jtag_uart_close
 .text          0x010128c0       0xf4 ../Module1Software_bsp/\libhal_bsp.a(altera_avalon_jtag_uart_ioctl.o)
                0x010128c0                altera_avalon_jtag_uart_ioctl
 .text          0x010129b4      0x224 ../Module1Software_bsp/\libhal_bsp.a(altera_avalon_jtag_uart_read.o)
                0x010129b4                altera_avalon_jtag_uart_read
 .text          0x01012bd8      0x240 ../Module1Software_bsp/\libhal_bsp.a(altera_avalon_jtag_uart_write.o)
                0x01012bd8                altera_avalon_jtag_uart_write
 .text          0x01012e18       0xfc ../Module1Software_bsp/\libhal_bsp.a(altera_avalon_timer_sc.o)
                0x01012e8c                alt_avalon_timer_sc_init
 .text          0x01012f14      0x530 ../Module1Software_bsp/\libhal_bsp.a(altera_up_avalon_character_lcd.o)
                0x01012f14                get_DDRAM_addr
                0x01012f90                alt_up_character_lcd_send_cmd
                0x01012fc4                alt_up_character_lcd_init
                0x01012ff8                alt_up_character_lcd_open_dev
                0x01013038                alt_up_character_lcd_write
                0x010130b0                alt_up_character_lcd_string
                0x01013128                alt_up_character_lcd_write_fd
                0x01013174                alt_up_character_lcd_set_cursor_pos
                0x010131ec                alt_up_character_lcd_shift_cursor
                0x0101329c                alt_up_character_lcd_shift_display
                0x0101334c                alt_up_character_lcd_erase_pos
                0x010133dc                alt_up_character_lcd_cursor_off
                0x01013410                alt_up_character_lcd_cursor_blink_on
 .text          0x01013444      0x700 ../Module1Software_bsp/\libhal_bsp.a(altera_up_avalon_ps2.o)
                0x01013444                read_RI_bit
                0x01013478                read_RE_bit
                0x010134a8                read_CE_bit
                0x010134dc                read_num_bytes_available
                0x01013510                read_data_valid
                0x01013544                read_data_byte
                0x01013570                alt_up_ps2_init
                0x0101363c                alt_up_ps2_enable_read_interrupt
                0x01013690                alt_up_ps2_disable_read_interrupt
                0x010136e8                alt_up_ps2_write_data_byte
                0x01013760                alt_up_ps2_wait_for_ack
                0x010137d0                alt_up_ps2_write_data_byte_with_ack
                0x0101383c                alt_up_ps2_read_data_byte_timeout
                0x010138ec                alt_up_ps2_read_data_byte
                0x01013968                alt_up_ps2_clear_fifo
                0x010139c0                alt_up_ps2_read_fd
                0x01013a5c                alt_up_ps2_write_fd
                0x01013b04                alt_up_ps2_open_dev
 .text          0x01013b44      0x304 ../Module1Software_bsp/\libhal_bsp.a(altera_up_avalon_video_character_buffer_with_dma.o)
                0x01013b44                alt_up_char_buffer_init
                0x01013bc8                alt_up_char_buffer_open_dev
                0x01013c08                alt_up_char_buffer_draw
                0x01013cd8                alt_up_char_buffer_string
                0x01013dec                alt_up_char_buffer_clear
 .text          0x01013e48     0x156c ../Module1Software_bsp/\libhal_bsp.a(altera_up_avalon_video_pixel_buffer_dma.o)
                0x01013e48                alt_up_pixel_buffer_dma_open_dev
                0x01013e88                alt_up_pixel_buffer_dma_draw
                0x01014028                alt_up_pixel_buffer_dma_change_back_buffer_address
                0x01014080                alt_up_pixel_buffer_dma_swap_buffers
                0x010140d8                alt_up_pixel_buffer_dma_check_swap_buffers_status
                0x0101410c                alt_up_pixel_buffer_dma_clear_screen
                0x01014270                alt_up_pixel_buffer_dma_draw_box
                0x01014764                alt_up_pixel_buffer_dma_draw_hline
                0x01014ab4                alt_up_pixel_buffer_dma_draw_vline
                0x01014e84                alt_up_pixel_buffer_dma_draw_rectangle
                0x01014f48                helper_plot_pixel
                0x01015018                alt_up_pixel_buffer_dma_draw_line
 .text          0x010153b4      0x5e0 ../Module1Software_bsp/\libhal_bsp.a(altera_up_ps2_keyboard.o)
                0x010153b4                get_multi_byte_make_code_index
                0x0101542c                get_single_byte_make_code_index
                0x010154a4                get_next_state
                0x01015700                decode_scancode
                0x010157ac                set_keyboard_rate
                0x0101580c                translate_make_code
                0x01015914                reset_keyboard
 .text          0x01015994      0x154 ../Module1Software_bsp/\libhal_bsp.a(alt_alarm_start.o)
                0x01015994                alt_alarm_start
 .text          0x01015ae8      0x14c ../Module1Software_bsp/\libhal_bsp.a(alt_busy_sleep.o)
                0x01015ae8                alt_busy_sleep
 .text          0x01015c34       0x44 ../Module1Software_bsp/\libhal_bsp.a(alt_dcache_flush_all.o)
                0x01015c34                alt_dcache_flush_all
 .text          0x01015c78      0x114 ../Module1Software_bsp/\libhal_bsp.a(alt_dev_llist_insert.o)
                0x01015c78                alt_dev_llist_insert
 .text          0x01015d8c       0x64 ../Module1Software_bsp/\libhal_bsp.a(alt_do_ctors.o)
                0x01015d8c                _do_ctors
 .text          0x01015df0       0x64 ../Module1Software_bsp/\libhal_bsp.a(alt_do_dtors.o)
                0x01015df0                _do_dtors
 .text          0x01015e54       0x94 ../Module1Software_bsp/\libhal_bsp.a(alt_find_dev.o)
                0x01015e54                alt_find_dev
 .text          0x01015ee8       0x30 ../Module1Software_bsp/\libhal_bsp.a(alt_icache_flush_all.o)
                0x01015ee8                alt_icache_flush_all
 .text          0x01015f18      0x13c ../Module1Software_bsp/\libhal_bsp.a(alt_io_redirect.o)
                0x01015fdc                alt_io_redirect
 .text          0x01016054      0x1c0 ../Module1Software_bsp/\libhal_bsp.a(alt_irq_register.o)
                0x01016054                alt_irq_register
 .text          0x01016214        0x0 ../Module1Software_bsp/\libhal_bsp.a(alt_irq_vars.o)
 .text          0x01016214      0x2c4 ../Module1Software_bsp/\libhal_bsp.a(alt_open.o)
                0x010162f0                open
 .text          0x010164d8      0x1a4 ../Module1Software_bsp/\libhal_bsp.a(alt_tick.o)
                0x010164d8                alt_alarm_stop
                0x01016570                alt_tick
 .text          0x0101667c       0x20 ../Module1Software_bsp/\libhal_bsp.a(altera_nios2_qsys_irq.o)
                0x0101667c                altera_nios2_qsys_irq_init
 .text          0x0101669c      0x120 ../Module1Software_bsp/\libhal_bsp.a(alt_find_file.o)
                0x0101669c                alt_find_file
 .text          0x010167bc       0xb8 ../Module1Software_bsp/\libhal_bsp.a(alt_get_fd.o)
                0x010167bc                alt_get_fd
 .text          0x01016874       0x90 ../Module1Software_bsp/\libhal_bsp.a(alt_icache_flush.o)
                0x01016874                alt_icache_flush
 .text          0x01016904        0x0 ../Module1Software_bsp/\libhal_bsp.a(alt_irq_entry.o)
 .text          0x01016904        0x0 ../Module1Software_bsp/\libhal_bsp.a(alt_irq_handler.o)
 .text          0x01016904        0x0 ../Module1Software_bsp/\libhal_bsp.a(alt_exception_entry.o)
 .text          0x01016904       0x78 c:/altera/13.0sp1/nios2eds/bin/gnu/h-i686-mingw32/bin/../lib/gcc/nios2-elf/4.1.2/../../../../nios2-elf/lib\libc.a(lib_a-assert.o)
                0x01016904                __assert_func
                0x01016968                __assert
 .text          0x0101697c       0x14 c:/altera/13.0sp1/nios2eds/bin/gnu/h-i686-mingw32/bin/../lib/gcc/nios2-elf/4.1.2/../../../../nios2-elf/lib\libc.a(lib_a-atexit.o)
                0x0101697c                atexit
 .text          0x01016990       0x38 c:/altera/13.0sp1/nios2eds/bin/gnu/h-i686-mingw32/bin/../lib/gcc/nios2-elf/4.1.2/../../../../nios2-elf/lib\libc.a(lib_a-exit.o)
                0x01016990                exit
 .text          0x010169c8       0x6c c:/altera/13.0sp1/nios2eds/bin/gnu/h-i686-mingw32/bin/../lib/gcc/nios2-elf/4.1.2/../../../../nios2-elf/lib\libc.a(lib_a-fiprintf.o)
                0x010169c8                fiprintf
                0x01016a0c                _fiprintf_r
 .text          0x01016a34       0x74 c:/altera/13.0sp1/nios2eds/bin/gnu/h-i686-mingw32/bin/../lib/gcc/nios2-elf/4.1.2/../../../../nios2-elf/lib\libc.a(lib_a-memcmp.o)
                0x01016a34                memcmp
 .text          0x01016aa8       0x8c c:/altera/13.0sp1/nios2eds/bin/gnu/h-i686-mingw32/bin/../lib/gcc/nios2-elf/4.1.2/../../../../nios2-elf/lib\libc.a(lib_a-strcpy.o)
                0x01016aa8                strcpy
 .text          0x01016b34       0x1c c:/altera/13.0sp1/nios2eds/bin/gnu/h-i686-mingw32/bin/../lib/gcc/nios2-elf/4.1.2/../../../../nios2-elf/lib\libc.a(lib_a-vfiprintfr_1.o)
                0x01016b34                _vfiprintf_r
 .text          0x01016b50      0x134 c:/altera/13.0sp1/nios2eds/bin/gnu/h-i686-mingw32/bin/../lib/gcc/nios2-elf/4.1.2/../../../../nios2-elf/lib\libc.a(lib_a-__atexit.o)
                0x01016b50                __register_exitproc
 .text          0x01016c84      0x1b4 c:/altera/13.0sp1/nios2eds/bin/gnu/h-i686-mingw32/bin/../lib/gcc/nios2-elf/4.1.2/../../../../nios2-elf/lib\libc.a(lib_a-__call_atexit.o)
                0x01016c88                __call_exitprocs
 .text          0x01016e38       0x18 c:/altera/13.0sp1/nios2eds/bin/gnu/h-i686-mingw32/bin/../lib/gcc/nios2-elf/4.1.2/../../../../nios2-elf/lib\libc.a(lib_a-abort.o)
                0x01016e38                abort
 .text          0x01016e50      0x2d8 c:/altera/13.0sp1/nios2eds/bin/gnu/h-i686-mingw32/bin/../lib/gcc/nios2-elf/4.1.2/../../../../nios2-elf/lib\libc.a(lib_a-signal.o)
                0x01016e50                _raise_r
                0x01016f1c                raise
                0x01016f30                _init_signal_r
                0x01016f94                _init_signal
                0x01016fa4                __sigtramp_r
                0x01017058                __sigtramp
                0x0101706c                _signal_r
                0x0101710c                signal
 .text          0x01017128       0x78 c:/altera/13.0sp1/nios2eds/bin/gnu/h-i686-mingw32/bin/../lib/gcc/nios2-elf/4.1.2/../../../../nios2-elf/lib\libc.a(lib_a-signalr.o)
                0x01017128                _getpid_r
                0x0101712c                _kill_r
 .text          0x010171a0     0x1120 c:/altera/13.0sp1/nios2eds/bin/gnu/h-i686-mingw32/bin/../lib/gcc/nios2-elf/4.1.2/../../../../nios2-elf/lib\libc.a(lib_a-vfiprintf.o)
                0x010171f8                ___vfiprintf_internal_r
                0x0101829c                __vfiprintf_internal
 .text          0x010182c0       0x60 ../Module1Software_bsp/\libhal_bsp.a(alt_exit.o)
                0x01018300                _exit
 .text          0x01018320       0x20 ../Module1Software_bsp/\libhal_bsp.a(alt_getpid.o)
                0x01018320                getpid
 .text          0x01018340      0x1a0 ../Module1Software_bsp/\libhal_bsp.a(alt_kill.o)
                0x01018340                kill
 *(.gnu.warning.*)
 *(.fini)
                0x010184e0                PROVIDE (__etext, ABSOLUTE (.))
                0x010184e0                PROVIDE (_etext, ABSOLUTE (.))
                0x010184e0                PROVIDE (etext, ABSOLUTE (.))
 *(.eh_frame_hdr)
                0x010184e0                . = ALIGN (0x4)
                0x010184e0                PROVIDE (__preinit_array_start, ABSOLUTE (.))
 *(.preinit_array)
                0x010184e0                PROVIDE (__preinit_array_end, ABSOLUTE (.))
                0x010184e0                PROVIDE (__init_array_start, ABSOLUTE (.))
 *(.init_array)
                0x010184e0                PROVIDE (__init_array_end, ABSOLUTE (.))
                0x010184e0                PROVIDE (__fini_array_start, ABSOLUTE (.))
 *(.fini_array)
                0x010184e0                PROVIDE (__fini_array_end, ABSOLUTE (.))
 *(.eh_frame)
 *(.gcc_except_table)
 *(.dynamic)
                0x010184e0                PROVIDE (__CTOR_LIST__, ABSOLUTE (.))
 *(.ctors)
 *(SORT(.ctors.*))
 .ctors.65535   0x010184e0        0x4 c:/altera/13.0sp1/nios2eds/bin/gnu/h-i686-mingw32/bin/../lib/gcc/nios2-elf/4.1.2/../../../../nios2-elf/lib\libc.a(lib_a-__call_atexit.o)
                0x010184e4                PROVIDE (__CTOR_END__, ABSOLUTE (.))
                0x010184e4                PROVIDE (__DTOR_LIST__, ABSOLUTE (.))
 *(.dtors)
 *(SORT(.dtors.*))
                0x010184e4                PROVIDE (__DTOR_END__, ABSOLUTE (.))
 *(.jcr)
                0x010184e4                . = ALIGN (0x4)

.rodata         0x010184e4      0xaa0
                0x010184e4                PROVIDE (__ram_rodata_start, ABSOLUTE (.))
                0x010184e4                . = ALIGN (0x4)
 *(.rodata .rodata.* .gnu.linkonce.r.*)
 .rodata        0x010184e4       0xcc obj/default/hardware_init.o
 .rodata        0x010185b0       0x58 obj/default/keyboard.o
 .rodata        0x01018608       0x9c obj/default/main.o
 .rodata        0x010186a4      0x188 c:/altera/13.0sp1/nios2eds/bin/gnu/h-i686-mingw32/bin/../lib/gcc/nios2-elf/4.1.2/../../../../nios2-elf/lib\libm.a(lib_a-e_rem_pio2.o)
 .rodata        0x0101882c       0x50 c:/altera/13.0sp1/nios2eds/bin/gnu/h-i686-mingw32/bin/../lib/gcc/nios2-elf/4.1.2/../../../../nios2-elf/lib\libm.a(lib_a-k_rem_pio2.o)
 .rodata        0x0101887c       0x14 c:/altera/13.0sp1/nios2eds/bin/gnu/h-i686-mingw32/bin/../lib/gcc/nios2-elf/4.1.2\libgcc.a(_thenan_df.o)
                0x0101887c                __thenan_df
 .rodata        0x01018890      0x100 c:/altera/13.0sp1/nios2eds/bin/gnu/h-i686-mingw32/bin/../lib/gcc/nios2-elf/4.1.2\libgcc.a(_clz.o)
                0x01018890                __clz_tab
 .rodata.str1.4
                0x01018990        0x2 c:/altera/13.0sp1/nios2eds/bin/gnu/h-i686-mingw32/bin/../lib/gcc/nios2-elf/4.1.2/../../../../nios2-elf/lib\libc.a(lib_a-puts.o)
                                  0x4 (size before relaxing)
 *fill*         0x01018992        0x2 00
 .rodata.str1.4
                0x01018994       0x5e c:/altera/13.0sp1/nios2eds/bin/gnu/h-i686-mingw32/bin/../lib/gcc/nios2-elf/4.1.2/../../../../nios2-elf/lib\libc.a(lib_a-vfprintf.o)
                                 0x60 (size before relaxing)
 .rodata        0x010189f2       0x20 c:/altera/13.0sp1/nios2eds/bin/gnu/h-i686-mingw32/bin/../lib/gcc/nios2-elf/4.1.2/../../../../nios2-elf/lib\libc.a(lib_a-vfprintf.o)
 *fill*         0x01018a12        0x2 00
 .rodata.str1.4
                0x01018a14       0x10 c:/altera/13.0sp1/nios2eds/bin/gnu/h-i686-mingw32/bin/../lib/gcc/nios2-elf/4.1.2/../../../../nios2-elf/lib\libc.a(lib_a-dtoa.o)
                                 0x14 (size before relaxing)
 .rodata.str1.4
                0x01018a24        0x2 c:/altera/13.0sp1/nios2eds/bin/gnu/h-i686-mingw32/bin/../lib/gcc/nios2-elf/4.1.2/../../../../nios2-elf/lib\libc.a(lib_a-impure.o)
                                  0x4 (size before relaxing)
 *fill*         0x01018a26        0x2 00
 .rodata.str1.4
                0x01018a28        0xf c:/altera/13.0sp1/nios2eds/bin/gnu/h-i686-mingw32/bin/../lib/gcc/nios2-elf/4.1.2/../../../../nios2-elf/lib\libc.a(lib_a-locale.o)
                                 0x18 (size before relaxing)
 *fill*         0x01018a37        0x1 00
 .rodata        0x01018a38       0x30 c:/altera/13.0sp1/nios2eds/bin/gnu/h-i686-mingw32/bin/../lib/gcc/nios2-elf/4.1.2/../../../../nios2-elf/lib\libc.a(lib_a-locale.o)
 .rodata        0x01018a68      0x124 c:/altera/13.0sp1/nios2eds/bin/gnu/h-i686-mingw32/bin/../lib/gcc/nios2-elf/4.1.2/../../../../nios2-elf/lib\libc.a(lib_a-mprec.o)
                0x01018a68                __mprec_tens
                0x01018b30                __mprec_bigtens
                0x01018b58                __mprec_tinytens
 .rodata        0x01018b8c        0xc ../Module1Software_bsp/\libhal_bsp.a(alt_dev.o)
 .rodata        0x01018b98        0xc ../Module1Software_bsp/\libhal_bsp.a(alt_main.o)
 .rodata        0x01018ba4       0xc8 ../Module1Software_bsp/\libhal_bsp.a(alt_sys_init.o)
 .rodata        0x01018c6c       0x60 ../Module1Software_bsp/\libhal_bsp.a(Altera_UP_SD_Card_Avalon_Interface.o)
 .rodata        0x01018ccc       0x1c ../Module1Software_bsp/\libhal_bsp.a(altera_up_avalon_video_character_buffer_with_dma.o)
 .rodata        0x01018ce8      0x23c ../Module1Software_bsp/\libhal_bsp.a(altera_up_ps2_keyboard.o)
 .rodata.str1.4
                0x01018f24       0x40 c:/altera/13.0sp1/nios2eds/bin/gnu/h-i686-mingw32/bin/../lib/gcc/nios2-elf/4.1.2/../../../../nios2-elf/lib\libc.a(lib_a-assert.o)
                                 0x44 (size before relaxing)
 .rodata.str1.4
                0x00000000       0x4c c:/altera/13.0sp1/nios2eds/bin/gnu/h-i686-mingw32/bin/../lib/gcc/nios2-elf/4.1.2/../../../../nios2-elf/lib\libc.a(lib_a-vfiprintf.o)
 .rodata        0x01018f64       0x20 c:/altera/13.0sp1/nios2eds/bin/gnu/h-i686-mingw32/bin/../lib/gcc/nios2-elf/4.1.2/../../../../nios2-elf/lib\libc.a(lib_a-vfiprintf.o)
 *(.rodata1)
                0x01018f84                . = ALIGN (0x4)
                0x01018f84                PROVIDE (__ram_rodata_end, ABSOLUTE (.))
                0x010184e4                PROVIDE (__flash_rodata_start, LOADADDR (.rodata))

.rwdata         0x01018f84     0x1e84 load address 0x0101ae08
                0x01018f84                PROVIDE (__ram_rwdata_start, ABSOLUTE (.))
                0x01018f84                . = ALIGN (0x4)
 *(.got.plt)
 *(.got)
 *(.data1)
 *(.data .data.* .gnu.linkonce.d.*)
 .data          0x01018f84        0x0 ../Module1Software_bsp//obj/HAL/src/crt0.o
 .data          0x01018f84        0x0 obj/default/game.o
 .data          0x01018f84        0x0 obj/default/graphics.o
 .data          0x01018f84        0x0 obj/default/hardware_init.o
 .data          0x01018f84        0x0 obj/default/keyboard.o
 .data          0x01018f84        0x0 obj/default/main.o
 .data          0x01018f84        0x0 obj/default/player.o
 .data          0x01018f84        0x0 c:/altera/13.0sp1/nios2eds/bin/gnu/h-i686-mingw32/bin/../lib/gcc/nios2-elf/4.1.2/../../../../nios2-elf/lib\libm.a(lib_a-s_cos.o)
 .data          0x01018f84        0x0 c:/altera/13.0sp1/nios2eds/bin/gnu/h-i686-mingw32/bin/../lib/gcc/nios2-elf/4.1.2/../../../../nios2-elf/lib\libm.a(lib_a-s_sin.o)
 .data          0x01018f84        0x0 c:/altera/13.0sp1/nios2eds/bin/gnu/h-i686-mingw32/bin/../lib/gcc/nios2-elf/4.1.2/../../../../nios2-elf/lib\libm.a(lib_a-e_rem_pio2.o)
 .data          0x01018f84        0x0 c:/altera/13.0sp1/nios2eds/bin/gnu/h-i686-mingw32/bin/../lib/gcc/nios2-elf/4.1.2/../../../../nios2-elf/lib\libm.a(lib_a-k_cos.o)
 .data          0x01018f84        0x0 c:/altera/13.0sp1/nios2eds/bin/gnu/h-i686-mingw32/bin/../lib/gcc/nios2-elf/4.1.2/../../../../nios2-elf/lib\libm.a(lib_a-k_rem_pio2.o)
 .data          0x01018f84        0x0 c:/altera/13.0sp1/nios2eds/bin/gnu/h-i686-mingw32/bin/../lib/gcc/nios2-elf/4.1.2/../../../../nios2-elf/lib\libm.a(lib_a-k_sin.o)
 .data          0x01018f84        0x0 c:/altera/13.0sp1/nios2eds/bin/gnu/h-i686-mingw32/bin/../lib/gcc/nios2-elf/4.1.2/../../../../nios2-elf/lib\libm.a(lib_a-s_fabs.o)
 .data          0x01018f84        0x0 c:/altera/13.0sp1/nios2eds/bin/gnu/h-i686-mingw32/bin/../lib/gcc/nios2-elf/4.1.2/../../../../nios2-elf/lib\libm.a(lib_a-s_floor.o)
 .data          0x01018f84        0x0 c:/altera/13.0sp1/nios2eds/bin/gnu/h-i686-mingw32/bin/../lib/gcc/nios2-elf/4.1.2/../../../../nios2-elf/lib\libm.a(lib_a-s_scalbn.o)
 .data          0x01018f84        0x0 c:/altera/13.0sp1/nios2eds/bin/gnu/h-i686-mingw32/bin/../lib/gcc/nios2-elf/4.1.2/../../../../nios2-elf/lib\libm.a(lib_a-s_copysign.o)
 .data          0x01018f84        0x0 c:/altera/13.0sp1/nios2eds/bin/gnu/h-i686-mingw32/bin/../lib/gcc/nios2-elf/4.1.2\libgcc.a(_addsub_df.o)
 .data          0x01018f84        0x0 c:/altera/13.0sp1/nios2eds/bin/gnu/h-i686-mingw32/bin/../lib/gcc/nios2-elf/4.1.2\libgcc.a(_mul_df.o)
 .data          0x01018f84        0x0 c:/altera/13.0sp1/nios2eds/bin/gnu/h-i686-mingw32/bin/../lib/gcc/nios2-elf/4.1.2\libgcc.a(_div_df.o)
 .data          0x01018f84        0x0 c:/altera/13.0sp1/nios2eds/bin/gnu/h-i686-mingw32/bin/../lib/gcc/nios2-elf/4.1.2\libgcc.a(_eq_df.o)
 .data          0x01018f84        0x0 c:/altera/13.0sp1/nios2eds/bin/gnu/h-i686-mingw32/bin/../lib/gcc/nios2-elf/4.1.2\libgcc.a(_ne_df.o)
 .data          0x01018f84        0x0 c:/altera/13.0sp1/nios2eds/bin/gnu/h-i686-mingw32/bin/../lib/gcc/nios2-elf/4.1.2\libgcc.a(_gt_df.o)
 .data          0x01018f84        0x0 c:/altera/13.0sp1/nios2eds/bin/gnu/h-i686-mingw32/bin/../lib/gcc/nios2-elf/4.1.2\libgcc.a(_ge_df.o)
 .data          0x01018f84        0x0 c:/altera/13.0sp1/nios2eds/bin/gnu/h-i686-mingw32/bin/../lib/gcc/nios2-elf/4.1.2\libgcc.a(_si_to_df.o)
 .data          0x01018f84        0x0 c:/altera/13.0sp1/nios2eds/bin/gnu/h-i686-mingw32/bin/../lib/gcc/nios2-elf/4.1.2\libgcc.a(_df_to_si.o)
 .data          0x01018f84        0x0 c:/altera/13.0sp1/nios2eds/bin/gnu/h-i686-mingw32/bin/../lib/gcc/nios2-elf/4.1.2\libgcc.a(_thenan_df.o)
 .data          0x01018f84        0x0 c:/altera/13.0sp1/nios2eds/bin/gnu/h-i686-mingw32/bin/../lib/gcc/nios2-elf/4.1.2\libgcc.a(lib2-divmod.o)
 .data          0x01018f84        0x0 c:/altera/13.0sp1/nios2eds/bin/gnu/h-i686-mingw32/bin/../lib/gcc/nios2-elf/4.1.2\libgcc.a(_muldi3.o)
 .data          0x01018f84        0x0 c:/altera/13.0sp1/nios2eds/bin/gnu/h-i686-mingw32/bin/../lib/gcc/nios2-elf/4.1.2\libgcc.a(_clzsi2.o)
 .data          0x01018f84        0x0 c:/altera/13.0sp1/nios2eds/bin/gnu/h-i686-mingw32/bin/../lib/gcc/nios2-elf/4.1.2\libgcc.a(_pack_df.o)
 .data          0x01018f84        0x0 c:/altera/13.0sp1/nios2eds/bin/gnu/h-i686-mingw32/bin/../lib/gcc/nios2-elf/4.1.2\libgcc.a(_unpack_df.o)
 .data          0x01018f84        0x0 c:/altera/13.0sp1/nios2eds/bin/gnu/h-i686-mingw32/bin/../lib/gcc/nios2-elf/4.1.2\libgcc.a(_fpcmp_parts_df.o)
 .data          0x01018f84        0x0 c:/altera/13.0sp1/nios2eds/bin/gnu/h-i686-mingw32/bin/../lib/gcc/nios2-elf/4.1.2\libgcc.a(_clz.o)
 .data          0x01018f84        0x0 c:/altera/13.0sp1/nios2eds/bin/gnu/h-i686-mingw32/bin/../lib/gcc/nios2-elf/4.1.2/../../../../nios2-elf/lib\libc.a(lib_a-malloc.o)
 .data          0x01018f84      0x408 c:/altera/13.0sp1/nios2eds/bin/gnu/h-i686-mingw32/bin/../lib/gcc/nios2-elf/4.1.2/../../../../nios2-elf/lib\libc.a(lib_a-mallocr.o)
                0x01018f84                __malloc_av_
 .data          0x0101938c        0x0 c:/altera/13.0sp1/nios2eds/bin/gnu/h-i686-mingw32/bin/../lib/gcc/nios2-elf/4.1.2/../../../../nios2-elf/lib\libc.a(lib_a-printf.o)
 .data          0x0101938c        0x0 c:/altera/13.0sp1/nios2eds/bin/gnu/h-i686-mingw32/bin/../lib/gcc/nios2-elf/4.1.2/../../../../nios2-elf/lib\libc.a(lib_a-puts.o)
 .data          0x0101938c        0x0 c:/altera/13.0sp1/nios2eds/bin/gnu/h-i686-mingw32/bin/../lib/gcc/nios2-elf/4.1.2/../../../../nios2-elf/lib\libc.a(lib_a-sbrkr.o)
 .data          0x0101938c        0x0 c:/altera/13.0sp1/nios2eds/bin/gnu/h-i686-mingw32/bin/../lib/gcc/nios2-elf/4.1.2/../../../../nios2-elf/lib\libc.a(lib_a-sprintf.o)
 .data          0x0101938c        0x0 c:/altera/13.0sp1/nios2eds/bin/gnu/h-i686-mingw32/bin/../lib/gcc/nios2-elf/4.1.2/../../../../nios2-elf/lib\libc.a(lib_a-strlen.o)
 .data          0x0101938c        0x0 c:/altera/13.0sp1/nios2eds/bin/gnu/h-i686-mingw32/bin/../lib/gcc/nios2-elf/4.1.2/../../../../nios2-elf/lib\libc.a(lib_a-vfprintf.o)
 .data          0x0101938c        0x0 c:/altera/13.0sp1/nios2eds/bin/gnu/h-i686-mingw32/bin/../lib/gcc/nios2-elf/4.1.2/../../../../nios2-elf/lib\libc.a(lib_a-wsetup.o)
 .data          0x0101938c        0x0 c:/altera/13.0sp1/nios2eds/bin/gnu/h-i686-mingw32/bin/../lib/gcc/nios2-elf/4.1.2/../../../../nios2-elf/lib\libc.a(lib_a-dtoa.o)
 .data          0x0101938c        0x0 c:/altera/13.0sp1/nios2eds/bin/gnu/h-i686-mingw32/bin/../lib/gcc/nios2-elf/4.1.2/../../../../nios2-elf/lib\libc.a(lib_a-fflush.o)
 .data          0x0101938c        0x0 c:/altera/13.0sp1/nios2eds/bin/gnu/h-i686-mingw32/bin/../lib/gcc/nios2-elf/4.1.2/../../../../nios2-elf/lib\libc.a(lib_a-findfp.o)
 .data          0x0101938c        0x0 c:/altera/13.0sp1/nios2eds/bin/gnu/h-i686-mingw32/bin/../lib/gcc/nios2-elf/4.1.2/../../../../nios2-elf/lib\libc.a(lib_a-freer.o)
 .data          0x0101938c        0x0 c:/altera/13.0sp1/nios2eds/bin/gnu/h-i686-mingw32/bin/../lib/gcc/nios2-elf/4.1.2/../../../../nios2-elf/lib\libc.a(lib_a-fvwrite.o)
 .data          0x0101938c        0x0 c:/altera/13.0sp1/nios2eds/bin/gnu/h-i686-mingw32/bin/../lib/gcc/nios2-elf/4.1.2/../../../../nios2-elf/lib\libc.a(lib_a-fwalk.o)
 .data          0x0101938c      0x400 c:/altera/13.0sp1/nios2eds/bin/gnu/h-i686-mingw32/bin/../lib/gcc/nios2-elf/4.1.2/../../../../nios2-elf/lib\libc.a(lib_a-impure.o)
 .data          0x0101978c        0x0 c:/altera/13.0sp1/nios2eds/bin/gnu/h-i686-mingw32/bin/../lib/gcc/nios2-elf/4.1.2/../../../../nios2-elf/lib\libc.a(lib_a-int_errno.o)
 .data          0x0101978c        0xc c:/altera/13.0sp1/nios2eds/bin/gnu/h-i686-mingw32/bin/../lib/gcc/nios2-elf/4.1.2/../../../../nios2-elf/lib\libc.a(lib_a-locale.o)
                0x0101978c                __lc_ctype
 .data          0x01019798        0x0 c:/altera/13.0sp1/nios2eds/bin/gnu/h-i686-mingw32/bin/../lib/gcc/nios2-elf/4.1.2/../../../../nios2-elf/lib\libc.a(lib_a-makebuf.o)
 .data          0x01019798        0x0 c:/altera/13.0sp1/nios2eds/bin/gnu/h-i686-mingw32/bin/../lib/gcc/nios2-elf/4.1.2/../../../../nios2-elf/lib\libc.a(lib_a-memchr.o)
 .data          0x01019798        0x0 c:/altera/13.0sp1/nios2eds/bin/gnu/h-i686-mingw32/bin/../lib/gcc/nios2-elf/4.1.2/../../../../nios2-elf/lib\libc.a(lib_a-memcpy.o)
 .data          0x01019798        0x0 c:/altera/13.0sp1/nios2eds/bin/gnu/h-i686-mingw32/bin/../lib/gcc/nios2-elf/4.1.2/../../../../nios2-elf/lib\libc.a(lib_a-memmove.o)
 .data          0x01019798        0x0 c:/altera/13.0sp1/nios2eds/bin/gnu/h-i686-mingw32/bin/../lib/gcc/nios2-elf/4.1.2/../../../../nios2-elf/lib\libc.a(lib_a-memset.o)
 .data          0x01019798        0x0 c:/altera/13.0sp1/nios2eds/bin/gnu/h-i686-mingw32/bin/../lib/gcc/nios2-elf/4.1.2/../../../../nios2-elf/lib\libc.a(lib_a-mprec.o)
 .data          0x01019798        0x0 c:/altera/13.0sp1/nios2eds/bin/gnu/h-i686-mingw32/bin/../lib/gcc/nios2-elf/4.1.2/../../../../nios2-elf/lib\libc.a(lib_a-reallocr.o)
 .data          0x01019798        0x0 c:/altera/13.0sp1/nios2eds/bin/gnu/h-i686-mingw32/bin/../lib/gcc/nios2-elf/4.1.2/../../../../nios2-elf/lib\libc.a(lib_a-s_isinfd.o)
 .data          0x01019798        0x0 c:/altera/13.0sp1/nios2eds/bin/gnu/h-i686-mingw32/bin/../lib/gcc/nios2-elf/4.1.2/../../../../nios2-elf/lib\libc.a(lib_a-s_isnand.o)
 .data          0x01019798        0x0 c:/altera/13.0sp1/nios2eds/bin/gnu/h-i686-mingw32/bin/../lib/gcc/nios2-elf/4.1.2/../../../../nios2-elf/lib\libc.a(lib_a-stdio.o)
 .data          0x01019798        0x0 c:/altera/13.0sp1/nios2eds/bin/gnu/h-i686-mingw32/bin/../lib/gcc/nios2-elf/4.1.2/../../../../nios2-elf/lib\libc.a(lib_a-strcmp.o)
 .data          0x01019798        0x0 c:/altera/13.0sp1/nios2eds/bin/gnu/h-i686-mingw32/bin/../lib/gcc/nios2-elf/4.1.2/../../../../nios2-elf/lib\libc.a(lib_a-writer.o)
 .data          0x01019798        0x0 c:/altera/13.0sp1/nios2eds/bin/gnu/h-i686-mingw32/bin/../lib/gcc/nios2-elf/4.1.2/../../../../nios2-elf/lib\libc.a(lib_a-callocr.o)
 .data          0x01019798        0x0 c:/altera/13.0sp1/nios2eds/bin/gnu/h-i686-mingw32/bin/../lib/gcc/nios2-elf/4.1.2/../../../../nios2-elf/lib\libc.a(lib_a-closer.o)
 .data          0x01019798        0x0 c:/altera/13.0sp1/nios2eds/bin/gnu/h-i686-mingw32/bin/../lib/gcc/nios2-elf/4.1.2/../../../../nios2-elf/lib\libc.a(lib_a-fclose.o)
 .data          0x01019798        0x0 c:/altera/13.0sp1/nios2eds/bin/gnu/h-i686-mingw32/bin/../lib/gcc/nios2-elf/4.1.2/../../../../nios2-elf/lib\libc.a(lib_a-fstatr.o)
 .data          0x01019798        0x0 c:/altera/13.0sp1/nios2eds/bin/gnu/h-i686-mingw32/bin/../lib/gcc/nios2-elf/4.1.2/../../../../nios2-elf/lib\libc.a(lib_a-isattyr.o)
 .data          0x01019798        0x0 c:/altera/13.0sp1/nios2eds/bin/gnu/h-i686-mingw32/bin/../lib/gcc/nios2-elf/4.1.2/../../../../nios2-elf/lib\libc.a(lib_a-lseekr.o)
 .data          0x01019798        0x0 c:/altera/13.0sp1/nios2eds/bin/gnu/h-i686-mingw32/bin/../lib/gcc/nios2-elf/4.1.2/../../../../nios2-elf/lib\libc.a(lib_a-readr.o)
 .data          0x01019798        0x0 c:/altera/13.0sp1/nios2eds/bin/gnu/h-i686-mingw32/bin/../lib/gcc/nios2-elf/4.1.2\libgcc.a(_udivdi3.o)
 .data          0x01019798        0x0 c:/altera/13.0sp1/nios2eds/bin/gnu/h-i686-mingw32/bin/../lib/gcc/nios2-elf/4.1.2\libgcc.a(_umoddi3.o)
 .data          0x01019798        0x0 c:/altera/13.0sp1/nios2eds/bin/gnu/h-i686-mingw32/bin/../lib/gcc/nios2-elf/4.1.2\libgcc.a(_lt_df.o)
 .data          0x01019798        0x0 c:/altera/13.0sp1/nios2eds/bin/gnu/h-i686-mingw32/bin/../lib/gcc/nios2-elf/4.1.2\libgcc.a(_usi_to_df.o)
 .data          0x01019798        0x0 ../Module1Software_bsp/\libhal_bsp.a(alt_close.o)
 .data          0x01019798      0x1a8 ../Module1Software_bsp/\libhal_bsp.a(alt_dev.o)
                0x01019798                alt_dev_null
                0x010197c0                alt_fd_list
 .data          0x01019940        0x0 ../Module1Software_bsp/\libhal_bsp.a(alt_errno.o)
 .data          0x01019940        0x0 ../Module1Software_bsp/\libhal_bsp.a(alt_fstat.o)
 .data          0x01019940        0x0 ../Module1Software_bsp/\libhal_bsp.a(alt_isatty.o)
 .data          0x01019940        0x0 ../Module1Software_bsp/\libhal_bsp.a(alt_load.o)
 .data          0x01019940        0x0 ../Module1Software_bsp/\libhal_bsp.a(alt_lseek.o)
 .data          0x01019940        0x0 ../Module1Software_bsp/\libhal_bsp.a(alt_main.o)
 .data          0x01019940        0x0 ../Module1Software_bsp/\libhal_bsp.a(alt_malloc_lock.o)
 .data          0x01019940        0x0 ../Module1Software_bsp/\libhal_bsp.a(alt_read.o)
 .data          0x01019940        0x0 ../Module1Software_bsp/\libhal_bsp.a(alt_release_fd.o)
 .data          0x01019940        0x0 ../Module1Software_bsp/\libhal_bsp.a(alt_sbrk.o)
 .data          0x01019940        0x0 ../Module1Software_bsp/\libhal_bsp.a(alt_usleep.o)
 .data          0x01019940        0x0 ../Module1Software_bsp/\libhal_bsp.a(alt_write.o)
 .data          0x01019940     0x11bc ../Module1Software_bsp/\libhal_bsp.a(alt_sys_init.o)
 .data          0x0101aafc        0x0 ../Module1Software_bsp/\libhal_bsp.a(Altera_UP_SD_Card_Avalon_Interface.o)
 .data          0x0101aafc        0x0 ../Module1Software_bsp/\libhal_bsp.a(altera_avalon_jtag_uart_fd.o)
 .data          0x0101aafc        0x0 ../Module1Software_bsp/\libhal_bsp.a(altera_avalon_jtag_uart_init.o)
 .data          0x0101aafc        0x0 ../Module1Software_bsp/\libhal_bsp.a(altera_avalon_jtag_uart_ioctl.o)
 .data          0x0101aafc        0x0 ../Module1Software_bsp/\libhal_bsp.a(altera_avalon_jtag_uart_read.o)
 .data          0x0101aafc        0x0 ../Module1Software_bsp/\libhal_bsp.a(altera_avalon_jtag_uart_write.o)
 .data          0x0101aafc        0x0 ../Module1Software_bsp/\libhal_bsp.a(altera_avalon_timer_sc.o)
 .data          0x0101aafc        0x0 ../Module1Software_bsp/\libhal_bsp.a(altera_up_avalon_character_lcd.o)
 .data          0x0101aafc        0x0 ../Module1Software_bsp/\libhal_bsp.a(altera_up_avalon_ps2.o)
 .data          0x0101aafc        0x0 ../Module1Software_bsp/\libhal_bsp.a(altera_up_avalon_video_character_buffer_with_dma.o)
 .data          0x0101aafc        0x0 ../Module1Software_bsp/\libhal_bsp.a(altera_up_avalon_video_pixel_buffer_dma.o)
 .data          0x0101aafc      0x2cc ../Module1Software_bsp/\libhal_bsp.a(altera_up_ps2_keyboard.o)
                0x0101aafc                key_table
                0x0101ac94                ascii_codes
                0x0101acfa                single_byte_make_code
                0x0101ad60                multi_byte_make_code
 .data          0x0101adc8        0x0 ../Module1Software_bsp/\libhal_bsp.a(alt_alarm_start.o)
 .data          0x0101adc8        0x0 ../Module1Software_bsp/\libhal_bsp.a(alt_busy_sleep.o)
 .data          0x0101adc8        0x0 ../Module1Software_bsp/\libhal_bsp.a(alt_dcache_flush_all.o)
 .data          0x0101adc8        0x0 ../Module1Software_bsp/\libhal_bsp.a(alt_dev_llist_insert.o)
 .data          0x0101adc8        0x0 ../Module1Software_bsp/\libhal_bsp.a(alt_do_ctors.o)
 .data          0x0101adc8        0x0 ../Module1Software_bsp/\libhal_bsp.a(alt_do_dtors.o)
 .data          0x0101adc8        0x0 ../Module1Software_bsp/\libhal_bsp.a(alt_find_dev.o)
 .data          0x0101adc8        0x0 ../Module1Software_bsp/\libhal_bsp.a(alt_icache_flush_all.o)
 .data          0x0101adc8        0x0 ../Module1Software_bsp/\libhal_bsp.a(alt_io_redirect.o)
 .data          0x0101adc8        0x0 ../Module1Software_bsp/\libhal_bsp.a(alt_irq_register.o)
 .data          0x0101adc8        0x0 ../Module1Software_bsp/\libhal_bsp.a(alt_irq_vars.o)
 .data          0x0101adc8        0x0 ../Module1Software_bsp/\libhal_bsp.a(alt_open.o)
 .data          0x0101adc8        0x0 ../Module1Software_bsp/\libhal_bsp.a(alt_tick.o)
 .data          0x0101adc8        0x0 ../Module1Software_bsp/\libhal_bsp.a(altera_nios2_qsys_irq.o)
 .data          0x0101adc8        0x0 ../Module1Software_bsp/\libhal_bsp.a(alt_find_file.o)
 .data          0x0101adc8        0x0 ../Module1Software_bsp/\libhal_bsp.a(alt_get_fd.o)
 .data          0x0101adc8        0x0 ../Module1Software_bsp/\libhal_bsp.a(alt_icache_flush.o)
 .data          0x0101adc8        0x0 ../Module1Software_bsp/\libhal_bsp.a(alt_irq_entry.o)
 .data          0x0101adc8        0x0 ../Module1Software_bsp/\libhal_bsp.a(alt_irq_handler.o)
 .data          0x0101adc8        0x0 ../Module1Software_bsp/\libhal_bsp.a(alt_exception_entry.o)
 .data          0x0101adc8        0x0 c:/altera/13.0sp1/nios2eds/bin/gnu/h-i686-mingw32/bin/../lib/gcc/nios2-elf/4.1.2/../../../../nios2-elf/lib\libc.a(lib_a-assert.o)
 .data          0x0101adc8        0x0 c:/altera/13.0sp1/nios2eds/bin/gnu/h-i686-mingw32/bin/../lib/gcc/nios2-elf/4.1.2/../../../../nios2-elf/lib\libc.a(lib_a-atexit.o)
 .data          0x0101adc8        0x0 c:/altera/13.0sp1/nios2eds/bin/gnu/h-i686-mingw32/bin/../lib/gcc/nios2-elf/4.1.2/../../../../nios2-elf/lib\libc.a(lib_a-exit.o)
 .data          0x0101adc8        0x0 c:/altera/13.0sp1/nios2eds/bin/gnu/h-i686-mingw32/bin/../lib/gcc/nios2-elf/4.1.2/../../../../nios2-elf/lib\libc.a(lib_a-fiprintf.o)
 .data          0x0101adc8        0x0 c:/altera/13.0sp1/nios2eds/bin/gnu/h-i686-mingw32/bin/../lib/gcc/nios2-elf/4.1.2/../../../../nios2-elf/lib\libc.a(lib_a-memcmp.o)
 .data          0x0101adc8        0x0 c:/altera/13.0sp1/nios2eds/bin/gnu/h-i686-mingw32/bin/../lib/gcc/nios2-elf/4.1.2/../../../../nios2-elf/lib\libc.a(lib_a-strcpy.o)
 .data          0x0101adc8        0x0 c:/altera/13.0sp1/nios2eds/bin/gnu/h-i686-mingw32/bin/../lib/gcc/nios2-elf/4.1.2/../../../../nios2-elf/lib\libc.a(lib_a-vfiprintfr_1.o)
 .data          0x0101adc8        0x0 c:/altera/13.0sp1/nios2eds/bin/gnu/h-i686-mingw32/bin/../lib/gcc/nios2-elf/4.1.2/../../../../nios2-elf/lib\libc.a(lib_a-__atexit.o)
 .data          0x0101adc8        0x0 c:/altera/13.0sp1/nios2eds/bin/gnu/h-i686-mingw32/bin/../lib/gcc/nios2-elf/4.1.2/../../../../nios2-elf/lib\libc.a(lib_a-__call_atexit.o)
 .data          0x0101adc8        0x0 c:/altera/13.0sp1/nios2eds/bin/gnu/h-i686-mingw32/bin/../lib/gcc/nios2-elf/4.1.2/../../../../nios2-elf/lib\libc.a(lib_a-abort.o)
 .data          0x0101adc8        0x0 c:/altera/13.0sp1/nios2eds/bin/gnu/h-i686-mingw32/bin/../lib/gcc/nios2-elf/4.1.2/../../../../nios2-elf/lib\libc.a(lib_a-signal.o)
 .data          0x0101adc8        0x0 c:/altera/13.0sp1/nios2eds/bin/gnu/h-i686-mingw32/bin/../lib/gcc/nios2-elf/4.1.2/../../../../nios2-elf/lib\libc.a(lib_a-signalr.o)
 .data          0x0101adc8        0x0 c:/altera/13.0sp1/nios2eds/bin/gnu/h-i686-mingw32/bin/../lib/gcc/nios2-elf/4.1.2/../../../../nios2-elf/lib\libc.a(lib_a-vfiprintf.o)
 .data          0x0101adc8        0x0 ../Module1Software_bsp/\libhal_bsp.a(alt_exit.o)
 .data          0x0101adc8        0x0 ../Module1Software_bsp/\libhal_bsp.a(alt_getpid.o)
 .data          0x0101adc8        0x0 ../Module1Software_bsp/\libhal_bsp.a(alt_kill.o)
                0x01022dc8                _gp = ABSOLUTE ((. + 0x8000))
                0x01022dc8                PROVIDE (gp, _gp)
 *(.rwdata .rwdata.*)
 *(.sdata .sdata.* .gnu.linkonce.s.*)
 .sdata         0x0101adc8        0x8 c:/altera/13.0sp1/nios2eds/bin/gnu/h-i686-mingw32/bin/../lib/gcc/nios2-elf/4.1.2/../../../../nios2-elf/lib\libc.a(lib_a-mallocr.o)
                0x0101adc8                __malloc_trim_threshold
                0x0101adcc                __malloc_sbrk_base
 .sdata         0x0101add0        0x8 c:/altera/13.0sp1/nios2eds/bin/gnu/h-i686-mingw32/bin/../lib/gcc/nios2-elf/4.1.2/../../../../nios2-elf/lib\libc.a(lib_a-impure.o)
                0x0101add0                _impure_ptr
                0x0101add4                _global_impure_ptr
 .sdata         0x0101add8        0x8 c:/altera/13.0sp1/nios2eds/bin/gnu/h-i686-mingw32/bin/../lib/gcc/nios2-elf/4.1.2/../../../../nios2-elf/lib\libc.a(lib_a-locale.o)
                0x0101add8                __mb_cur_max
 .sdata         0x0101ade0       0x14 ../Module1Software_bsp/\libhal_bsp.a(alt_dev.o)
                0x0101ade0                alt_fs_list
                0x0101ade8                alt_dev_list
                0x0101adf0                alt_max_fd
 .sdata         0x0101adf4        0x4 ../Module1Software_bsp/\libhal_bsp.a(alt_errno.o)
                0x0101adf4                alt_errno
 .sdata         0x0101adf8        0x4 ../Module1Software_bsp/\libhal_bsp.a(alt_sbrk.o)
 .sdata         0x0101adfc        0x4 ../Module1Software_bsp/\libhal_bsp.a(alt_irq_vars.o)
                0x0101adfc                alt_priority_mask
 .sdata         0x0101ae00        0x8 ../Module1Software_bsp/\libhal_bsp.a(alt_tick.o)
                0x0101ae00                alt_alarm_list
 *(.sdata2 .sdata2.* .gnu.linkonce.s2.*)
                0x0101ae08                . = ALIGN (0x4)
                0x0101ae08                _edata = ABSOLUTE (.)
                0x0101ae08                PROVIDE (edata, ABSOLUTE (.))
                0x0101ae08                PROVIDE (__ram_rwdata_end, ABSOLUTE (.))
                0x0101ae08                PROVIDE (__flash_rwdata_start, LOADADDR (.rwdata))

.bss            0x0101cc8c      0x888
                0x0101cc8c                __bss_start = ABSOLUTE (.)
                0x0101cc8c                PROVIDE (__sbss_start, ABSOLUTE (.))
                0x0101cc8c                PROVIDE (___sbss_start, ABSOLUTE (.))
 *(.dynsbss)
 *(.sbss .sbss.* .gnu.linkonce.sb.*)
 .sbss          0x0101cc8c        0xc c:/altera/13.0sp1/nios2eds/bin/gnu/h-i686-mingw32/bin/../lib/gcc/nios2-elf/4.1.2/../../../../nios2-elf/lib\libc.a(lib_a-mallocr.o)
                0x0101cc8c                __malloc_top_pad
                0x0101cc90                __malloc_max_sbrked_mem
                0x0101cc94                __malloc_max_total_mem
 .sbss          0x0101cc98        0x4 c:/altera/13.0sp1/nios2eds/bin/gnu/h-i686-mingw32/bin/../lib/gcc/nios2-elf/4.1.2/../../../../nios2-elf/lib\libc.a(lib_a-int_errno.o)
                0x0101cc98                errno
 .sbss          0x0101cc9c        0xc c:/altera/13.0sp1/nios2eds/bin/gnu/h-i686-mingw32/bin/../lib/gcc/nios2-elf/4.1.2/../../../../nios2-elf/lib\libc.a(lib_a-locale.o)
                0x0101cc9c                __nlocale_changed
                0x0101cca0                __mlocale_changed
                0x0101cca4                _PathLocale
 .sbss          0x0101cca8        0xc ../Module1Software_bsp/\libhal_bsp.a(alt_main.o)
                0x0101cca8                alt_argc
                0x0101ccac                alt_argv
                0x0101ccb0                alt_envp
 .sbss          0x0101ccb4       0x34 ../Module1Software_bsp/\libhal_bsp.a(Altera_UP_SD_Card_Avalon_Interface.o)
                0x0101ccb4                initialized
                0x0101ccb8                is_sd_card_formated_as_FAT16
                0x0101ccbc                aux_status_register
                0x0101ccc0                status_register
                0x0101ccc4                CSD_register_w0
                0x0101ccc8                command_register
                0x0101cccc                command_argument_register
                0x0101ccd0                buffer_memory
                0x0101ccd4                fat_partition_offset_in_512_byte_sectors
                0x0101ccd8                fat_partition_size_in_512_byte_sectors
                0x0101ccdc                device_pointer
                0x0101cce0                current_sector_modified
                0x0101cce4                current_sector_index
 .sbss          0x0101cce8        0x4 ../Module1Software_bsp/\libhal_bsp.a(alt_irq_vars.o)
                0x0101cce8                alt_irq_active
 .sbss          0x0101ccec        0x8 ../Module1Software_bsp/\libhal_bsp.a(alt_tick.o)
                0x0101ccec                _alt_tick_rate
                0x0101ccf0                _alt_nticks
 *(.sbss2 .sbss2.* .gnu.linkonce.sb2.*)
 *(.scommon)
                0x0101ccf4                PROVIDE (__sbss_end, ABSOLUTE (.))
                0x0101ccf4                PROVIDE (___sbss_end, ABSOLUTE (.))
 *(.dynbss)
 *(.bss .bss.* .gnu.linkonce.b.*)
 .bss           0x0101ccf4        0x0 ../Module1Software_bsp//obj/HAL/src/crt0.o
 .bss           0x0101ccf4        0x0 obj/default/game.o
 .bss           0x0101ccf4        0x0 obj/default/graphics.o
 .bss           0x0101ccf4        0x0 obj/default/hardware_init.o
 .bss           0x0101ccf4        0x0 obj/default/keyboard.o
 .bss           0x0101ccf4        0x0 obj/default/main.o
 .bss           0x0101ccf4        0x0 obj/default/player.o
 .bss           0x0101ccf4        0x0 c:/altera/13.0sp1/nios2eds/bin/gnu/h-i686-mingw32/bin/../lib/gcc/nios2-elf/4.1.2/../../../../nios2-elf/lib\libm.a(lib_a-s_cos.o)
 .bss           0x0101ccf4        0x0 c:/altera/13.0sp1/nios2eds/bin/gnu/h-i686-mingw32/bin/../lib/gcc/nios2-elf/4.1.2/../../../../nios2-elf/lib\libm.a(lib_a-s_sin.o)
 .bss           0x0101ccf4        0x0 c:/altera/13.0sp1/nios2eds/bin/gnu/h-i686-mingw32/bin/../lib/gcc/nios2-elf/4.1.2/../../../../nios2-elf/lib\libm.a(lib_a-e_rem_pio2.o)
 .bss           0x0101ccf4        0x0 c:/altera/13.0sp1/nios2eds/bin/gnu/h-i686-mingw32/bin/../lib/gcc/nios2-elf/4.1.2/../../../../nios2-elf/lib\libm.a(lib_a-k_cos.o)
 .bss           0x0101ccf4        0x0 c:/altera/13.0sp1/nios2eds/bin/gnu/h-i686-mingw32/bin/../lib/gcc/nios2-elf/4.1.2/../../../../nios2-elf/lib\libm.a(lib_a-k_rem_pio2.o)
 .bss           0x0101ccf4        0x0 c:/altera/13.0sp1/nios2eds/bin/gnu/h-i686-mingw32/bin/../lib/gcc/nios2-elf/4.1.2/../../../../nios2-elf/lib\libm.a(lib_a-k_sin.o)
 .bss           0x0101ccf4        0x0 c:/altera/13.0sp1/nios2eds/bin/gnu/h-i686-mingw32/bin/../lib/gcc/nios2-elf/4.1.2/../../../../nios2-elf/lib\libm.a(lib_a-s_fabs.o)
 .bss           0x0101ccf4        0x0 c:/altera/13.0sp1/nios2eds/bin/gnu/h-i686-mingw32/bin/../lib/gcc/nios2-elf/4.1.2/../../../../nios2-elf/lib\libm.a(lib_a-s_floor.o)
 .bss           0x0101ccf4        0x0 c:/altera/13.0sp1/nios2eds/bin/gnu/h-i686-mingw32/bin/../lib/gcc/nios2-elf/4.1.2/../../../../nios2-elf/lib\libm.a(lib_a-s_scalbn.o)
 .bss           0x0101ccf4        0x0 c:/altera/13.0sp1/nios2eds/bin/gnu/h-i686-mingw32/bin/../lib/gcc/nios2-elf/4.1.2/../../../../nios2-elf/lib\libm.a(lib_a-s_copysign.o)
 .bss           0x0101ccf4        0x0 c:/altera/13.0sp1/nios2eds/bin/gnu/h-i686-mingw32/bin/../lib/gcc/nios2-elf/4.1.2\libgcc.a(_addsub_df.o)
 .bss           0x0101ccf4        0x0 c:/altera/13.0sp1/nios2eds/bin/gnu/h-i686-mingw32/bin/../lib/gcc/nios2-elf/4.1.2\libgcc.a(_mul_df.o)
 .bss           0x0101ccf4        0x0 c:/altera/13.0sp1/nios2eds/bin/gnu/h-i686-mingw32/bin/../lib/gcc/nios2-elf/4.1.2\libgcc.a(_div_df.o)
 .bss           0x0101ccf4        0x0 c:/altera/13.0sp1/nios2eds/bin/gnu/h-i686-mingw32/bin/../lib/gcc/nios2-elf/4.1.2\libgcc.a(_eq_df.o)
 .bss           0x0101ccf4        0x0 c:/altera/13.0sp1/nios2eds/bin/gnu/h-i686-mingw32/bin/../lib/gcc/nios2-elf/4.1.2\libgcc.a(_ne_df.o)
 .bss           0x0101ccf4        0x0 c:/altera/13.0sp1/nios2eds/bin/gnu/h-i686-mingw32/bin/../lib/gcc/nios2-elf/4.1.2\libgcc.a(_gt_df.o)
 .bss           0x0101ccf4        0x0 c:/altera/13.0sp1/nios2eds/bin/gnu/h-i686-mingw32/bin/../lib/gcc/nios2-elf/4.1.2\libgcc.a(_ge_df.o)
 .bss           0x0101ccf4        0x0 c:/altera/13.0sp1/nios2eds/bin/gnu/h-i686-mingw32/bin/../lib/gcc/nios2-elf/4.1.2\libgcc.a(_si_to_df.o)
 .bss           0x0101ccf4        0x0 c:/altera/13.0sp1/nios2eds/bin/gnu/h-i686-mingw32/bin/../lib/gcc/nios2-elf/4.1.2\libgcc.a(_df_to_si.o)
 .bss           0x0101ccf4        0x0 c:/altera/13.0sp1/nios2eds/bin/gnu/h-i686-mingw32/bin/../lib/gcc/nios2-elf/4.1.2\libgcc.a(_thenan_df.o)
 .bss           0x0101ccf4        0x0 c:/altera/13.0sp1/nios2eds/bin/gnu/h-i686-mingw32/bin/../lib/gcc/nios2-elf/4.1.2\libgcc.a(lib2-divmod.o)
 .bss           0x0101ccf4        0x0 c:/altera/13.0sp1/nios2eds/bin/gnu/h-i686-mingw32/bin/../lib/gcc/nios2-elf/4.1.2\libgcc.a(_muldi3.o)
 .bss           0x0101ccf4        0x0 c:/altera/13.0sp1/nios2eds/bin/gnu/h-i686-mingw32/bin/../lib/gcc/nios2-elf/4.1.2\libgcc.a(_clzsi2.o)
 .bss           0x0101ccf4        0x0 c:/altera/13.0sp1/nios2eds/bin/gnu/h-i686-mingw32/bin/../lib/gcc/nios2-elf/4.1.2\libgcc.a(_pack_df.o)
 .bss           0x0101ccf4        0x0 c:/altera/13.0sp1/nios2eds/bin/gnu/h-i686-mingw32/bin/../lib/gcc/nios2-elf/4.1.2\libgcc.a(_unpack_df.o)
 .bss           0x0101ccf4        0x0 c:/altera/13.0sp1/nios2eds/bin/gnu/h-i686-mingw32/bin/../lib/gcc/nios2-elf/4.1.2\libgcc.a(_fpcmp_parts_df.o)
 .bss           0x0101ccf4        0x0 c:/altera/13.0sp1/nios2eds/bin/gnu/h-i686-mingw32/bin/../lib/gcc/nios2-elf/4.1.2\libgcc.a(_clz.o)
 .bss           0x0101ccf4        0x0 c:/altera/13.0sp1/nios2eds/bin/gnu/h-i686-mingw32/bin/../lib/gcc/nios2-elf/4.1.2/../../../../nios2-elf/lib\libc.a(lib_a-malloc.o)
 .bss           0x0101ccf4       0x28 c:/altera/13.0sp1/nios2eds/bin/gnu/h-i686-mingw32/bin/../lib/gcc/nios2-elf/4.1.2/../../../../nios2-elf/lib\libc.a(lib_a-mallocr.o)
                0x0101ccf4                __malloc_current_mallinfo
 .bss           0x0101cd1c        0x0 c:/altera/13.0sp1/nios2eds/bin/gnu/h-i686-mingw32/bin/../lib/gcc/nios2-elf/4.1.2/../../../../nios2-elf/lib\libc.a(lib_a-printf.o)
 .bss           0x0101cd1c        0x0 c:/altera/13.0sp1/nios2eds/bin/gnu/h-i686-mingw32/bin/../lib/gcc/nios2-elf/4.1.2/../../../../nios2-elf/lib\libc.a(lib_a-puts.o)
 .bss           0x0101cd1c        0x0 c:/altera/13.0sp1/nios2eds/bin/gnu/h-i686-mingw32/bin/../lib/gcc/nios2-elf/4.1.2/../../../../nios2-elf/lib\libc.a(lib_a-sbrkr.o)
 .bss           0x0101cd1c        0x0 c:/altera/13.0sp1/nios2eds/bin/gnu/h-i686-mingw32/bin/../lib/gcc/nios2-elf/4.1.2/../../../../nios2-elf/lib\libc.a(lib_a-sprintf.o)
 .bss           0x0101cd1c        0x0 c:/altera/13.0sp1/nios2eds/bin/gnu/h-i686-mingw32/bin/../lib/gcc/nios2-elf/4.1.2/../../../../nios2-elf/lib\libc.a(lib_a-strlen.o)
 .bss           0x0101cd1c        0x0 c:/altera/13.0sp1/nios2eds/bin/gnu/h-i686-mingw32/bin/../lib/gcc/nios2-elf/4.1.2/../../../../nios2-elf/lib\libc.a(lib_a-vfprintf.o)
 .bss           0x0101cd1c        0x0 c:/altera/13.0sp1/nios2eds/bin/gnu/h-i686-mingw32/bin/../lib/gcc/nios2-elf/4.1.2/../../../../nios2-elf/lib\libc.a(lib_a-wsetup.o)
 .bss           0x0101cd1c        0x0 c:/altera/13.0sp1/nios2eds/bin/gnu/h-i686-mingw32/bin/../lib/gcc/nios2-elf/4.1.2/../../../../nios2-elf/lib\libc.a(lib_a-dtoa.o)
 .bss           0x0101cd1c        0x0 c:/altera/13.0sp1/nios2eds/bin/gnu/h-i686-mingw32/bin/../lib/gcc/nios2-elf/4.1.2/../../../../nios2-elf/lib\libc.a(lib_a-fflush.o)
 .bss           0x0101cd1c        0x0 c:/altera/13.0sp1/nios2eds/bin/gnu/h-i686-mingw32/bin/../lib/gcc/nios2-elf/4.1.2/../../../../nios2-elf/lib\libc.a(lib_a-findfp.o)
 .bss           0x0101cd1c        0x0 c:/altera/13.0sp1/nios2eds/bin/gnu/h-i686-mingw32/bin/../lib/gcc/nios2-elf/4.1.2/../../../../nios2-elf/lib\libc.a(lib_a-freer.o)
 .bss           0x0101cd1c        0x0 c:/altera/13.0sp1/nios2eds/bin/gnu/h-i686-mingw32/bin/../lib/gcc/nios2-elf/4.1.2/../../../../nios2-elf/lib\libc.a(lib_a-fvwrite.o)
 .bss           0x0101cd1c        0x0 c:/altera/13.0sp1/nios2eds/bin/gnu/h-i686-mingw32/bin/../lib/gcc/nios2-elf/4.1.2/../../../../nios2-elf/lib\libc.a(lib_a-fwalk.o)
 .bss           0x0101cd1c        0x0 c:/altera/13.0sp1/nios2eds/bin/gnu/h-i686-mingw32/bin/../lib/gcc/nios2-elf/4.1.2/../../../../nios2-elf/lib\libc.a(lib_a-impure.o)
 .bss           0x0101cd1c        0x0 c:/altera/13.0sp1/nios2eds/bin/gnu/h-i686-mingw32/bin/../lib/gcc/nios2-elf/4.1.2/../../../../nios2-elf/lib\libc.a(lib_a-int_errno.o)
 .bss           0x0101cd1c        0x0 c:/altera/13.0sp1/nios2eds/bin/gnu/h-i686-mingw32/bin/../lib/gcc/nios2-elf/4.1.2/../../../../nios2-elf/lib\libc.a(lib_a-locale.o)
 .bss           0x0101cd1c        0x0 c:/altera/13.0sp1/nios2eds/bin/gnu/h-i686-mingw32/bin/../lib/gcc/nios2-elf/4.1.2/../../../../nios2-elf/lib\libc.a(lib_a-makebuf.o)
 .bss           0x0101cd1c        0x0 c:/altera/13.0sp1/nios2eds/bin/gnu/h-i686-mingw32/bin/../lib/gcc/nios2-elf/4.1.2/../../../../nios2-elf/lib\libc.a(lib_a-memchr.o)
 .bss           0x0101cd1c        0x0 c:/altera/13.0sp1/nios2eds/bin/gnu/h-i686-mingw32/bin/../lib/gcc/nios2-elf/4.1.2/../../../../nios2-elf/lib\libc.a(lib_a-memcpy.o)
 .bss           0x0101cd1c        0x0 c:/altera/13.0sp1/nios2eds/bin/gnu/h-i686-mingw32/bin/../lib/gcc/nios2-elf/4.1.2/../../../../nios2-elf/lib\libc.a(lib_a-memmove.o)
 .bss           0x0101cd1c        0x0 c:/altera/13.0sp1/nios2eds/bin/gnu/h-i686-mingw32/bin/../lib/gcc/nios2-elf/4.1.2/../../../../nios2-elf/lib\libc.a(lib_a-memset.o)
 .bss           0x0101cd1c        0x0 c:/altera/13.0sp1/nios2eds/bin/gnu/h-i686-mingw32/bin/../lib/gcc/nios2-elf/4.1.2/../../../../nios2-elf/lib\libc.a(lib_a-mprec.o)
 .bss           0x0101cd1c        0x0 c:/altera/13.0sp1/nios2eds/bin/gnu/h-i686-mingw32/bin/../lib/gcc/nios2-elf/4.1.2/../../../../nios2-elf/lib\libc.a(lib_a-reallocr.o)
 .bss           0x0101cd1c        0x0 c:/altera/13.0sp1/nios2eds/bin/gnu/h-i686-mingw32/bin/../lib/gcc/nios2-elf/4.1.2/../../../../nios2-elf/lib\libc.a(lib_a-s_isinfd.o)
 .bss           0x0101cd1c        0x0 c:/altera/13.0sp1/nios2eds/bin/gnu/h-i686-mingw32/bin/../lib/gcc/nios2-elf/4.1.2/../../../../nios2-elf/lib\libc.a(lib_a-s_isnand.o)
 .bss           0x0101cd1c        0x0 c:/altera/13.0sp1/nios2eds/bin/gnu/h-i686-mingw32/bin/../lib/gcc/nios2-elf/4.1.2/../../../../nios2-elf/lib\libc.a(lib_a-stdio.o)
 .bss           0x0101cd1c        0x0 c:/altera/13.0sp1/nios2eds/bin/gnu/h-i686-mingw32/bin/../lib/gcc/nios2-elf/4.1.2/../../../../nios2-elf/lib\libc.a(lib_a-strcmp.o)
 .bss           0x0101cd1c        0x0 c:/altera/13.0sp1/nios2eds/bin/gnu/h-i686-mingw32/bin/../lib/gcc/nios2-elf/4.1.2/../../../../nios2-elf/lib\libc.a(lib_a-writer.o)
 .bss           0x0101cd1c        0x0 c:/altera/13.0sp1/nios2eds/bin/gnu/h-i686-mingw32/bin/../lib/gcc/nios2-elf/4.1.2/../../../../nios2-elf/lib\libc.a(lib_a-callocr.o)
 .bss           0x0101cd1c        0x0 c:/altera/13.0sp1/nios2eds/bin/gnu/h-i686-mingw32/bin/../lib/gcc/nios2-elf/4.1.2/../../../../nios2-elf/lib\libc.a(lib_a-closer.o)
 .bss           0x0101cd1c        0x0 c:/altera/13.0sp1/nios2eds/bin/gnu/h-i686-mingw32/bin/../lib/gcc/nios2-elf/4.1.2/../../../../nios2-elf/lib\libc.a(lib_a-fclose.o)
 .bss           0x0101cd1c        0x0 c:/altera/13.0sp1/nios2eds/bin/gnu/h-i686-mingw32/bin/../lib/gcc/nios2-elf/4.1.2/../../../../nios2-elf/lib\libc.a(lib_a-fstatr.o)
 .bss           0x0101cd1c        0x0 c:/altera/13.0sp1/nios2eds/bin/gnu/h-i686-mingw32/bin/../lib/gcc/nios2-elf/4.1.2/../../../../nios2-elf/lib\libc.a(lib_a-isattyr.o)
 .bss           0x0101cd1c        0x0 c:/altera/13.0sp1/nios2eds/bin/gnu/h-i686-mingw32/bin/../lib/gcc/nios2-elf/4.1.2/../../../../nios2-elf/lib\libc.a(lib_a-lseekr.o)
 .bss           0x0101cd1c        0x0 c:/altera/13.0sp1/nios2eds/bin/gnu/h-i686-mingw32/bin/../lib/gcc/nios2-elf/4.1.2/../../../../nios2-elf/lib\libc.a(lib_a-readr.o)
 .bss           0x0101cd1c        0x0 c:/altera/13.0sp1/nios2eds/bin/gnu/h-i686-mingw32/bin/../lib/gcc/nios2-elf/4.1.2\libgcc.a(_udivdi3.o)
 .bss           0x0101cd1c        0x0 c:/altera/13.0sp1/nios2eds/bin/gnu/h-i686-mingw32/bin/../lib/gcc/nios2-elf/4.1.2\libgcc.a(_umoddi3.o)
 .bss           0x0101cd1c        0x0 c:/altera/13.0sp1/nios2eds/bin/gnu/h-i686-mingw32/bin/../lib/gcc/nios2-elf/4.1.2\libgcc.a(_lt_df.o)
 .bss           0x0101cd1c        0x0 c:/altera/13.0sp1/nios2eds/bin/gnu/h-i686-mingw32/bin/../lib/gcc/nios2-elf/4.1.2\libgcc.a(_usi_to_df.o)
 .bss           0x0101cd1c        0x0 ../Module1Software_bsp/\libhal_bsp.a(alt_close.o)
 .bss           0x0101cd1c        0x0 ../Module1Software_bsp/\libhal_bsp.a(alt_dev.o)
 .bss           0x0101cd1c        0x0 ../Module1Software_bsp/\libhal_bsp.a(alt_errno.o)
 .bss           0x0101cd1c        0x0 ../Module1Software_bsp/\libhal_bsp.a(alt_fstat.o)
 .bss           0x0101cd1c        0x0 ../Module1Software_bsp/\libhal_bsp.a(alt_isatty.o)
 .bss           0x0101cd1c        0x0 ../Module1Software_bsp/\libhal_bsp.a(alt_load.o)
 .bss           0x0101cd1c        0x0 ../Module1Software_bsp/\libhal_bsp.a(alt_lseek.o)
 .bss           0x0101cd1c        0x0 ../Module1Software_bsp/\libhal_bsp.a(alt_main.o)
 .bss           0x0101cd1c        0x0 ../Module1Software_bsp/\libhal_bsp.a(alt_malloc_lock.o)
 .bss           0x0101cd1c        0x0 ../Module1Software_bsp/\libhal_bsp.a(alt_read.o)
 .bss           0x0101cd1c        0x0 ../Module1Software_bsp/\libhal_bsp.a(alt_release_fd.o)
 .bss           0x0101cd1c        0x0 ../Module1Software_bsp/\libhal_bsp.a(alt_sbrk.o)
 .bss           0x0101cd1c        0x0 ../Module1Software_bsp/\libhal_bsp.a(alt_usleep.o)
 .bss           0x0101cd1c        0x0 ../Module1Software_bsp/\libhal_bsp.a(alt_write.o)
 .bss           0x0101cd1c        0x0 ../Module1Software_bsp/\libhal_bsp.a(alt_sys_init.o)
 .bss           0x0101cd1c        0x0 ../Module1Software_bsp/\libhal_bsp.a(Altera_UP_SD_Card_Avalon_Interface.o)
 .bss           0x0101cd1c        0x0 ../Module1Software_bsp/\libhal_bsp.a(altera_avalon_jtag_uart_fd.o)
 .bss           0x0101cd1c        0x0 ../Module1Software_bsp/\libhal_bsp.a(altera_avalon_jtag_uart_init.o)
 .bss           0x0101cd1c        0x0 ../Module1Software_bsp/\libhal_bsp.a(altera_avalon_jtag_uart_ioctl.o)
 .bss           0x0101cd1c        0x0 ../Module1Software_bsp/\libhal_bsp.a(altera_avalon_jtag_uart_read.o)
 .bss           0x0101cd1c        0x0 ../Module1Software_bsp/\libhal_bsp.a(altera_avalon_jtag_uart_write.o)
 .bss           0x0101cd1c        0x0 ../Module1Software_bsp/\libhal_bsp.a(altera_avalon_timer_sc.o)
 .bss           0x0101cd1c        0x0 ../Module1Software_bsp/\libhal_bsp.a(altera_up_avalon_character_lcd.o)
 .bss           0x0101cd1c        0x0 ../Module1Software_bsp/\libhal_bsp.a(altera_up_avalon_ps2.o)
 .bss           0x0101cd1c        0x0 ../Module1Software_bsp/\libhal_bsp.a(altera_up_avalon_video_character_buffer_with_dma.o)
 .bss           0x0101cd1c        0x0 ../Module1Software_bsp/\libhal_bsp.a(altera_up_avalon_video_pixel_buffer_dma.o)
 .bss           0x0101cd1c        0x0 ../Module1Software_bsp/\libhal_bsp.a(altera_up_ps2_keyboard.o)
 .bss           0x0101cd1c        0x0 ../Module1Software_bsp/\libhal_bsp.a(alt_alarm_start.o)
 .bss           0x0101cd1c        0x0 ../Module1Software_bsp/\libhal_bsp.a(alt_busy_sleep.o)
 .bss           0x0101cd1c        0x0 ../Module1Software_bsp/\libhal_bsp.a(alt_dcache_flush_all.o)
 .bss           0x0101cd1c        0x0 ../Module1Software_bsp/\libhal_bsp.a(alt_dev_llist_insert.o)
 .bss           0x0101cd1c        0x0 ../Module1Software_bsp/\libhal_bsp.a(alt_do_ctors.o)
 .bss           0x0101cd1c        0x0 ../Module1Software_bsp/\libhal_bsp.a(alt_do_dtors.o)
 .bss           0x0101cd1c        0x0 ../Module1Software_bsp/\libhal_bsp.a(alt_find_dev.o)
 .bss           0x0101cd1c        0x0 ../Module1Software_bsp/\libhal_bsp.a(alt_icache_flush_all.o)
 .bss           0x0101cd1c        0x0 ../Module1Software_bsp/\libhal_bsp.a(alt_io_redirect.o)
 .bss           0x0101cd1c        0x0 ../Module1Software_bsp/\libhal_bsp.a(alt_irq_register.o)
 .bss           0x0101cd1c        0x0 ../Module1Software_bsp/\libhal_bsp.a(alt_irq_vars.o)
 .bss           0x0101cd1c        0x0 ../Module1Software_bsp/\libhal_bsp.a(alt_open.o)
 .bss           0x0101cd1c        0x0 ../Module1Software_bsp/\libhal_bsp.a(alt_tick.o)
 .bss           0x0101cd1c        0x0 ../Module1Software_bsp/\libhal_bsp.a(altera_nios2_qsys_irq.o)
 .bss           0x0101cd1c        0x0 ../Module1Software_bsp/\libhal_bsp.a(alt_find_file.o)
 .bss           0x0101cd1c        0x0 ../Module1Software_bsp/\libhal_bsp.a(alt_get_fd.o)
 .bss           0x0101cd1c        0x0 ../Module1Software_bsp/\libhal_bsp.a(alt_icache_flush.o)
 .bss           0x0101cd1c        0x0 ../Module1Software_bsp/\libhal_bsp.a(alt_irq_entry.o)
 .bss           0x0101cd1c        0x0 ../Module1Software_bsp/\libhal_bsp.a(alt_irq_handler.o)
 .bss           0x0101cd1c        0x0 ../Module1Software_bsp/\libhal_bsp.a(alt_exception_entry.o)
 .bss           0x0101cd1c        0x0 c:/altera/13.0sp1/nios2eds/bin/gnu/h-i686-mingw32/bin/../lib/gcc/nios2-elf/4.1.2/../../../../nios2-elf/lib\libc.a(lib_a-assert.o)
 .bss           0x0101cd1c        0x0 c:/altera/13.0sp1/nios2eds/bin/gnu/h-i686-mingw32/bin/../lib/gcc/nios2-elf/4.1.2/../../../../nios2-elf/lib\libc.a(lib_a-atexit.o)
 .bss           0x0101cd1c        0x0 c:/altera/13.0sp1/nios2eds/bin/gnu/h-i686-mingw32/bin/../lib/gcc/nios2-elf/4.1.2/../../../../nios2-elf/lib\libc.a(lib_a-exit.o)
 .bss           0x0101cd1c        0x0 c:/altera/13.0sp1/nios2eds/bin/gnu/h-i686-mingw32/bin/../lib/gcc/nios2-elf/4.1.2/../../../../nios2-elf/lib\libc.a(lib_a-fiprintf.o)
 .bss           0x0101cd1c        0x0 c:/altera/13.0sp1/nios2eds/bin/gnu/h-i686-mingw32/bin/../lib/gcc/nios2-elf/4.1.2/../../../../nios2-elf/lib\libc.a(lib_a-memcmp.o)
 .bss           0x0101cd1c        0x0 c:/altera/13.0sp1/nios2eds/bin/gnu/h-i686-mingw32/bin/../lib/gcc/nios2-elf/4.1.2/../../../../nios2-elf/lib\libc.a(lib_a-strcpy.o)
 .bss           0x0101cd1c        0x0 c:/altera/13.0sp1/nios2eds/bin/gnu/h-i686-mingw32/bin/../lib/gcc/nios2-elf/4.1.2/../../../../nios2-elf/lib\libc.a(lib_a-vfiprintfr_1.o)
 .bss           0x0101cd1c        0x0 c:/altera/13.0sp1/nios2eds/bin/gnu/h-i686-mingw32/bin/../lib/gcc/nios2-elf/4.1.2/../../../../nios2-elf/lib\libc.a(lib_a-__atexit.o)
 .bss           0x0101cd1c        0x0 c:/altera/13.0sp1/nios2eds/bin/gnu/h-i686-mingw32/bin/../lib/gcc/nios2-elf/4.1.2/../../../../nios2-elf/lib\libc.a(lib_a-__call_atexit.o)
 .bss           0x0101cd1c        0x0 c:/altera/13.0sp1/nios2eds/bin/gnu/h-i686-mingw32/bin/../lib/gcc/nios2-elf/4.1.2/../../../../nios2-elf/lib\libc.a(lib_a-abort.o)
 .bss           0x0101cd1c        0x0 c:/altera/13.0sp1/nios2eds/bin/gnu/h-i686-mingw32/bin/../lib/gcc/nios2-elf/4.1.2/../../../../nios2-elf/lib\libc.a(lib_a-signal.o)
 .bss           0x0101cd1c        0x0 c:/altera/13.0sp1/nios2eds/bin/gnu/h-i686-mingw32/bin/../lib/gcc/nios2-elf/4.1.2/../../../../nios2-elf/lib\libc.a(lib_a-signalr.o)
 .bss           0x0101cd1c        0x0 c:/altera/13.0sp1/nios2eds/bin/gnu/h-i686-mingw32/bin/../lib/gcc/nios2-elf/4.1.2/../../../../nios2-elf/lib\libc.a(lib_a-vfiprintf.o)
 .bss           0x0101cd1c        0x0 ../Module1Software_bsp/\libhal_bsp.a(alt_exit.o)
 .bss           0x0101cd1c        0x0 ../Module1Software_bsp/\libhal_bsp.a(alt_getpid.o)
 .bss           0x0101cd1c        0x0 ../Module1Software_bsp/\libhal_bsp.a(alt_kill.o)
 *(COMMON)
 COMMON         0x0101cd1c      0x568 ../Module1Software_bsp/\libhal_bsp.a(Altera_UP_SD_Card_Avalon_Interface.o)
                0x0101cd1c                search_data
                0x0101cd30                boot_sector_data
                0x0101cd84                active_files
 COMMON         0x0101d284      0x100 ../Module1Software_bsp/\libhal_bsp.a(alt_irq_handler.o)
                0x0101d284                alt_irq
 COMMON         0x0101d384      0x190 c:/altera/13.0sp1/nios2eds/bin/gnu/h-i686-mingw32/bin/../lib/gcc/nios2-elf/4.1.2/../../../../nios2-elf/lib\libc.a(lib_a-atexit.o)
                0x0101d384                _atexit0
                0x0101d514                . = ALIGN (0x4)
                0x0101d514                __bss_end = ABSOLUTE (.)

.onchip         0x00000000        0x0 load address 0x0101d514
                0x00000000                PROVIDE (_alt_partition_onchip_start, ABSOLUTE (.))
 *(.onchip. onchip.*)
                0x00000000                . = ALIGN (0x4)
                0x00000000                PROVIDE (_alt_partition_onchip_end, ABSOLUTE (.))
                0x0101d514                PROVIDE (_alt_partition_onchip_load_addr, LOADADDR (.onchip))

.sdram          0x0101d514        0x0
                0x0101d514                PROVIDE (_alt_partition_sdram_start, ABSOLUTE (.))
 *(.sdram. sdram.*)
                0x0101d514                . = ALIGN (0x4)
                0x0101d514                PROVIDE (_alt_partition_sdram_end, ABSOLUTE (.))
                0x0101d514                _end = ABSOLUTE (.)
                0x0101d514                end = ABSOLUTE (.)
                0x0101d514                __alt_stack_base = ABSOLUTE (.)
                0x0101d514                PROVIDE (_alt_partition_sdram_load_addr, LOADADDR (.sdram))

.stab
 *(.stab)

.stabstr
 *(.stabstr)

.stab.excl
 *(.stab.excl)

.stab.exclstr
 *(.stab.exclstr)

.stab.index
 *(.stab.index)

.stab.indexstr
 *(.stab.indexstr)

.comment        0x00000000       0x26
 *(.comment)
 .comment       0x00000000       0x26 obj/default/game.o
                                 0x27 (size before relaxing)
 .comment       0x00000000       0x27 obj/default/graphics.o
 .comment       0x00000000       0x27 obj/default/hardware_init.o
 .comment       0x00000000       0x27 obj/default/keyboard.o
 .comment       0x00000000       0x27 obj/default/main.o
 .comment       0x00000000       0x27 obj/default/player.o
 .comment       0x00000000       0x27 c:/altera/13.0sp1/nios2eds/bin/gnu/h-i686-mingw32/bin/../lib/gcc/nios2-elf/4.1.2/../../../../nios2-elf/lib\libm.a(lib_a-s_cos.o)
 .comment       0x00000000       0x27 c:/altera/13.0sp1/nios2eds/bin/gnu/h-i686-mingw32/bin/../lib/gcc/nios2-elf/4.1.2/../../../../nios2-elf/lib\libm.a(lib_a-s_sin.o)
 .comment       0x00000000       0x27 c:/altera/13.0sp1/nios2eds/bin/gnu/h-i686-mingw32/bin/../lib/gcc/nios2-elf/4.1.2/../../../../nios2-elf/lib\libm.a(lib_a-e_rem_pio2.o)
 .comment       0x00000000       0x27 c:/altera/13.0sp1/nios2eds/bin/gnu/h-i686-mingw32/bin/../lib/gcc/nios2-elf/4.1.2/../../../../nios2-elf/lib\libm.a(lib_a-k_cos.o)
 .comment       0x00000000       0x27 c:/altera/13.0sp1/nios2eds/bin/gnu/h-i686-mingw32/bin/../lib/gcc/nios2-elf/4.1.2/../../../../nios2-elf/lib\libm.a(lib_a-k_rem_pio2.o)
 .comment       0x00000000       0x27 c:/altera/13.0sp1/nios2eds/bin/gnu/h-i686-mingw32/bin/../lib/gcc/nios2-elf/4.1.2/../../../../nios2-elf/lib\libm.a(lib_a-k_sin.o)
 .comment       0x00000000       0x27 c:/altera/13.0sp1/nios2eds/bin/gnu/h-i686-mingw32/bin/../lib/gcc/nios2-elf/4.1.2/../../../../nios2-elf/lib\libm.a(lib_a-s_fabs.o)
 .comment       0x00000000       0x27 c:/altera/13.0sp1/nios2eds/bin/gnu/h-i686-mingw32/bin/../lib/gcc/nios2-elf/4.1.2/../../../../nios2-elf/lib\libm.a(lib_a-s_floor.o)
 .comment       0x00000000       0x27 c:/altera/13.0sp1/nios2eds/bin/gnu/h-i686-mingw32/bin/../lib/gcc/nios2-elf/4.1.2/../../../../nios2-elf/lib\libm.a(lib_a-s_scalbn.o)
 .comment       0x00000000       0x27 c:/altera/13.0sp1/nios2eds/bin/gnu/h-i686-mingw32/bin/../lib/gcc/nios2-elf/4.1.2/../../../../nios2-elf/lib\libm.a(lib_a-s_copysign.o)
 .comment       0x00000000       0x27 c:/altera/13.0sp1/nios2eds/bin/gnu/h-i686-mingw32/bin/../lib/gcc/nios2-elf/4.1.2\libgcc.a(_addsub_df.o)
 .comment       0x00000000       0x27 c:/altera/13.0sp1/nios2eds/bin/gnu/h-i686-mingw32/bin/../lib/gcc/nios2-elf/4.1.2\libgcc.a(_mul_df.o)
 .comment       0x00000000       0x27 c:/altera/13.0sp1/nios2eds/bin/gnu/h-i686-mingw32/bin/../lib/gcc/nios2-elf/4.1.2\libgcc.a(_div_df.o)
 .comment       0x00000000       0x27 c:/altera/13.0sp1/nios2eds/bin/gnu/h-i686-mingw32/bin/../lib/gcc/nios2-elf/4.1.2\libgcc.a(_eq_df.o)
 .comment       0x00000000       0x27 c:/altera/13.0sp1/nios2eds/bin/gnu/h-i686-mingw32/bin/../lib/gcc/nios2-elf/4.1.2\libgcc.a(_ne_df.o)
 .comment       0x00000000       0x27 c:/altera/13.0sp1/nios2eds/bin/gnu/h-i686-mingw32/bin/../lib/gcc/nios2-elf/4.1.2\libgcc.a(_gt_df.o)
 .comment       0x00000000       0x27 c:/altera/13.0sp1/nios2eds/bin/gnu/h-i686-mingw32/bin/../lib/gcc/nios2-elf/4.1.2\libgcc.a(_ge_df.o)
 .comment       0x00000000       0x27 c:/altera/13.0sp1/nios2eds/bin/gnu/h-i686-mingw32/bin/../lib/gcc/nios2-elf/4.1.2\libgcc.a(_si_to_df.o)