Archive member included because of file (symbol)

c:/altera/13.0sp1/nios2eds/bin/gnu/h-i686-mingw32/bin/../lib/gcc/nios2-elf/4.1.2/../../../../nios2-elf/lib\libm.a(lib_a-s_cos.o)
                              obj/default/graphics.o (cos)
c:/altera/13.0sp1/nios2eds/bin/gnu/h-i686-mingw32/bin/../lib/gcc/nios2-elf/4.1.2/../../../../nios2-elf/lib\libm.a(lib_a-s_sin.o)
                              obj/default/graphics.o (sin)
c:/altera/13.0sp1/nios2eds/bin/gnu/h-i686-mingw32/bin/../lib/gcc/nios2-elf/4.1.2/../../../../nios2-elf/lib\libm.a(lib_a-e_rem_pio2.o)
                              c:/altera/13.0sp1/nios2eds/bin/gnu/h-i686-mingw32/bin/../lib/gcc/nios2-elf/4.1.2/../../../../nios2-elf/lib\libm.a(lib_a-s_cos.o) (__ieee754_rem_pio2)
c:/altera/13.0sp1/nios2eds/bin/gnu/h-i686-mingw32/bin/../lib/gcc/nios2-elf/4.1.2/../../../../nios2-elf/lib\libm.a(lib_a-k_cos.o)
                              c:/altera/13.0sp1/nios2eds/bin/gnu/h-i686-mingw32/bin/../lib/gcc/nios2-elf/4.1.2/../../../../nios2-elf/lib\libm.a(lib_a-s_cos.o) (__kernel_cos)
c:/altera/13.0sp1/nios2eds/bin/gnu/h-i686-mingw32/bin/../lib/gcc/nios2-elf/4.1.2/../../../../nios2-elf/lib\libm.a(lib_a-k_rem_pio2.o)
                              c:/altera/13.0sp1/nios2eds/bin/gnu/h-i686-mingw32/bin/../lib/gcc/nios2-elf/4.1.2/../../../../nios2-elf/lib\libm.a(lib_a-e_rem_pio2.o) (__kernel_rem_pio2)
c:/altera/13.0sp1/nios2eds/bin/gnu/h-i686-mingw32/bin/../lib/gcc/nios2-elf/4.1.2/../../../../nios2-elf/lib\libm.a(lib_a-k_sin.o)
                              c:/altera/13.0sp1/nios2eds/bin/gnu/h-i686-mingw32/bin/../lib/gcc/nios2-elf/4.1.2/../../../../nios2-elf/lib\libm.a(lib_a-s_cos.o) (__kernel_sin)
c:/altera/13.0sp1/nios2eds/bin/gnu/h-i686-mingw32/bin/../lib/gcc/nios2-elf/4.1.2/../../../../nios2-elf/lib\libm.a(lib_a-s_fabs.o)
                              c:/altera/13.0sp1/nios2eds/bin/gnu/h-i686-mingw32/bin/../lib/gcc/nios2-elf/4.1.2/../../../../nios2-elf/lib\libm.a(lib_a-e_rem_pio2.o) (fabs)
c:/altera/13.0sp1/nios2eds/bin/gnu/h-i686-mingw32/bin/../lib/gcc/nios2-elf/4.1.2/../../../../nios2-elf/lib\libm.a(lib_a-s_floor.o)
                              c:/altera/13.0sp1/nios2eds/bin/gnu/h-i686-mingw32/bin/../lib/gcc/nios2-elf/4.1.2/../../../../nios2-elf/lib\libm.a(lib_a-k_rem_pio2.o) (floor)
c:/altera/13.0sp1/nios2eds/bin/gnu/h-i686-mingw32/bin/../lib/gcc/nios2-elf/4.1.2/../../../../nios2-elf/lib\libm.a(lib_a-s_scalbn.o)
                              c:/altera/13.0sp1/nios2eds/bin/gnu/h-i686-mingw32/bin/../lib/gcc/nios2-elf/4.1.2/../../../../nios2-elf/lib\libm.a(lib_a-k_rem_pio2.o) (scalbn)
c:/altera/13.0sp1/nios2eds/bin/gnu/h-i686-mingw32/bin/../lib/gcc/nios2-elf/4.1.2/../../../../nios2-elf/lib\libm.a(lib_a-s_copysign.o)
                              c:/altera/13.0sp1/nios2eds/bin/gnu/h-i686-mingw32/bin/../lib/gcc/nios2-elf/4.1.2/../../../../nios2-elf/lib\libm.a(lib_a-s_scalbn.o) (copysign)
c:/altera/13.0sp1/nios2eds/bin/gnu/h-i686-mingw32/bin/../lib/gcc/nios2-elf/4.1.2\libgcc.a(_addsub_df.o)
                              obj/default/graphics.o (__subdf3)
c:/altera/13.0sp1/nios2eds/bin/gnu/h-i686-mingw32/bin/../lib/gcc/nios2-elf/4.1.2\libgcc.a(_mul_df.o)
                              obj/default/graphics.o (__muldf3)
c:/altera/13.0sp1/nios2eds/bin/gnu/h-i686-mingw32/bin/../lib/gcc/nios2-elf/4.1.2\libgcc.a(_div_df.o)
                              obj/default/graphics.o (__divdf3)
c:/altera/13.0sp1/nios2eds/bin/gnu/h-i686-mingw32/bin/../lib/gcc/nios2-elf/4.1.2\libgcc.a(_eq_df.o)
                              obj/default/graphics.o (__eqdf2)
c:/altera/13.0sp1/nios2eds/bin/gnu/h-i686-mingw32/bin/../lib/gcc/nios2-elf/4.1.2\libgcc.a(_ne_df.o)
                              obj/default/graphics.o (__nedf2)
c:/altera/13.0sp1/nios2eds/bin/gnu/h-i686-mingw32/bin/../lib/gcc/nios2-elf/4.1.2\libgcc.a(_gt_df.o)
                              c:/altera/13.0sp1/nios2eds/bin/gnu/h-i686-mingw32/bin/../lib/gcc/nios2-elf/4.1.2/../../../../nios2-elf/lib\libm.a(lib_a-s_floor.o) (__gtdf2)
c:/altera/13.0sp1/nios2eds/bin/gnu/h-i686-mingw32/bin/../lib/gcc/nios2-elf/4.1.2\libgcc.a(_ge_df.o)
                              c:/altera/13.0sp1/nios2eds/bin/gnu/h-i686-mingw32/bin/../lib/gcc/nios2-elf/4.1.2/../../../../nios2-elf/lib\libm.a(lib_a-k_rem_pio2.o) (__gedf2)
c:/altera/13.0sp1/nios2eds/bin/gnu/h-i686-mingw32/bin/../lib/gcc/nios2-elf/4.1.2\libgcc.a(_si_to_df.o)
                              obj/default/graphics.o (__floatsidf)
c:/altera/13.0sp1/nios2eds/bin/gnu/h-i686-mingw32/bin/../lib/gcc/nios2-elf/4.1.2\libgcc.a(_df_to_si.o)
                              obj/default/graphics.o (__fixdfsi)
c:/altera/13.0sp1/nios2eds/bin/gnu/h-i686-mingw32/bin/../lib/gcc/nios2-elf/4.1.2\libgcc.a(_thenan_df.o)
                              c:/altera/13.0sp1/nios2eds/bin/gnu/h-i686-mingw32/bin/../lib/gcc/nios2-elf/4.1.2\libgcc.a(_addsub_df.o) (__thenan_df)
c:/altera/13.0sp1/nios2eds/bin/gnu/h-i686-mingw32/bin/../lib/gcc/nios2-elf/4.1.2\libgcc.a(lib2-divmod.o)
[...]
Memory Configuration

Name             Origin             Length             Attributes
onchip           0x00000000         0x00001000
reset            0x01000000         0x00000020
sdram            0x01000020         0x007fffe0
*default*        0x00000000         0xffffffff

Linker script and memory map

LOAD ../Module1Software_bsp//obj/HAL/src/crt0.o
LOAD obj/default/game.o
LOAD obj/default/graphics.o
LOAD obj/default/hardware_init.o
LOAD obj/default/keyboard.o
LOAD obj/default/main.o
LOAD obj/default/player.o
LOAD obj/default/setup_graphics.o
LOAD c:/altera/13.0sp1/nios2eds/bin/gnu/h-i686-mingw32/bin/../lib/gcc/nios2-elf/4.1.2/../../../../nios2-elf/lib\libstdc++.a
LOAD c:/altera/13.0sp1/nios2eds/bin/gnu/h-i686-mingw32/bin/../lib/gcc/nios2-elf/4.1.2/../../../../nios2-elf/lib\libm.a
LOAD c:/altera/13.0sp1/nios2eds/bin/gnu/h-i686-mingw32/bin/../lib/gcc/nios2-elf/4.1.2\libgcc.a
START GROUP
LOAD c:/altera/13.0sp1/nios2eds/bin/gnu/h-i686-mingw32/bin/../lib/gcc/nios2-elf/4.1.2/../../../../nios2-elf/lib\libc.a
LOAD c:/altera/13.0sp1/nios2eds/bin/gnu/h-i686-mingw32/bin/../lib/gcc/nios2-elf/4.1.2\libgcc.a
LOAD ../Module1Software_bsp/\libhal_bsp.a
END GROUP
LOAD c:/altera/13.0sp1/nios2eds/bin/gnu/h-i686-mingw32/bin/../lib/gcc/nios2-elf/4.1.2\libgcc.a
                0x00000000                __alt_mem_onchip = 0x0
                0x01000000                __alt_mem_sdram = 0x1000000

.entry          0x01000000       0x20
 *(.entry)
 .entry         0x01000000       0x20 ../Module1Software_bsp//obj/HAL/src/crt0.o
                0x01000000                __reset

.exceptions     0x01000020      0x198
                0x01000020                PROVIDE (__ram_exceptions_start, ABSOLUTE (.))
                0x01000020                . = ALIGN (0x20)
 *(.irq)
 *(.exceptions.entry.label)
 .exceptions.entry.label
                0x01000020        0x0 ../Module1Software_bsp/\libhal_bsp.a(alt_irq_entry.o)
                0x01000020                alt_irq_entry
 .exceptions.entry.label
                0x01000020        0x0 ../Module1Software_bsp/\libhal_bsp.a(alt_exception_entry.o)
                0x01000020                alt_exception
 *(.exceptions.entry.user)
 *(.exceptions.entry)
 .exceptions.entry
                0x01000020       0x54 ../Module1Software_bsp/\libhal_bsp.a(alt_exception_entry.o)
 *(.exceptions.irqtest.user)
 *(.exceptions.irqtest)
 .exceptions.irqtest
                0x01000074       0x10 ../Module1Software_bsp/\libhal_bsp.a(alt_irq_entry.o)
 *(.exceptions.irqhandler.user)
 *(.exceptions.irqhandler)
 .exceptions.irqhandler
                0x01000084        0x4 ../Module1Software_bsp/\libhal_bsp.a(alt_irq_entry.o)
 *(.exceptions.irqreturn.user)
 *(.exceptions.irqreturn)
 .exceptions.irqreturn
                0x01000088        0x4 ../Module1Software_bsp/\libhal_bsp.a(alt_irq_entry.o)
 *(.exceptions.notirq.label)
 .exceptions.notirq.label
                0x0100008c        0x0 ../Module1Software_bsp/\libhal_bsp.a(alt_irq_entry.o)
 *(.exceptions.notirq.user)
 *(.exceptions.notirq)
 .exceptions.notirq
                0x0100008c        0x8 ../Module1Software_bsp/\libhal_bsp.a(alt_exception_entry.o)
 *(.exceptions.soft.user)
 *(.exceptions.soft)
 *(.exceptions.unknown.user)
 *(.exceptions.unknown)
 .exceptions.unknown
                0x01000094        0x4 ../Module1Software_bsp/\libhal_bsp.a(alt_exception_entry.o)
 *(.exceptions.exit.label)
 .exceptions.exit.label
                0x01000098        0x0 ../Module1Software_bsp/\libhal_bsp.a(alt_irq_entry.o)
 .exceptions.exit.label
                0x01000098        0x0 ../Module1Software_bsp/\libhal_bsp.a(alt_exception_entry.o)
 *(.exceptions.exit.user)
 *(.exceptions.exit)
 .exceptions.exit
                0x01000098       0x54 ../Module1Software_bsp/\libhal_bsp.a(alt_exception_entry.o)
 *(.exceptions)
 .exceptions    0x010000ec       0xcc ../Module1Software_bsp/\libhal_bsp.a(alt_irq_handler.o)
                0x010000ec                alt_irq_handler
                0x010001b8                PROVIDE (__ram_exceptions_end, ABSOLUTE (.))
                0x01000020                PROVIDE (__flash_exceptions_start, LOADADDR (.exceptions))

.text           0x010001b8    0x1e9e4
                0x010001b8                PROVIDE (stext, ABSOLUTE (.))
 *(.interp)
 *(.hash)
 *(.dynsym)
 *(.dynstr)
 *(.gnu.version)
 *(.gnu.version_d)
 *(.gnu.version_r)
 *(.rel.init)
 *(.rela.init)
 *(.rel.text .rel.text.* .rel.gnu.linkonce.t.*)
 *(.rela.text .rela.text.* .rela.gnu.linkonce.t.*)
 *(.rel.fini)
 *(.rela.fini)
 *(.rel.rodata .rel.rodata.* .rel.gnu.linkonce.r.*)
 *(.rela.rodata .rela.rodata.* .rela.gnu.linkonce.r.*)
 *(.rel.data .rel.data.* .rel.gnu.linkonce.d.*)
 *(.rela.data .rela.data.* .rela.gnu.linkonce.d.*)
 *(.rel.tdata .rel.tdata.* .rel.gnu.linkonce.td.*)
 *(.rela.tdata .rela.tdata.* .rela.gnu.linkonce.td.*)
 *(.rel.tbss .rel.tbss.* .rel.gnu.linkonce.tb.*)
 *(.rela.tbss .rela.tbss.* .rela.gnu.linkonce.tb.*)
 *(.rel.ctors)
 *(.rela.ctors)
 *(.rel.dtors)
 *(.rela.dtors)
 *(.rel.got)
 *(.rela.got)
 *(.rel.sdata .rel.sdata.* .rel.gnu.linkonce.s.*)
 *(.rela.sdata .rela.sdata.* .rela.gnu.linkonce.s.*)
 *(.rel.sbss .rel.sbss.* .rel.gnu.linkonce.sb.*)
 *(.rela.sbss .rela.sbss.* .rela.gnu.linkonce.sb.*)
 *(.rel.sdata2 .rel.sdata2.* .rel.gnu.linkonce.s2.*)
 *(.rela.sdata2 .rela.sdata2.* .rela.gnu.linkonce.s2.*)
 *(.rel.sbss2 .rel.sbss2.* .rel.gnu.linkonce.sb2.*)
 *(.rela.sbss2 .rela.sbss2.* .rela.gnu.linkonce.sb2.*)
 *(.rel.bss .rel.bss.* .rel.gnu.linkonce.b.*)
 *(.rela.bss .rela.bss.* .rela.gnu.linkonce.b.*)
 *(.rel.plt)
 *(.rela.plt)
 *(.rel.dyn)
 *(.init)
 *(.plt)
 *(.text .stub .text.* .gnu.linkonce.t.*)
 .text          0x010001b8       0x4c ../Module1Software_bsp//obj/HAL/src/crt0.o
                0x010001b8                _start
 .text          0x01000204       0x60 obj/default/game.o
                0x01000204                getVelocityInput
                0x01000224                getAngleInput
                0x01000244                calculateResult
 .text          0x01000264      0xa84 obj/default/graphics.o
                0x01000264                formatColor
                0x01000304                clearScreen
                0x01000370                drawBox
                0x010003d0                drawLine
                0x01000430                drawPlayers
                0x010004b4                drawCannonBall
                0x01000b1c                animateShooting
 .text          0x01000ce8      0x254 obj/default/hardware_init.o
                0x01000ce8                initiate_pixel_buffer_dma
                0x01000d78                initiate_char_buffer
                0x01000de0                initiate_sd_card
                0x01000e40                initiate_ps2
                0x01000ea8                system_init
 .text          0x01000f3c      0x244 obj/default/keyboard.o
                0x01000f3c                getKeyboardInput
 .text          0x01001180      0x330 obj/default/main.o
                0x01001180                main
 .text          0x010014b0      0x128 obj/default/player.o
                0x010014b0                makePlayer
                0x0100153c                damagePlayerHealth
                0x01001578                setPlayerAngle
                0x010015a8                setPlayerVelocity
 .text          0x010015d8      0xb50 obj/default/setup_graphics.o
                0x010015d8                main_show
                0x01001a40                show_angle
                0x01001d08                clear_last_line
                0x01001d6c                draw_power_bar
                0x01001eac                update_power
                0x01002000                draw_box
                0x01002084                draw_ball
 .text          0x01002128      0x168 c:/altera/13.0sp1/nios2eds/bin/gnu/h-i686-mingw32/bin/../lib/gcc/nios2-elf/4.1.2/../../../../nios2-elf/lib\libm.a(lib_a-s_cos.o)
                0x01002128                cos
 .text          0x01002290      0x16c c:/altera/13.0sp1/nios2eds/bin/gnu/h-i686-mingw32/bin/../lib/gcc/nios2-elf/4.1.2/../../../../nios2-elf/lib\libm.a(lib_a-s_sin.o)
                0x01002290                sin
 .text          0x010023fc      0x828 c:/altera/13.0sp1/nios2eds/bin/gnu/h-i686-mingw32/bin/../lib/gcc/nios2-elf/4.1.2/../../../../nios2-elf/lib\libm.a(lib_a-e_rem_pio2.o)
                0x010023fc                __ieee754_rem_pio2
 .text          0x01002c24      0x52c c:/altera/13.0sp1/nios2eds/bin/gnu/h-i686-mingw32/bin/../lib/gcc/nios2-elf/4.1.2/../../../../nios2-elf/lib\libm.a(lib_a-k_cos.o)
                0x01002c24                __kernel_cos
 .text          0x01003150      0xe7c c:/altera/13.0sp1/nios2eds/bin/gnu/h-i686-mingw32/bin/../lib/gcc/nios2-elf/4.1.2/../../../../nios2-elf/lib\libm.a(lib_a-k_rem_pio2.o)
                0x01003150                __kernel_rem_pio2
 .text          0x01003fcc      0x318 c:/altera/13.0sp1/nios2eds/bin/gnu/h-i686-mingw32/bin/../lib/gcc/nios2-elf/4.1.2/../../../../nios2-elf/lib\libm.a(lib_a-k_sin.o)
                0x01003fcc                __kernel_sin
 .text          0x010042e4       0x18 c:/altera/13.0sp1/nios2eds/bin/gnu/h-i686-mingw32/bin/../lib/gcc/nios2-elf/4.1.2/../../../../nios2-elf/lib\libm.a(lib_a-s_fabs.o)
                0x010042e4                fabs
 .text          0x010042fc      0x224 c:/altera/13.0sp1/nios2eds/bin/gnu/h-i686-mingw32/bin/../lib/gcc/nios2-elf/4.1.2/../../../../nios2-elf/lib\libm.a(lib_a-s_floor.o)
                0x010042fc                floor
 .text          0x01004520      0x1e0 c:/altera/13.0sp1/nios2eds/bin/gnu/h-i686-mingw32/bin/../lib/gcc/nios2-elf/4.1.2/../../../../nios2-elf/lib\libm.a(lib_a-s_scalbn.o)
                0x01004520                scalbn
 .text          0x01004700       0x24 c:/altera/13.0sp1/nios2eds/bin/gnu/h-i686-mingw32/bin/../lib/gcc/nios2-elf/4.1.2/../../../../nios2-elf/lib\libm.a(lib_a-s_copysign.o)
                0x01004700                copysign
 .text          0x01004724      0x504 c:/altera/13.0sp1/nios2eds/bin/gnu/h-i686-mingw32/bin/../lib/gcc/nios2-elf/4.1.2\libgcc.a(_addsub_df.o)
                0x01004b34                __subdf3
                0x01004bb4                __adddf3
 .text          0x01004c28      0x3c4 c:/altera/13.0sp1/nios2eds/bin/gnu/h-i686-mingw32/bin/../lib/gcc/nios2-elf/4.1.2\libgcc.a(_mul_df.o)
                0x01004c28                __muldf3
 .text          0x01004fec      0x258 c:/altera/13.0sp1/nios2eds/bin/gnu/h-i686-mingw32/bin/../lib/gcc/nios2-elf/4.1.2\libgcc.a(_div_df.o)
                0x01004fec                __divdf3
 .text          0x01005244       0x88 c:/altera/13.0sp1/nios2eds/bin/gnu/h-i686-mingw32/bin/../lib/gcc/nios2-elf/4.1.2\libgcc.a(_eq_df.o)
                0x01005244                __eqdf2
 .text          0x010052cc       0x88 c:/altera/13.0sp1/nios2eds/bin/gnu/h-i686-mingw32/bin/../lib/gcc/nios2-elf/4.1.2\libgcc.a(_ne_df.o)
                0x010052cc                __nedf2
 .text          0x01005354       0x88 c:/altera/13.0sp1/nios2eds/bin/gnu/h-i686-mingw32/bin/../lib/gcc/nios2-elf/4.1.2\libgcc.a(_gt_df.o)
                0x01005354                __gtdf2
 .text          0x010053dc       0x88 c:/altera/13.0sp1/nios2eds/bin/gnu/h-i686-mingw32/bin/../lib/gcc/nios2-elf/4.1.2\libgcc.a(_ge_df.o)
                0x010053dc                __gedf2
 .text          0x01005464       0xf8 c:/altera/13.0sp1/nios2eds/bin/gnu/h-i686-mingw32/bin/../lib/gcc/nios2-elf/4.1.2\libgcc.a(_si_to_df.o)
                0x01005464                __floatsidf
 .text          0x0100555c       0xd8 c:/altera/13.0sp1/nios2eds/bin/gnu/h-i686-mingw32/bin/../lib/gcc/nios2-elf/4.1.2\libgcc.a(_df_to_si.o)
                0x0100555c                __fixdfsi
 .text          0x01005634        0x0 c:/altera/13.0sp1/nios2eds/bin/gnu/h-i686-mingw32/bin/../lib/gcc/nios2-elf/4.1.2\libgcc.a(_thenan_df.o)
 .text          0x01005634      0x14c c:/altera/13.0sp1/nios2eds/bin/gnu/h-i686-mingw32/bin/../lib/gcc/nios2-elf/4.1.2\libgcc.a(lib2-divmod.o)
                0x010056b0                __divsi3
                0x01005710                __modsi3
                0x01005770                __udivsi3
                0x01005778                __umodsi3
 .text          0x01005780       0x98 c:/altera/13.0sp1/nios2eds/bin/gnu/h-i686-mingw32/bin/../lib/gcc/nios2-elf/4.1.2\libgcc.a(_muldi3.o)
                0x01005780                __muldi3
 .text          0x01005818       0x80 c:/altera/13.0sp1/nios2eds/bin/gnu/h-i686-mingw32/bin/../lib/gcc/nios2-elf/4.1.2\libgcc.a(_clzsi2.o)
                0x01005818                __clzsi2
 .text          0x01005898      0x314 c:/altera/13.0sp1/nios2eds/bin/gnu/h-i686-mingw32/bin/../lib/gcc/nios2-elf/4.1.2\libgcc.a(_pack_df.o)
                0x01005898                __pack_d
 .text          0x01005bac      0x138 c:/altera/13.0sp1/nios2eds/bin/gnu/h-i686-mingw32/bin/../lib/gcc/nios2-elf/4.1.2\libgcc.a(_unpack_df.o)
                0x01005bac                __unpack_d
 .text          0x01005ce4       0xc8 c:/altera/13.0sp1/nios2eds/bin/gnu/h-i686-mingw32/bin/../lib/gcc/nios2-elf/4.1.2\libgcc.a(_fpcmp_parts_df.o)
                0x01005ce4                __fpcmp_parts_d
 .text          0x01005dac        0x0 c:/altera/13.0sp1/nios2eds/bin/gnu/h-i686-mingw32/bin/../lib/gcc/nios2-elf/4.1.2\libgcc.a(_clz.o)
 .text          0x01005dac       0x28 c:/altera/13.0sp1/nios2eds/bin/gnu/h-i686-mingw32/bin/../lib/gcc/nios2-elf/4.1.2/../../../../nios2-elf/lib\libc.a(lib_a-malloc.o)
                0x01005dac                free
                0x01005dc0                malloc
 .text          0x01005dd4      0x740 c:/altera/13.0sp1/nios2eds/bin/gnu/h-i686-mingw32/bin/../lib/gcc/nios2-elf/4.1.2/../../../../nios2-elf/lib\libc.a(lib_a-mallocr.o)
                0x01005dd4                _malloc_r
 .text          0x01006514       0x78 c:/altera/13.0sp1/nios2eds/bin/gnu/h-i686-mingw32/bin/../lib/gcc/nios2-elf/4.1.2/../../../../nios2-elf/lib\libc.a(lib_a-printf.o)
                0x01006514                printf
                0x01006558                _printf_r
 .text          0x0100658c       0xb4 c:/altera/13.0sp1/nios2eds/bin/gnu/h-i686-mingw32/bin/../lib/gcc/nios2-elf/4.1.2/../../../../nios2-elf/lib\libc.a(lib_a-puts.o)
                0x0100658c                _puts_r
                0x0100662c                puts
 .text          0x01006640       0x94 c:/altera/13.0sp1/nios2eds/bin/gnu/h-i686-mingw32/bin/../lib/gcc/nios2-elf/4.1.2/../../../../nios2-elf/lib\libc.a(lib_a-rand.o)
                0x01006640                srand
                0x0100665c                rand
 .text          0x010066d4       0x70 c:/altera/13.0sp1/nios2eds/bin/gnu/h-i686-mingw32/bin/../lib/gcc/nios2-elf/4.1.2/../../../../nios2-elf/lib\libc.a(lib_a-sbrkr.o)
                0x010066d4                _sbrk_r
 .text          0x01006744       0x7c c:/altera/13.0sp1/nios2eds/bin/gnu/h-i686-mingw32/bin/../lib/gcc/nios2-elf/4.1.2/../../../../nios2-elf/lib\libc.a(lib_a-scanf.o)
                0x01006744                _scanf_r
                0x01006778                scanf
 .text          0x010067c0       0xd4 c:/altera/13.0sp1/nios2eds/bin/gnu/h-i686-mingw32/bin/../lib/gcc/nios2-elf/4.1.2/../../../../nios2-elf/lib\libc.a(lib_a-sprintf.o)
                0x010067c0                sprintf
                0x01006834                _sprintf_r
 .text          0x01006894       0x74 c:/altera/13.0sp1/nios2eds/bin/gnu/h-i686-mingw32/bin/../lib/gcc/nios2-elf/4.1.2/../../../../nios2-elf/lib\libc.a(lib_a-strlen.o)
                0x01006894                strlen
 .text          0x01006908       0x5c c:/altera/13.0sp1/nios2eds/bin/gnu/h-i686-mingw32/bin/../lib/gcc/nios2-elf/4.1.2/../../../../nios2-elf/lib\libc.a(lib_a-time.o)
                0x01006908                time
 .text          0x01006964     0x1f28 c:/altera/13.0sp1/nios2eds/bin/gnu/h-i686-mingw32/bin/../lib/gcc/nios2-elf/4.1.2/../../../../nios2-elf/lib\libc.a(lib_a-vfprintf.o)
                0x010069bc                ___vfprintf_internal_r
                0x01008868                __vfprintf_internal
 .text          0x0100888c     0x1780 c:/altera/13.0sp1/nios2eds/bin/gnu/h-i686-mingw32/bin/../lib/gcc/nios2-elf/4.1.2/../../../../nios2-elf/lib\libc.a(lib_a-vfscanf.o)
                0x0100888c                __svfscanf_r
                0x01009f0c                __svfscanf
                0x01009f30                _vfscanf_r
                0x01009f98                vfscanf
 .text          0x0100a00c      0x13c c:/altera/13.0sp1/nios2eds/bin/gnu/h-i686-mingw32/bin/../lib/gcc/nios2-elf/4.1.2/../../../../nios2-elf/lib\libc.a(lib_a-wsetup.o)
                0x0100a00c                __swsetup_r
 .text          0x0100a148        0x0 c:/altera/13.0sp1/nios2eds/bin/gnu/h-i686-mingw32/bin/../lib/gcc/nios2-elf/4.1.2/../../../../nios2-elf/lib\libc.a(lib_a-ctype_.o)
 .text          0x0100a148     0x17cc c:/altera/13.0sp1/nios2eds/bin/gnu/h-i686-mingw32/bin/../lib/gcc/nios2-elf/4.1.2/../../../../nios2-elf/lib\libc.a(lib_a-dtoa.o)
                0x0100a360                _dtoa_r
 .text          0x0100b914      0x230 c:/altera/13.0sp1/nios2eds/bin/gnu/h-i686-mingw32/bin/../lib/gcc/nios2-elf/4.1.2/../../../../nios2-elf/lib\libc.a(lib_a-fflush.o)
                0x0100b914                _fflush_r
                0x0100bb10                fflush
 .text          0x0100bb44      0x2c0 c:/altera/13.0sp1/nios2eds/bin/gnu/h-i686-mingw32/bin/../lib/gcc/nios2-elf/4.1.2/../../../../nios2-elf/lib\libc.a(lib_a-findfp.o)
                0x0100bb9c                __sfp_lock_acquire
                0x0100bba0                __sfp_lock_release
                0x0100bba4                __sinit_lock_acquire
                0x0100bba8                __sinit_lock_release
                0x0100bbac                __sinit
                0x0100bc60                __fp_unlock_all
                0x0100bc78                __fp_lock_all
                0x0100bc90                _cleanup_r
                0x0100bc9c                _cleanup
                0x0100bcac                __sfmoreglue
                0x0100bd14                __sfp
 .text          0x0100be04      0x23c c:/altera/13.0sp1/nios2eds/bin/gnu/h-i686-mingw32/bin/../lib/gcc/nios2-elf/4.1.2/../../../../nios2-elf/lib\libc.a(lib_a-fread.o)
                0x0100be04                _fread_r
                0x0100c000                fread
 .text          0x0100c040      0x440 c:/altera/13.0sp1/nios2eds/bin/gnu/h-i686-mingw32/bin/../lib/gcc/nios2-elf/4.1.2/../../../../nios2-elf/lib\libc.a(lib_a-freer.o)
                0x0100c040                _malloc_trim_r
                0x0100c16c                _free_r
 .text          0x0100c480      0x49c c:/altera/13.0sp1/nios2eds/bin/gnu/h-i686-mingw32/bin/../lib/gcc/nios2-elf/4.1.2/../../../../nios2-elf/lib\libc.a(lib_a-fvwrite.o)
                0x0100c480                __sfvwrite_r
 .text          0x0100c91c      0x180 c:/altera/13.0sp1/nios2eds/bin/gnu/h-i686-mingw32/bin/../lib/gcc/nios2-elf/4.1.2/../../../../nios2-elf/lib\libc.a(lib_a-fwalk.o)
                0x0100c91c                _fwalk_reent
                0x0100c9e4                _fwalk
 .text          0x0100ca9c       0x74 c:/altera/13.0sp1/nios2eds/bin/gnu/h-i686-mingw32/bin/../lib/gcc/nios2-elf/4.1.2/../../../../nios2-elf/lib\libc.a(lib_a-gettimeofdayr.o)
                0x0100ca9c                _gettimeofday_r
 .text          0x0100cb10        0x0 c:/altera/13.0sp1/nios2eds/bin/gnu/h-i686-mingw32/bin/../lib/gcc/nios2-elf/4.1.2/../../../../nios2-elf/lib\libc.a(lib_a-impure.o)
 .text          0x0100cb10        0x0 c:/altera/13.0sp1/nios2eds/bin/gnu/h-i686-mingw32/bin/../lib/gcc/nios2-elf/4.1.2/../../../../nios2-elf/lib\libc.a(lib_a-int_errno.o)
 .text          0x0100cb10       0x2c c:/altera/13.0sp1/nios2eds/bin/gnu/h-i686-mingw32/bin/../lib/gcc/nios2-elf/4.1.2/../../../../nios2-elf/lib\libc.a(lib_a-iswspace.o)
                0x0100cb10                iswspace
 .text          0x0100cb3c       0xc4 c:/altera/13.0sp1/nios2eds/bin/gnu/h-i686-mingw32/bin/../lib/gcc/nios2-elf/4.1.2/../../../../nios2-elf/lib\libc.a(lib_a-locale.o)
                0x0100cb3c                __locale_charset
                0x0100cb44                _localeconv_r
                0x0100cb50                localeconv
                0x0100cb60                _setlocale_r
                0x0100cbe4                setlocale
 .text          0x0100cc00      0x194 c:/altera/13.0sp1/nios2eds/bin/gnu/h-i686-mingw32/bin/../lib/gcc/nios2-elf/4.1.2/../../../../nios2-elf/lib\libc.a(lib_a-makebuf.o)
                0x0100cc00                __smakebuf_r
 .text          0x0100cd94       0xc0 c:/altera/13.0sp1/nios2eds/bin/gnu/h-i686-mingw32/bin/../lib/gcc/nios2-elf/4.1.2/../../../../nios2-elf/lib\libc.a(lib_a-mbrtowc.o)
                0x0100cd94                _mbrtowc_r
                0x0100ce14                mbrtowc
 .text          0x0100ce54       0x40 c:/altera/13.0sp1/nios2eds/bin/gnu/h-i686-mingw32/bin/../lib/gcc/nios2-elf/4.1.2/../../../../nios2-elf/lib\libc.a(lib_a-mbtowc_r.o)
                0x0100ce54                _mbtowc_r
 .text          0x0100ce94       0xe4 c:/altera/13.0sp1/nios2eds/bin/gnu/h-i686-mingw32/bin/../lib/gcc/nios2-elf/4.1.2/../../../../nios2-elf/lib\libc.a(lib_a-memchr.o)
                0x0100ce94                memchr
 .text          0x0100cf78       0xa0 c:/altera/13.0sp1/nios2eds/bin/gnu/h-i686-mingw32/bin/../lib/gcc/nios2-elf/4.1.2/../../../../nios2-elf/lib\libc.a(lib_a-memcpy.o)
                0x0100cf78                memcpy
 .text          0x0100d018       0xe0 c:/altera/13.0sp1/nios2eds/bin/gnu/h-i686-mingw32/bin/../lib/gcc/nios2-elf/4.1.2/../../../../nios2-elf/lib\libc.a(lib_a-memmove.o)
                0x0100d018                memmove
 .text          0x0100d0f8       0x98 c:/altera/13.0sp1/nios2eds/bin/gnu/h-i686-mingw32/bin/../lib/gcc/nios2-elf/4.1.2/../../../../nios2-elf/lib\libc.a(lib_a-memset.o)
                0x0100d0f8                memset
 .text          0x0100d190      0xff4 c:/altera/13.0sp1/nios2eds/bin/gnu/h-i686-mingw32/bin/../lib/gcc/nios2-elf/4.1.2/../../../../nios2-elf/lib\libc.a(lib_a-mprec.o)
                0x0100d190                _Bfree
                0x0100d1b8                __hi0bits
                0x0100d228                __lo0bits
                0x0100d2ec                __mcmp
                0x0100d34c                __ulp
                0x0100d3cc                __b2d
                0x0100d4ec                __ratio
                0x0100d59c                _mprec_log10
                0x0100d630                __copybits
                0x0100d688                __any_on
                0x0100d710                _Balloc
                0x0100d7cc                __d2b
                0x0100d948                __mdiff
                0x0100dad4                __lshift
                0x0100dc20                __multiply
                0x0100de08                __i2b
                0x0100de44                __multadd
                0x0100df44                __pow5mult
                0x0100e064                __s2b
 .text          0x0100e184      0x5f4 c:/altera/13.0sp1/nios2eds/bin/gnu/h-i686-mingw32/bin/../lib/gcc/nios2-elf/4.1.2/../../../../nios2-elf/lib\libc.a(lib_a-reallocr.o)
                0x0100e184                _realloc_r
 .text          0x0100e778      0x1e0 c:/altera/13.0sp1/nios2eds/bin/gnu/h-i686-mingw32/bin/../lib/gcc/nios2-elf/4.1.2/../../../../nios2-elf/lib\libc.a(lib_a-refill.o)
                0x0100e778                __srefill_r
 .text          0x0100e958       0x40 c:/altera/13.0sp1/nios2eds/bin/gnu/h-i686-mingw32/bin/../lib/gcc/nios2-elf/4.1.2/../../../../nios2-elf/lib\libc.a(lib_a-s_isinfd.o)
                0x0100e958                __isinfd
 .text          0x0100e998       0x30 c:/altera/13.0sp1/nios2eds/bin/gnu/h-i686-mingw32/bin/../lib/gcc/nios2-elf/4.1.2/../../../../nios2-elf/lib\libc.a(lib_a-s_isnand.o)
                0x0100e998                __isnand
 .text          0x0100e9c8       0xc0 c:/altera/13.0sp1/nios2eds/bin/gnu/h-i686-mingw32/bin/../lib/gcc/nios2-elf/4.1.2/../../../../nios2-elf/lib\libc.a(lib_a-sccl.o)
                0x0100e9c8                __sccl
 .text          0x0100ea88        0x8 c:/altera/13.0sp1/nios2eds/bin/gnu/h-i686-mingw32/bin/../lib/gcc/nios2-elf/4.1.2/../../../../nios2-elf/lib\libc.a(lib_a-sf_nan.o)
                0x0100ea88                nanf
 .text          0x0100ea90      0x14c c:/altera/13.0sp1/nios2eds/bin/gnu/h-i686-mingw32/bin/../lib/gcc/nios2-elf/4.1.2/../../../../nios2-elf/lib\libc.a(lib_a-stdio.o)
                0x0100ea90                __sclose
                0x0100ea98                __sseek
                0x0100eb00                __swrite
                0x0100eb7c                __sread
 .text          0x0100ebdc       0xbc c:/altera/13.0sp1/nios2eds/bin/gnu/h-i686-mingw32/bin/../lib/gcc/nios2-elf/4.1.2/../../../../nios2-elf/lib\libc.a(lib_a-strcmp.o)
                0x0100ebdc                strcmp
 .text          0x0100ec98     0x166c c:/altera/13.0sp1/nios2eds/bin/gnu/h-i686-mingw32/bin/../lib/gcc/nios2-elf/4.1.2/../../../../nios2-elf/lib\libc.a(lib_a-strtod.o)
                0x0100ece0                _strtod_r
                0x010101c4                strtof
                0x010102e8                strtod
 .text          0x01010304      0x268 c:/altera/13.0sp1/nios2eds/bin/gnu/h-i686-mingw32/bin/../lib/gcc/nios2-elf/4.1.2/../../../../nios2-elf/lib\libc.a(lib_a-strtol.o)
                0x01010304                _strtol_r
                0x01010548                strtol
 .text          0x0101056c      0x318 c:/altera/13.0sp1/nios2eds/bin/gnu/h-i686-mingw32/bin/../lib/gcc/nios2-elf/4.1.2/../../../../nios2-elf/lib\libc.a(lib_a-strtoll_r.o)
                0x0101056c                _strtoll_r
 .text          0x01010884      0x254 c:/altera/13.0sp1/nios2eds/bin/gnu/h-i686-mingw32/bin/../lib/gcc/nios2-elf/4.1.2/../../../../nios2-elf/lib\libc.a(lib_a-strtoul.o)
                0x01010884                _strtoul_r
                0x01010ab4                strtoul
 .text          0x01010ad8      0x2f0 c:/altera/13.0sp1/nios2eds/bin/gnu/h-i686-mingw32/bin/../lib/gcc/nios2-elf/4.1.2/../../../../nios2-elf/lib\libc.a(lib_a-strtoull_r.o)
                0x01010ad8                _strtoull_r
 .text          0x01010dc8      0x294 c:/altera/13.0sp1/nios2eds/bin/gnu/h-i686-mingw32/bin/../lib/gcc/nios2-elf/4.1.2/../../../../nios2-elf/lib\libc.a(lib_a-ungetc.o)
                0x01010dc8                __submore
                0x01010ea4                _ungetc_r
                0x01011040                ungetc
 .text          0x0101105c       0x78 c:/altera/13.0sp1/nios2eds/bin/gnu/h-i686-mingw32/bin/../lib/gcc/nios2-elf/4.1.2/../../../../nios2-elf/lib\libc.a(lib_a-writer.o)
                0x0101105c                _write_r
 .text          0x010110d4       0xb4 c:/altera/13.0sp1/nios2eds/bin/gnu/h-i686-mingw32/bin/../lib/gcc/nios2-elf/4.1.2/../../../../nios2-elf/lib\libc.a(lib_a-callocr.o)
                0x010110d4                _calloc_r
 .text          0x01011188       0x70 c:/altera/13.0sp1/nios2eds/bin/gnu/h-i686-mingw32/bin/../lib/gcc/nios2-elf/4.1.2/../../../../nios2-elf/lib\libc.a(lib_a-closer.o)
                0x01011188                _close_r
 .text          0x010111f8      0x124 c:/altera/13.0sp1/nios2eds/bin/gnu/h-i686-mingw32/bin/../lib/gcc/nios2-elf/4.1.2/../../../../nios2-elf/lib\libc.a(lib_a-fclose.o)
                0x010111f8                _fclose_r
                0x01011308                fclose
 .text          0x0101131c       0x74 c:/altera/13.0sp1/nios2eds/bin/gnu/h-i686-mingw32/bin/../lib/gcc/nios2-elf/4.1.2/../../../../nios2-elf/lib\libc.a(lib_a-fstatr.o)
                0x0101131c                _fstat_r
 .text          0x01011390      0x8f4 c:/altera/13.0sp1/nios2eds/bin/gnu/h-i686-mingw32/bin/../lib/gcc/nios2-elf/4.1.2/../../../../nios2-elf/lib\libc.a(lib_a-gdtoa-gethex.o)
                0x010113b4                __hexdig_init
                0x010114cc                __gethex
 .text          0x01011c84      0x294 c:/altera/13.0sp1/nios2eds/bin/gnu/h-i686-mingw32/bin/../lib/gcc/nios2-elf/4.1.2/../../../../nios2-elf/lib\libc.a(lib_a-gdtoa-hexnan.o)
                0x01011cd0                __hexnan
 .text          0x01011f18       0x70 c:/altera/13.0sp1/nios2eds/bin/gnu/h-i686-mingw32/bin/../lib/gcc/nios2-elf/4.1.2/../../../../nios2-elf/lib\libc.a(lib_a-isattyr.o)
                0x01011f18                _isatty_r
 .text          0x01011f88       0x78 c:/altera/13.0sp1/nios2eds/bin/gnu/h-i686-mingw32/bin/../lib/gcc/nios2-elf/4.1.2/../../../../nios2-elf/lib\libc.a(lib_a-lseekr.o)
                0x01011f88                _lseek_r
 .text          0x01012000       0x78 c:/altera/13.0sp1/nios2eds/bin/gnu/h-i686-mingw32/bin/../lib/gcc/nios2-elf/4.1.2/../../../../nios2-elf/lib\libc.a(lib_a-readr.o)
                0x01012000                _read_r
 .text          0x01012078       0xa4 c:/altera/13.0sp1/nios2eds/bin/gnu/h-i686-mingw32/bin/../lib/gcc/nios2-elf/4.1.2\libgcc.a(_fixunsdfsi.o)
                0x01012078                __fixunsdfsi
 .text          0x0101211c      0x5dc c:/altera/13.0sp1/nios2eds/bin/gnu/h-i686-mingw32/bin/../lib/gcc/nios2-elf/4.1.2\libgcc.a(_udivdi3.o)
                0x0101211c                __udivdi3
 .text          0x010126f8      0x5b0 c:/altera/13.0sp1/nios2eds/bin/gnu/h-i686-mingw32/bin/../lib/gcc/nios2-elf/4.1.2\libgcc.a(_umoddi3.o)
                0x010126f8                __umoddi3
 .text          0x01012ca8       0x78 c:/altera/13.0sp1/nios2eds/bin/gnu/h-i686-mingw32/bin/../lib/gcc/nios2-elf/4.1.2\libgcc.a(_ne_sf.o)
                0x01012ca8                __nesf2
 .text          0x01012d20       0x78 c:/altera/13.0sp1/nios2eds/bin/gnu/h-i686-mingw32/bin/../lib/gcc/nios2-elf/4.1.2\libgcc.a(_gt_sf.o)
                0x01012d20                __gtsf2
 .text          0x01012d98       0x78 c:/altera/13.0sp1/nios2eds/bin/gnu/h-i686-mingw32/bin/../lib/gcc/nios2-elf/4.1.2\libgcc.a(_lt_sf.o)
                0x01012d98                __ltsf2
 .text          0x01012e10       0x88 c:/altera/13.0sp1/nios2eds/bin/gnu/h-i686-mingw32/bin/../lib/gcc/nios2-elf/4.1.2\libgcc.a(_lt_df.o)
                0x01012e10                __ltdf2
 .text          0x01012e98       0x88 c:/altera/13.0sp1/nios2eds/bin/gnu/h-i686-mingw32/bin/../lib/gcc/nios2-elf/4.1.2\libgcc.a(_le_df.o)
                0x01012e98                __ledf2
 .text          0x01012f20       0x74 c:/altera/13.0sp1/nios2eds/bin/gnu/h-i686-mingw32/bin/../lib/gcc/nios2-elf/4.1.2\libgcc.a(_df_to_sf.o)
                0x01012f20                __truncdfsf2
 .text          0x01012f94      0x194 c:/altera/13.0sp1/nios2eds/bin/gnu/h-i686-mingw32/bin/../lib/gcc/nios2-elf/4.1.2\libgcc.a(_usi_to_df.o)
                0x01012f94                __floatunsidf
 .text          0x01013128       0xc8 c:/altera/13.0sp1/nios2eds/bin/gnu/h-i686-mingw32/bin/../lib/gcc/nios2-elf/4.1.2\libgcc.a(_unpack_sf.o)
                0x01013128                __unpack_f
 .text          0x010131f0       0xa8 c:/altera/13.0sp1/nios2eds/bin/gnu/h-i686-mingw32/bin/../lib/gcc/nios2-elf/4.1.2\libgcc.a(_fpcmp_parts_sf.o)
                0x010131f0                __fpcmp_parts_f
 .text          0x01013298       0x2c c:/altera/13.0sp1/nios2eds/bin/gnu/h-i686-mingw32/bin/../lib/gcc/nios2-elf/4.1.2\libgcc.a(_make_sf.o)
                0x01013298                __make_fp
 .text          0x010132c4      0x160 c:/altera/13.0sp1/nios2eds/bin/gnu/h-i686-mingw32/bin/../lib/gcc/nios2-elf/4.1.2\libgcc.a(_pack_sf.o)
                0x010132c4                __pack_f
 .text          0x01013424      0x15c ../Module1Software_bsp/\libhal_bsp.a(alt_close.o)
                0x01013424                close
 .text          0x01013580       0x2c ../Module1Software_bsp/\libhal_bsp.a(alt_dev.o)
 .text          0x010135ac        0x0 ../Module1Software_bsp/\libhal_bsp.a(alt_errno.o)
 .text          0x010135ac      0x134 ../Module1Software_bsp/\libhal_bsp.a(alt_fstat.o)
                0x010135ac                fstat
 .text          0x010136e0      0x21c ../Module1Software_bsp/\libhal_bsp.a(alt_gettod.o)
                0x010136e0                gettimeofday
 .text          0x010138fc      0x120 ../Module1Software_bsp/\libhal_bsp.a(alt_isatty.o)
                0x010138fc                isatty
 .text          0x01013a1c       0xec ../Module1Software_bsp/\libhal_bsp.a(alt_load.o)
                0x01013a1c                alt_load
 .text          0x01013b08      0x150 ../Module1Software_bsp/\libhal_bsp.a(alt_lseek.o)
                0x01013b08                lseek
 .text          0x01013c58       0x6c ../Module1Software_bsp/\libhal_bsp.a(alt_main.o)
                0x01013c58                alt_main
 .text          0x01013cc4       0x40 ../Module1Software_bsp/\libhal_bsp.a(alt_malloc_lock.o)
                0x01013cc4                __malloc_lock
                0x01013ce4                __malloc_unlock
 .text          0x01013d04      0x180 ../Module1Software_bsp/\libhal_bsp.a(alt_read.o)
                0x01013d04                read
 .text          0x01013e84       0x60 ../Module1Software_bsp/\libhal_bsp.a(alt_release_fd.o)
                0x01013e84                alt_release_fd
 .text          0x01013ee4       0xbc ../Module1Software_bsp/\libhal_bsp.a(alt_sbrk.o)
                0x01013ee4                sbrk
 .text          0x01013fa0      0x1a4 ../Module1Software_bsp/\libhal_bsp.a(alt_tick.o)
                0x01013fa0                alt_alarm_stop
                0x01014038                alt_tick
 .text          0x01014144       0x30 ../Module1Software_bsp/\libhal_bsp.a(alt_usleep.o)
                0x01014144                usleep
 .text          0x01014174      0x180 ../Module1Software_bsp/\libhal_bsp.a(alt_write.o)
                0x01014174                write
 .text          0x010142f4      0x3d0 ../Module1Software_bsp/\libhal_bsp.a(alt_sys_init.o)
                0x010142f4                alt_irq_init
                0x01014328                alt_sys_init
 .text          0x010146c4     0x4604 ../Module1Software_bsp/\libhal_bsp.a(Altera_UP_SD_Card_Avalon_Interface.o)
                0x010146c4                Write_Sector_Data
                0x0101478c                Save_Modified_Sector
                0x010147dc                Read_Sector_Data
                0x010148d8                get_cluster_flag
                0x01014990                mark_cluster
                0x01014a74                Check_for_Master_Boot_Record
                0x01014c24                Read_File_Record_At_Offset
                0x01014ea8                Write_File_Record_At_Offset
                0x01015160                Check_for_DOS_FAT
                0x010157a8                Look_for_FAT16
                0x010158ac                filename_to_upper_case
                0x0101597c                check_file_name_for_FAT16_compliance
                0x01015c0c                get_dir_divider_location
                0x01015ccc                match_file_record_to_name_ext
                0x01015fb8                get_home_directory_cluster_for_file
                0x010164cc                find_file_in_directory
                0x01016930                find_first_empty_cluster
                0x01016ad4                find_first_empty_record_in_a_subdirectory
                0x01016d20                find_first_empty_record_in_root_directory
                0x01016e4c                convert_filename_to_name_extension
                0x01017004                create_file
                0x010172d8                copy_file_record_name_to_string
                0x0101742c                alt_up_sd_card_open_dev
                0x010174f0                alt_up_sd_card_is_Present
                0x010175b8                alt_up_sd_card_is_FAT16
                0x0101762c                alt_up_sd_card_find_first
                0x01017700                alt_up_sd_card_find_next
                0x01017ab0                alt_up_sd_card_fopen
                0x01017e58                alt_up_sd_card_set_attributes
                0x01017ee8                alt_up_sd_card_get_attributes
                0x01017f74                alt_up_sd_card_read
                0x01018308                alt_up_sd_card_write
                0x01018944                alt_up_sd_card_fclose
                0x01018b3c                Read_Sector_Data_CRC
                0x01018c38                Read_Sector_Data_Attempt_CRC
 .text          0x01018cc8      0x148 ../Module1Software_bsp/\libhal_bsp.a(altera_avalon_jtag_uart_fd.o)
                0x01018cc8                altera_avalon_jtag_uart_read_fd
                0x01018d20                altera_avalon_jtag_uart_write_fd
                0x01018d78                altera_avalon_jtag_uart_close_fd
                0x01018dc0                altera_avalon_jtag_uart_ioctl_fd
 .text          0x01018e10      0x408 ../Module1Software_bsp/\libhal_bsp.a(altera_avalon_jtag_uart_init.o)
                0x01018e10                altera_avalon_jtag_uart_init
                0x010191a4                altera_avalon_jtag_uart_close
 .text          0x01019218       0xf4 ../Module1Software_bsp/\libhal_bsp.a(altera_avalon_jtag_uart_ioctl.o)
                0x01019218                altera_avalon_jtag_uart_ioctl
 .text          0x0101930c      0x224 ../Module1Software_bsp/\libhal_bsp.a(altera_avalon_jtag_uart_read.o)
                0x0101930c                altera_avalon_jtag_uart_read
 .text          0x01019530      0x240 ../Module1Software_bsp/\libhal_bsp.a(altera_avalon_jtag_uart_write.o)
                0x01019530                altera_avalon_jtag_uart_write
 .text          0x01019770        0x0 ../Module1Software_bsp/\libhal_bsp.a(altera_avalon_timer_vars.o)
 .text          0x01019770      0x530 ../Module1Software_bsp/\libhal_bsp.a(altera_up_avalon_character_lcd.o)
                0x01019770                get_DDRAM_addr
                0x010197ec                alt_up_character_lcd_send_cmd
                0x01019820                alt_up_character_lcd_init
                0x01019854                alt_up_character_lcd_open_dev
                0x01019894                alt_up_character_lcd_write
                0x0101990c                alt_up_character_lcd_string
                0x01019984                alt_up_character_lcd_write_fd
                0x010199d0                alt_up_character_lcd_set_cursor_pos
                0x01019a48                alt_up_character_lcd_shift_cursor
                0x01019af8                alt_up_character_lcd_shift_display
                0x01019ba8                alt_up_character_lcd_erase_pos
                0x01019c38                alt_up_character_lcd_cursor_off
                0x01019c6c                alt_up_character_lcd_cursor_blink_on
 .text          0x01019ca0      0x700 ../Module1Software_bsp/\libhal_bsp.a(altera_up_avalon_ps2.o)
                0x01019ca0                read_RI_bit
                0x01019cd4                read_RE_bit
                0x01019d04                read_CE_bit
                0x01019d38                read_num_bytes_available
                0x01019d6c                read_data_valid
                0x01019da0                read_data_byte
                0x01019dcc                alt_up_ps2_init
                0x01019e98                alt_up_ps2_enable_read_interrupt
                0x01019eec                alt_up_ps2_disable_read_interrupt
                0x01019f44                alt_up_ps2_write_data_byte
                0x01019fbc                alt_up_ps2_wait_for_ack
                0x0101a02c                alt_up_ps2_write_data_byte_with_ack
                0x0101a098                alt_up_ps2_read_data_byte_timeout
                0x0101a148                alt_up_ps2_read_data_byte
                0x0101a1c4                alt_up_ps2_clear_fifo
                0x0101a21c                alt_up_ps2_read_fd
                0x0101a2b8                alt_up_ps2_write_fd
                0x0101a360                alt_up_ps2_open_dev
 .text          0x0101a3a0      0x304 ../Module1Software_bsp/\libhal_bsp.a(altera_up_avalon_video_character_buffer_with_dma.o)
                0x0101a3a0                alt_up_char_buffer_init
                0x0101a424                alt_up_char_buffer_open_dev
                0x0101a464                alt_up_char_buffer_draw
                0x0101a534                alt_up_char_buffer_string
                0x0101a648                alt_up_char_buffer_clear
 .text          0x0101a6a4     0x156c ../Module1Software_bsp/\libhal_bsp.a(altera_up_avalon_video_pixel_buffer_dma.o)
                0x0101a6a4                alt_up_pixel_buffer_dma_open_dev
                0x0101a6e4                alt_up_pixel_buffer_dma_draw
                0x0101a884                alt_up_pixel_buffer_dma_change_back_buffer_address
                0x0101a8dc                alt_up_pixel_buffer_dma_swap_buffers
                0x0101a934                alt_up_pixel_buffer_dma_check_swap_buffers_status
                0x0101a968                alt_up_pixel_buffer_dma_clear_screen
                0x0101aacc                alt_up_pixel_buffer_dma_draw_box
                0x0101afc0                alt_up_pixel_buffer_dma_draw_hline
                0x0101b310                alt_up_pixel_buffer_dma_draw_vline
                0x0101b6e0                alt_up_pixel_buffer_dma_draw_rectangle
                0x0101b7a4                helper_plot_pixel
                0x0101b874                alt_up_pixel_buffer_dma_draw_line
 .text          0x0101bc10      0x5e0 ../Module1Software_bsp/\libhal_bsp.a(altera_up_ps2_keyboard.o)
                0x0101bc10                get_multi_byte_make_code_index
                0x0101bc88                get_single_byte_make_code_index
                0x0101bd00                get_next_state
                0x0101bf5c                decode_scancode
                0x0101c008                set_keyboard_rate
                0x0101c068                translate_make_code
                0x0101c170                reset_keyboard
 .text          0x0101c1f0      0x154 ../Module1Software_bsp/\libhal_bsp.a(alt_alarm_start.o)
                0x0101c1f0                alt_alarm_start
 .text          0x0101c344      0x14c ../Module1Software_bsp/\libhal_bsp.a(alt_busy_sleep.o)
                0x0101c344                alt_busy_sleep
 .text          0x0101c490       0x44 ../Module1Software_bsp/\libhal_bsp.a(alt_dcache_flush_all.o)
                0x0101c490                alt_dcache_flush_all
 .text          0x0101c4d4      0x114 ../Module1Software_bsp/\libhal_bsp.a(alt_dev_llist_insert.o)
                0x0101c4d4                alt_dev_llist_insert
 .text          0x0101c5e8       0x64 ../Module1Software_bsp/\libhal_bsp.a(alt_do_ctors.o)
                0x0101c5e8                _do_ctors
 .text          0x0101c64c       0x64 ../Module1Software_bsp/\libhal_bsp.a(alt_do_dtors.o)
                0x0101c64c                _do_dtors
 .text          0x0101c6b0       0x94 ../Module1Software_bsp/\libhal_bsp.a(alt_find_dev.o)
                0x0101c6b0                alt_find_dev
 .text          0x0101c744       0x30 ../Module1Software_bsp/\libhal_bsp.a(alt_icache_flush_all.o)
                0x0101c744                alt_icache_flush_all
 .text          0x0101c774      0x13c ../Module1Software_bsp/\libhal_bsp.a(alt_io_redirect.o)
                0x0101c838                alt_io_redirect
 .text          0x0101c8b0      0x1c0 ../Module1Software_bsp/\libhal_bsp.a(alt_irq_register.o)
                0x0101c8b0                alt_irq_register
 .text          0x0101ca70        0x0 ../Module1Software_bsp/\libhal_bsp.a(alt_irq_vars.o)
 .text          0x0101ca70      0x2c4 ../Module1Software_bsp/\libhal_bsp.a(alt_open.o)
                0x0101cb4c                open
 .text          0x0101cd34       0x20 ../Module1Software_bsp/\libhal_bsp.a(altera_nios2_qsys_irq.o)
                0x0101cd34                altera_nios2_qsys_irq_init
 .text          0x0101cd54      0x120 ../Module1Software_bsp/\libhal_bsp.a(alt_find_file.o)
                0x0101cd54                alt_find_file
 .text          0x0101ce74       0xb8 ../Module1Software_bsp/\libhal_bsp.a(alt_get_fd.o)
                0x0101ce74                alt_get_fd
 .text          0x0101cf2c       0x90 ../Module1Software_bsp/\libhal_bsp.a(alt_icache_flush.o)
                0x0101cf2c                alt_icache_flush
 .text          0x0101cfbc        0x0 ../Module1Software_bsp/\libhal_bsp.a(alt_irq_entry.o)
 .text          0x0101cfbc        0x0 ../Module1Software_bsp/\libhal_bsp.a(alt_irq_handler.o)
 .text          0x0101cfbc        0x0 ../Module1Software_bsp/\libhal_bsp.a(alt_exception_entry.o)
 .text          0x0101cfbc       0x78 c:/altera/13.0sp1/nios2eds/bin/gnu/h-i686-mingw32/bin/../lib/gcc/nios2-elf/4.1.2/../../../../nios2-elf/lib\libc.a(lib_a-assert.o)
                0x0101cfbc                __assert_func
                0x0101d020                __assert
 .text          0x0101d034       0x14 c:/altera/13.0sp1/nios2eds/bin/gnu/h-i686-mingw32/bin/../lib/gcc/nios2-elf/4.1.2/../../../../nios2-elf/lib\libc.a(lib_a-atexit.o)
                0x0101d034                atexit
 .text          0x0101d048       0x38 c:/altera/13.0sp1/nios2eds/bin/gnu/h-i686-mingw32/bin/../lib/gcc/nios2-elf/4.1.2/../../../../nios2-elf/lib\libc.a(lib_a-exit.o)
                0x0101d048                exit
 .text          0x0101d080       0x6c c:/altera/13.0sp1/nios2eds/bin/gnu/h-i686-mingw32/bin/../lib/gcc/nios2-elf/4.1.2/../../../../nios2-elf/lib\libc.a(lib_a-fiprintf.o)
                0x0101d080                fiprintf
                0x0101d0c4                _fiprintf_r
 .text          0x0101d0ec       0x74 c:/altera/13.0sp1/nios2eds/bin/gnu/h-i686-mingw32/bin/../lib/gcc/nios2-elf/4.1.2/../../../../nios2-elf/lib\libc.a(lib_a-memcmp.o)
                0x0101d0ec                memcmp
 .text          0x0101d160       0x8c c:/altera/13.0sp1/nios2eds/bin/gnu/h-i686-mingw32/bin/../lib/gcc/nios2-elf/4.1.2/../../../../nios2-elf/lib\libc.a(lib_a-strcpy.o)
                0x0101d160                strcpy
 .text          0x0101d1ec       0x1c c:/altera/13.0sp1/nios2eds/bin/gnu/h-i686-mingw32/bin/../lib/gcc/nios2-elf/4.1.2/../../../../nios2-elf/lib\libc.a(lib_a-vfiprintfr_1.o)
                0x0101d1ec                _vfiprintf_r
 .text          0x0101d208      0x134 c:/altera/13.0sp1/nios2eds/bin/gnu/h-i686-mingw32/bin/../lib/gcc/nios2-elf/4.1.2/../../../../nios2-elf/lib\libc.a(lib_a-__atexit.o)
                0x0101d208                __register_exitproc
 .text          0x0101d33c      0x1b4 c:/altera/13.0sp1/nios2eds/bin/gnu/h-i686-mingw32/bin/../lib/gcc/nios2-elf/4.1.2/../../../../nios2-elf/lib\libc.a(lib_a-__call_atexit.o)
                0x0101d340                __call_exitprocs
 .text          0x0101d4f0       0x18 c:/altera/13.0sp1/nios2eds/bin/gnu/h-i686-mingw32/bin/../lib/gcc/nios2-elf/4.1.2/../../../../nios2-elf/lib\libc.a(lib_a-abort.o)
                0x0101d4f0                abort
 .text          0x0101d508      0x2d8 c:/altera/13.0sp1/nios2eds/bin/gnu/h-i686-mingw32/bin/../lib/gcc/nios2-elf/4.1.2/../../../../nios2-elf/lib\libc.a(lib_a-signal.o)
                0x0101d508                _raise_r
                0x0101d5d4                raise
                0x0101d5e8                _init_signal_r
                0x0101d64c                _init_signal
                0x0101d65c                __sigtramp_r
                0x0101d710                __sigtramp
                0x0101d724                _signal_r
                0x0101d7c4                signal
 .text          0x0101d7e0       0x78 c:/altera/13.0sp1/nios2eds/bin/gnu/h-i686-mingw32/bin/../lib/gcc/nios2-elf/4.1.2/../../../../nios2-elf/lib\libc.a(lib_a-signalr.o)
                0x0101d7e0                _getpid_r
                0x0101d7e4                _kill_r
 .text          0x0101d858     0x1120 c:/altera/13.0sp1/nios2eds/bin/gnu/h-i686-mingw32/bin/../lib/gcc/nios2-elf/4.1.2/../../../../nios2-elf/lib\libc.a(lib_a-vfiprintf.o)
                0x0101d8b0                ___vfiprintf_internal_r
                0x0101e954                __vfiprintf_internal
 .text          0x0101e978       0x60 ../Module1Software_bsp/\libhal_bsp.a(alt_exit.o)
                0x0101e9b8                _exit
 .text          0x0101e9d8       0x20 ../Module1Software_bsp/\libhal_bsp.a(alt_getpid.o)
                0x0101e9d8                getpid
 .text          0x0101e9f8      0x1a0 ../Module1Software_bsp/\libhal_bsp.a(alt_kill.o)
                0x0101e9f8                kill
 *(.gnu.warning.*)
 *(.fini)
                0x0101eb98                PROVIDE (__etext, ABSOLUTE (.))
                0x0101eb98                PROVIDE (_etext, ABSOLUTE (.))
                0x0101eb98                PROVIDE (etext, ABSOLUTE (.))
 *(.eh_frame_hdr)
                0x0101eb98                . = ALIGN (0x4)
                0x0101eb98                PROVIDE (__preinit_array_start, ABSOLUTE (.))
 *(.preinit_array)
                0x0101eb98                PROVIDE (__preinit_array_end, ABSOLUTE (.))
                0x0101eb98                PROVIDE (__init_array_start, ABSOLUTE (.))
 *(.init_array)
                0x0101eb98                PROVIDE (__init_array_end, ABSOLUTE (.))
                0x0101eb98                PROVIDE (__fini_array_start, ABSOLUTE (.))
 *(.fini_array)
                0x0101eb98                PROVIDE (__fini_array_end, ABSOLUTE (.))
 *(.eh_frame)
 *(.gcc_except_table)
 *(.dynamic)
                0x0101eb98                PROVIDE (__CTOR_LIST__, ABSOLUTE (.))
 *(.ctors)
 *(SORT(.ctors.*))
 .ctors.65535   0x0101eb98        0x4 c:/altera/13.0sp1/nios2eds/bin/gnu/h-i686-mingw32/bin/../lib/gcc/nios2-elf/4.1.2/../../../../nios2-elf/lib\libc.a(lib_a-__call_atexit.o)
                0x0101eb9c                PROVIDE (__CTOR_END__, ABSOLUTE (.))
                0x0101eb9c                PROVIDE (__DTOR_LIST__, ABSOLUTE (.))
 *(.dtors)
 *(SORT(.dtors.*))
                0x0101eb9c                PROVIDE (__DTOR_END__, ABSOLUTE (.))
 *(.jcr)
                0x0101eb9c                . = ALIGN (0x4)

.rodata         0x0101eb9c     0x1100
                0x0101eb9c                PROVIDE (__ram_rodata_start, ABSOLUTE (.))
                0x0101eb9c                . = ALIGN (0x4)
 *(.rodata .rodata.* .gnu.linkonce.r.*)
 .rodata        0x0101eb9c      0x104 obj/default/hardware_init.o
 .rodata        0x0101eca0       0x70 obj/default/keyboard.o
 .rodata        0x0101ed10      0x2bc obj/default/main.o
 .rodata        0x0101efcc       0xf0 obj/default/setup_graphics.o
 .rodata        0x0101f0bc      0x188 c:/altera/13.0sp1/nios2eds/bin/gnu/h-i686-mingw32/bin/../lib/gcc/nios2-elf/4.1.2/../../../../nios2-elf/lib\libm.a(lib_a-e_rem_pio2.o)
 .rodata        0x0101f244       0x50 c:/altera/13.0sp1/nios2eds/bin/gnu/h-i686-mingw32/bin/../lib/gcc/nios2-elf/4.1.2/../../../../nios2-elf/lib\libm.a(lib_a-k_rem_pio2.o)
 .rodata        0x0101f294       0x14 c:/altera/13.0sp1/nios2eds/bin/gnu/h-i686-mingw32/bin/../lib/gcc/nios2-elf/4.1.2\libgcc.a(_thenan_df.o)
                0x0101f294                __thenan_df
 .rodata        0x0101f2a8      0x100 c:/altera/13.0sp1/nios2eds/bin/gnu/h-i686-mingw32/bin/../lib/gcc/nios2-elf/4.1.2\libgcc.a(_clz.o)
                0x0101f2a8                __clz_tab
 .rodata.str1.4
                0x0101f3a8        0x2 c:/altera/13.0sp1/nios2eds/bin/gnu/h-i686-mingw32/bin/../lib/gcc/nios2-elf/4.1.2/../../../../nios2-elf/lib\libc.a(lib_a-puts.o)
                                  0x4 (size before relaxing)
 *fill*         0x0101f3aa        0x2 00
 .rodata.str1.4
                0x0101f3ac       0x5e c:/altera/13.0sp1/nios2eds/bin/gnu/h-i686-mingw32/bin/../lib/gcc/nios2-elf/4.1.2/../../../../nios2-elf/lib\libc.a(lib_a-vfprintf.o)
                                 0x60 (size before relaxing)
 .rodata        0x0101f40a       0x20 c:/altera/13.0sp1/nios2eds/bin/gnu/h-i686-mingw32/bin/../lib/gcc/nios2-elf/4.1.2/../../../../nios2-elf/lib\libc.a(lib_a-vfprintf.o)
 *fill*         0x0101f42a        0x2 00
 .rodata.str1.4
                0x0101f42c        0x5 c:/altera/13.0sp1/nios2eds/bin/gnu/h-i686-mingw32/bin/../lib/gcc/nios2-elf/4.1.2/../../../../nios2-elf/lib\libc.a(lib_a-vfscanf.o)
                                  0x8 (size before relaxing)
 *fill*         0x0101f431        0x1 00
 .rodata        0x0101f432       0x22 c:/altera/13.0sp1/nios2eds/bin/gnu/h-i686-mingw32/bin/../lib/gcc/nios2-elf/4.1.2/../../../../nios2-elf/lib\libc.a(lib_a-vfscanf.o)
 .rodata        0x0101f454      0x281 c:/altera/13.0sp1/nios2eds/bin/gnu/h-i686-mingw32/bin/../lib/gcc/nios2-elf/4.1.2/../../../../nios2-elf/lib\libc.a(lib_a-ctype_.o)
                0x0101f454                _ctype_
 *fill*         0x0101f6d5        0x3 00
 .rodata.str1.4
                0x0101f6d8       0x10 c:/altera/13.0sp1/nios2eds/bin/gnu/h-i686-mingw32/bin/../lib/gcc/nios2-elf/4.1.2/../../../../nios2-elf/lib\libc.a(lib_a-dtoa.o)
                                 0x14 (size before relaxing)
 .rodata.str1.4
                0x0101f6e8        0x2 c:/altera/13.0sp1/nios2eds/bin/gnu/h-i686-mingw32/bin/../lib/gcc/nios2-elf/4.1.2/../../../../nios2-elf/lib\libc.a(lib_a-impure.o)
                                  0x4 (size before relaxing)
 *fill*         0x0101f6ea        0x2 00
 .rodata.str1.4
                0x0101f6ec        0xf c:/altera/13.0sp1/nios2eds/bin/gnu/h-i686-mingw32/bin/../lib/gcc/nios2-elf/4.1.2/../../../../nios2-elf/lib\libc.a(lib_a-locale.o)
                                 0x18 (size before relaxing)
 *fill*         0x0101f6fb        0x1 00
 .rodata        0x0101f6fc       0x30 c:/altera/13.0sp1/nios2eds/bin/gnu/h-i686-mingw32/bin/../lib/gcc/nios2-elf/4.1.2/../../../../nios2-elf/lib\libc.a(lib_a-locale.o)
 .rodata.str1.4
                0x00000000        0x4 c:/altera/13.0sp1/nios2eds/bin/gnu/h-i686-mingw32/bin/../lib/gcc/nios2-elf/4.1.2/../../../../nios2-elf/lib\libc.a(lib_a-mbrtowc.o)
 .rodata        0x0101f72c      0x124 c:/altera/13.0sp1/nios2eds/bin/gnu/h-i686-mingw32/bin/../lib/gcc/nios2-elf/4.1.2/../../../../nios2-elf/lib\libc.a(lib_a-mprec.o)
                0x0101f72c                __mprec_tens
                0x0101f7f4                __mprec_bigtens
                0x0101f81c                __mprec_tinytens
 .rodata.str1.4
                0x0101f850        0xf c:/altera/13.0sp1/nios2eds/bin/gnu/h-i686-mingw32/bin/../lib/gcc/nios2-elf/4.1.2/../../../../nios2-elf/lib\libc.a(lib_a-strtod.o)
                                 0x10 (size before relaxing)
 *fill*         0x0101f85f        0x1 00
 .rodata        0x0101f860       0x28 c:/altera/13.0sp1/nios2eds/bin/gnu/h-i686-mingw32/bin/../lib/gcc/nios2-elf/4.1.2/../../../../nios2-elf/lib\libc.a(lib_a-strtod.o)
 .rodata.str1.4
                0x0101f888       0x1b c:/altera/13.0sp1/nios2eds/bin/gnu/h-i686-mingw32/bin/../lib/gcc/nios2-elf/4.1.2/../../../../nios2-elf/lib\libc.a(lib_a-gdtoa-gethex.o)
                                 0x1c (size before relaxing)
 *fill*         0x0101f8a3        0x1 00
 .rodata        0x0101f8a4        0xc ../Module1Software_bsp/\libhal_bsp.a(alt_dev.o)
 .rodata        0x0101f8b0        0xc ../Module1Software_bsp/\libhal_bsp.a(alt_main.o)
 .rodata        0x0101f8bc       0xc8 ../Module1Software_bsp/\libhal_bsp.a(alt_sys_init.o)
 .rodata        0x0101f984       0x60 ../Module1Software_bsp/\libhal_bsp.a(Altera_UP_SD_Card_Avalon_Interface.o)
 .rodata        0x0101f9e4       0x1c ../Module1Software_bsp/\libhal_bsp.a(altera_up_avalon_video_character_buffer_with_dma.o)
 .rodata        0x0101fa00      0x23c ../Module1Software_bsp/\libhal_bsp.a(altera_up_ps2_keyboard.o)
 .rodata.str1.4
                0x0101fc3c       0x40 c:/altera/13.0sp1/nios2eds/bin/gnu/h-i686-mingw32/bin/../lib/gcc/nios2-elf/4.1.2/../../../../nios2-elf/lib\libc.a(lib_a-assert.o)
                                 0x44 (size before relaxing)
 .rodata.str1.4
                0x00000000       0x4c c:/altera/13.0sp1/nios2eds/bin/gnu/h-i686-mingw32/bin/../lib/gcc/nios2-elf/4.1.2/../../../../nios2-elf/lib\libc.a(lib_a-vfiprintf.o)
 .rodata        0x0101fc7c       0x20 c:/altera/13.0sp1/nios2eds/bin/gnu/h-i686-mingw32/bin/../lib/gcc/nios2-elf/4.1.2/../../../../nios2-elf/lib\libc.a(lib_a-vfiprintf.o)
 *(.rodata1)
                0x0101fc9c                . = ALIGN (0x4)
                0x0101fc9c                PROVIDE (__ram_rodata_end, ABSOLUTE (.))
                0x0101eb9c                PROVIDE (__flash_rodata_start, LOADADDR (.rodata))

.rwdata         0x0101fc9c     0x1eb0 load address 0x01021b4c
                0x0101fc9c                PROVIDE (__ram_rwdata_start, ABSOLUTE (.))
                0x0101fc9c                . = ALIGN (0x4)
 *(.got.plt)
 *(.got)
 *(.data1)
 *(.data .data.* .gnu.linkonce.d.*)
 .data          0x0101fc9c        0x0 ../Module1Software_bsp//obj/HAL/src/crt0.o
 .data          0x0101fc9c        0x0 obj/default/game.o
 .data          0x0101fc9c        0x0 obj/default/graphics.o
 .data          0x0101fc9c        0x0 obj/default/hardware_init.o
 .data          0x0101fc9c        0x0 obj/default/keyboard.o
 .data          0x0101fc9c        0x0 obj/default/main.o
 .data          0x0101fc9c        0x0 obj/default/player.o
 .data          0x0101fc9c        0x0 obj/default/setup_graphics.o
 .data          0x0101fc9c        0x0 c:/altera/13.0sp1/nios2eds/bin/gnu/h-i686-mingw32/bin/../lib/gcc/nios2-elf/4.1.2/../../../../nios2-elf/lib\libm.a(lib_a-s_cos.o)
 .data          0x0101fc9c        0x0 c:/altera/13.0sp1/nios2eds/bin/gnu/h-i686-mingw32/bin/../lib/gcc/nios2-elf/4.1.2/../../../../nios2-elf/lib\libm.a(lib_a-s_sin.o)
 .data          0x0101fc9c        0x0 c:/altera/13.0sp1/nios2eds/bin/gnu/h-i686-mingw32/bin/../lib/gcc/nios2-elf/4.1.2/../../../../nios2-elf/lib\libm.a(lib_a-e_rem_pio2.o)
 .data          0x0101fc9c        0x0 c:/altera/13.0sp1/nios2eds/bin/gnu/h-i686-mingw32/bin/../lib/gcc/nios2-elf/4.1.2/../../../../nios2-elf/lib\libm.a(lib_a-k_cos.o)
 .data          0x0101fc9c        0x0 c:/altera/13.0sp1/nios2eds/bin/gnu/h-i686-mingw32/bin/../lib/gcc/nios2-elf/4.1.2/../../../../nios2-elf/lib\libm.a(lib_a-k_rem_pio2.o)
 .data          0x0101fc9c        0x0 c:/altera/13.0sp1/nios2eds/bin/gnu/h-i686-mingw32/bin/../lib/gcc/nios2-elf/4.1.2/../../../../nios2-elf/lib\libm.a(lib_a-k_sin.o)
 .data          0x0101fc9c        0x0 c:/altera/13.0sp1/nios2eds/bin/gnu/h-i686-mingw32/bin/../lib/gcc/nios2-elf/4.1.2/../../../../nios2-elf/lib\libm.a(lib_a-s_fabs.o)
 .data          0x0101fc9c        0x0 c:/altera/13.0sp1/nios2eds/bin/gnu/h-i686-mingw32/bin/../lib/gcc/nios2-elf/4.1.2/../../../../nios2-elf/lib\libm.a(lib_a-s_floor.o)
 .data          0x0101fc9c        0x0 c:/altera/13.0sp1/nios2eds/bin/gnu/h-i686-mingw32/bin/../lib/gcc/nios2-elf/4.1.2/../../../../nios2-elf/lib\libm.a(lib_a-s_scalbn.o)
 .data          0x0101fc9c        0x0 c:/altera/13.0sp1/nios2eds/bin/gnu/h-i686-mingw32/bin/../lib/gcc/nios2-elf/4.1.2/../../../../nios2-elf/lib\libm.a(lib_a-s_copysign.o)
 .data          0x0101fc9c        0x0 c:/altera/13.0sp1/nios2eds/bin/gnu/h-i686-mingw32/bin/../lib/gcc/nios2-elf/4.1.2\libgcc.a(_addsub_df.o)
 .data          0x0101fc9c        0x0 c:/altera/13.0sp1/nios2eds/bin/gnu/h-i686-mingw32/bin/../lib/gcc/nios2-elf/4.1.2\libgcc.a(_mul_df.o)
 .data          0x0101fc9c        0x0 c:/altera/13.0sp1/nios2eds/bin/gnu/h-i686-mingw32/bin/../lib/gcc/nios2-elf/4.1.2\libgcc.a(_div_df.o)
 .data          0x0101fc9c        0x0 c:/altera/13.0sp1/nios2eds/bin/gnu/h-i686-mingw32/bin/../lib/gcc/nios2-elf/4.1.2\libgcc.a(_eq_df.o)
 .data          0x0101fc9c        0x0 c:/altera/13.0sp1/nios2eds/bin/gnu/h-i686-mingw32/bin/../lib/gcc/nios2-elf/4.1.2\libgcc.a(_ne_df.o)
 .data          0x0101fc9c        0x0 c:/altera/13.0sp1/nios2eds/bin/gnu/h-i686-mingw32/bin/../lib/gcc/nios2-elf/4.1.2\libgcc.a(_gt_df.o)
 .data          0x0101fc9c        0x0 c:/altera/13.0sp1/nios2eds/bin/gnu/h-i686-mingw32/bin/../lib/gcc/nios2-elf/4.1.2\libgcc.a(_ge_df.o)
 .data          0x0101fc9c        0x0 c:/altera/13.0sp1/nios2eds/bin/gnu/h-i686-mingw32/bin/../lib/gcc/nios2-elf/4.1.2\libgcc.a(_si_to_df.o)
 .data          0x0101fc9c        0x0 c:/altera/13.0sp1/nios2eds/bin/gnu/h-i686-mingw32/bin/../lib/gcc/nios2-elf/4.1.2\libgcc.a(_df_to_si.o)
 .data          0x0101fc9c        0x0 c:/altera/13.0sp1/nios2eds/bin/gnu/h-i686-mingw32/bin/../lib/gcc/nios2-elf/4.1.2\libgcc.a(_thenan_df.o)
 .data          0x0101fc9c        0x0 c:/altera/13.0sp1/nios2eds/bin/gnu/h-i686-mingw32/bin/../lib/gcc/nios2-elf/4.1.2\libgcc.a(lib2-divmod.o)
 .data          0x0101fc9c        0x0 c:/altera/13.0sp1/nios2eds/bin/gnu/h-i686-mingw32/bin/../lib/gcc/nios2-elf/4.1.2\libgcc.a(_muldi3.o)
 .data          0x0101fc9c        0x0 c:/altera/13.0sp1/nios2eds/bin/gnu/h-i686-mingw32/bin/../lib/gcc/nios2-elf/4.1.2\libgcc.a(_clzsi2.o)
 .data          0x0101fc9c        0x0 c:/altera/13.0sp1/nios2eds/bin/gnu/h-i686-mingw32/bin/../lib/gcc/nios2-elf/4.1.2\libgcc.a(_pack_df.o)
 .data          0x0101fc9c        0x0 c:/altera/13.0sp1/nios2eds/bin/gnu/h-i686-mingw32/bin/../lib/gcc/nios2-elf/4.1.2\libgcc.a(_unpack_df.o)
 .data          0x0101fc9c        0x0 c:/altera/13.0sp1/nios2eds/bin/gnu/h-i686-mingw32/bin/../lib/gcc/nios2-elf/4.1.2\libgcc.a(_fpcmp_parts_df.o)
 .data          0x0101fc9c        0x0 c:/altera/13.0sp1/nios2eds/bin/gnu/h-i686-mingw32/bin/../lib/gcc/nios2-elf/4.1.2\libgcc.a(_clz.o)
 .data          0x0101fc9c        0x0 c:/altera/13.0sp1/nios2eds/bin/gnu/h-i686-mingw32/bin/../lib/gcc/nios2-elf/4.1.2/../../../../nios2-elf/lib\libc.a(lib_a-malloc.o)
 .data          0x0101fc9c      0x408 c:/altera/13.0sp1/nios2eds/bin/gnu/h-i686-mingw32/bin/../lib/gcc/nios2-elf/4.1.2/../../../../nios2-elf/lib\libc.a(lib_a-mallocr.o)
                0x0101fc9c                __malloc_av_
 .data          0x010200a4        0x0 c:/altera/13.0sp1/nios2eds/bin/gnu/h-i686-mingw32/bin/../lib/gcc/nios2-elf/4.1.2/../../../../nios2-elf/lib\libc.a(lib_a-printf.o)
 .data          0x010200a4        0x0 c:/altera/13.0sp1/nios2eds/bin/gnu/h-i686-mingw32/bin/../lib/gcc/nios2-elf/4.1.2/../../../../nios2-elf/lib\libc.a(lib_a-puts.o)
 .data          0x010200a4        0x0 c:/altera/13.0sp1/nios2eds/bin/gnu/h-i686-mingw32/bin/../lib/gcc/nios2-elf/4.1.2/../../../../nios2-elf/lib\libc.a(lib_a-rand.o)
 .data          0x010200a4        0x0 c:/altera/13.0sp1/nios2eds/bin/gnu/h-i686-mingw32/bin/../lib/gcc/nios2-elf/4.1.2/../../../../nios2-elf/lib\libc.a(lib_a-sbrkr.o)
 .data          0x010200a4        0x0 c:/altera/13.0sp1/nios2eds/bin/gnu/h-i686-mingw32/bin/../lib/gcc/nios2-elf/4.1.2/../../../../nios2-elf/lib\libc.a(lib_a-scanf.o)
 .data          0x010200a4        0x0 c:/altera/13.0sp1/nios2eds/bin/gnu/h-i686-mingw32/bin/../lib/gcc/nios2-elf/4.1.2/../../../../nios2-elf/lib\libc.a(lib_a-sprintf.o)
 .data          0x010200a4        0x0 c:/altera/13.0sp1/nios2eds/bin/gnu/h-i686-mingw32/bin/../lib/gcc/nios2-elf/4.1.2/../../../../nios2-elf/lib\libc.a(lib_a-strlen.o)
 .data          0x010200a4        0x0 c:/altera/13.0sp1/nios2eds/bin/gnu/h-i686-mingw32/bin/../lib/gcc/nios2-elf/4.1.2/../../../../nios2-elf/lib\libc.a(lib_a-time.o)
 .data          0x010200a4        0x0 c:/altera/13.0sp1/nios2eds/bin/gnu/h-i686-mingw32/bin/../lib/gcc/nios2-elf/4.1.2/../../../../nios2-elf/lib\libc.a(lib_a-vfprintf.o)
 .data          0x010200a4        0x0 c:/altera/13.0sp1/nios2eds/bin/gnu/h-i686-mingw32/bin/../lib/gcc/nios2-elf/4.1.2/../../../../nios2-elf/lib\libc.a(lib_a-vfscanf.o)
 .data          0x010200a4        0x0 c:/altera/13.0sp1/nios2eds/bin/gnu/h-i686-mingw32/bin/../lib/gcc/nios2-elf/4.1.2/../../../../nios2-elf/lib\libc.a(lib_a-wsetup.o)
 .data          0x010200a4        0x0 c:/altera/13.0sp1/nios2eds/bin/gnu/h-i686-mingw32/bin/../lib/gcc/nios2-elf/4.1.2/../../../../nios2-elf/lib\libc.a(lib_a-ctype_.o)
 .data          0x010200a4        0x0 c:/altera/13.0sp1/nios2eds/bin/gnu/h-i686-mingw32/bin/../lib/gcc/nios2-elf/4.1.2/../../../../nios2-elf/lib\libc.a(lib_a-dtoa.o)
 .data          0x010200a4        0x0 c:/altera/13.0sp1/nios2eds/bin/gnu/h-i686-mingw32/bin/../lib/gcc/nios2-elf/4.1.2/../../../../nios2-elf/lib\libc.a(lib_a-fflush.o)
 .data          0x010200a4        0x0 c:/altera/13.0sp1/nios2eds/bin/gnu/h-i686-mingw32/bin/../lib/gcc/nios2-elf/4.1.2/../../../../nios2-elf/lib\libc.a(lib_a-findfp.o)
 .data          0x010200a4        0x0 c:/altera/13.0sp1/nios2eds/bin/gnu/h-i686-mingw32/bin/../lib/gcc/nios2-elf/4.1.2/../../../../nios2-elf/lib\libc.a(lib_a-fread.o)
 .data          0x010200a4        0x0 c:/altera/13.0sp1/nios2eds/bin/gnu/h-i686-mingw32/bin/../lib/gcc/nios2-elf/4.1.2/../../../../nios2-elf/lib\libc.a(lib_a-freer.o)
 .data          0x010200a4        0x0 c:/altera/13.0sp1/nios2eds/bin/gnu/h-i686-mingw32/bin/../lib/gcc/nios2-elf/4.1.2/../../../../nios2-elf/lib\libc.a(lib_a-fvwrite.o)
 .data          0x010200a4        0x0 c:/altera/13.0sp1/nios2eds/bin/gnu/h-i686-mingw32/bin/../lib/gcc/nios2-elf/4.1.2/../../../../nios2-elf/lib\libc.a(lib_a-fwalk.o)
 .data          0x010200a4        0x0 c:/altera/13.0sp1/nios2eds/bin/gnu/h-i686-mingw32/bin/../lib/gcc/nios2-elf/4.1.2/../../../../nios2-elf/lib\libc.a(lib_a-gettimeofdayr.o)
 .data          0x010200a4      0x400 c:/altera/13.0sp1/nios2eds/bin/gnu/h-i686-mingw32/bin/../lib/gcc/nios2-elf/4.1.2/../../../../nios2-elf/lib\libc.a(lib_a-impure.o)
 .data          0x010204a4        0x0 c:/altera/13.0sp1/nios2eds/bin/gnu/h-i686-mingw32/bin/../lib/gcc/nios2-elf/4.1.2/../../../../nios2-elf/lib\libc.a(lib_a-int_errno.o)
 .data          0x010204a4        0x0 c:/altera/13.0sp1/nios2eds/bin/gnu/h-i686-mingw32/bin/../lib/gcc/nios2-elf/4.1.2/../../../../nios2-elf/lib\libc.a(lib_a-iswspace.o)
 .data          0x010204a4        0xc c:/altera/13.0sp1/nios2eds/bin/gnu/h-i686-mingw32/bin/../lib/gcc/nios2-elf/4.1.2/../../../../nios2-elf/lib\libc.a(lib_a-locale.o)
                0x010204a4                __lc_ctype
 .data          0x010204b0        0x0 c:/altera/13.0sp1/nios2eds/bin/gnu/h-i686-mingw32/bin/../lib/gcc/nios2-elf/4.1.2/../../../../nios2-elf/lib\libc.a(lib_a-makebuf.o)
 .data          0x010204b0        0x0 c:/altera/13.0sp1/nios2eds/bin/gnu/h-i686-mingw32/bin/../lib/gcc/nios2-elf/4.1.2/../../../../nios2-elf/lib\libc.a(lib_a-mbrtowc.o)
 .data          0x010204b0        0x0 c:/altera/13.0sp1/nios2eds/bin/gnu/h-i686-mingw32/bin/../lib/gcc/nios2-elf/4.1.2/../../../../nios2-elf/lib\libc.a(lib_a-mbtowc_r.o)
 .data          0x010204b0        0x0 c:/altera/13.0sp1/nios2eds/bin/gnu/h-i686-mingw32/bin/../lib/gcc/nios2-elf/4.1.2/../../../../nios2-elf/lib\libc.a(lib_a-memchr.o)
 .data          0x010204b0        0x0 c:/altera/13.0sp1/nios2eds/bin/gnu/h-i686-mingw32/bin/../lib/gcc/nios2-elf/4.1.2/../../../../nios2-elf/lib\libc.a(lib_a-memcpy.o)
 .data          0x010204b0        0x0 c:/altera/13.0sp1/nios2eds/bin/gnu/h-i686-mingw32/bin/../lib/gcc/nios2-elf/4.1.2/../../../../nios2-elf/lib\libc.a(lib_a-memmove.o)
 .data          0x010204b0        0x0 c:/altera/13.0sp1/nios2eds/bin/gnu/h-i686-mingw32/bin/../lib/gcc/nios2-elf/4.1.2/../../../../nios2-elf/lib\libc.a(lib_a-memset.o)
 .data          0x010204b0        0x0 c:/altera/13.0sp1/nios2eds/bin/gnu/h-i686-mingw32/bin/../lib/gcc/nios2-elf/4.1.2/../../../../nios2-elf/lib\libc.a(lib_a-mprec.o)
 .data          0x010204b0        0x0 c:/altera/13.0sp1/nios2eds/bin/gnu/h-i686-mingw32/bin/../lib/gcc/nios2-elf/4.1.2/../../../../nios2-elf/lib\libc.a(lib_a-reallocr.o)
 .data          0x010204b0        0x0 c:/altera/13.0sp1/nios2eds/bin/gnu/h-i686-mingw32/bin/../lib/gcc/nios2-elf/4.1.2/../../../../nios2-elf/lib\libc.a(lib_a-refill.o)
 .data          0x010204b0        0x0 c:/altera/13.0sp1/nios2eds/bin/gnu/h-i686-mingw32/bin/../lib/gcc/nios2-elf/4.1.2/../../../../nios2-elf/lib\libc.a(lib_a-s_isinfd.o)
 .data          0x010204b0        0x0 c:/altera/13.0sp1/nios2eds/bin/gnu/h-i686-mingw32/bin/../lib/gcc/nios2-elf/4.1.2/../../../../nios2-elf/lib\libc.a(lib_a-s_isnand.o)
 .data          0x010204b0        0x0 c:/altera/13.0sp1/nios2eds/bin/gnu/h-i686-mingw32/bin/../lib/gcc/nios2-elf/4.1.2/../../../../nios2-elf/lib\libc.a(lib_a-sccl.o)
 .data          0x010204b0        0x0 c:/altera/13.0sp1/nios2eds/bin/gnu/h-i686-mingw32/bin/../lib/gcc/nios2-elf/4.1.2/../../../../nios2-elf/lib\libc.a(lib_a-sf_nan.o)
 .data          0x010204b0        0x0 c:/altera/13.0sp1/nios2eds/bin/gnu/h-i686-mingw32/bin/../lib/gcc/nios2-elf/4.1.2/../../../../nios2-elf/lib\libc.a(lib_a-stdio.o)
 .data          0x010204b0        0x0 c:/altera/13.0sp1/nios2eds/bin/gnu/h-i686-mingw32/bin/../lib/gcc/nios2-elf/4.1.2/../../../../nios2-elf/lib\libc.a(lib_a-strcmp.o)
 .data          0x010204b0       0x28 c:/altera/13.0sp1/nios2eds/bin/gnu/h-i686-mingw32/bin/../lib/gcc/nios2-elf/4.1.2/../../../../nios2-elf/lib\libc.a(lib_a-strtod.o)
 .data          0x010204d8        0x0 c:/altera/13.0sp1/nios2eds/bin/gnu/h-i686-mingw32/bin/../lib/gcc/nios2-elf/4.1.2/../../../../nios2-elf/lib\libc.a(lib_a-strtol.o)
 .data          0x010204d8        0x0 c:/altera/13.0sp1/nios2eds/bin/gnu/h-i686-mingw32/bin/../lib/gcc/nios2-elf/4.1.2/../../../../nios2-elf/lib\libc.a(lib_a-strtoll_r.o)
 .data          0x010204d8        0x0 c:/altera/13.0sp1/nios2eds/bin/gnu/h-i686-mingw32/bin/../lib/gcc/nios2-elf/4.1.2/../../../../nios2-elf/lib\libc.a(lib_a-strtoul.o)
 .data          0x010204d8        0x0 c:/altera/13.0sp1/nios2eds/bin/gnu/h-i686-mingw32/bin/../lib/gcc/nios2-elf/4.1.2/../../../../nios2-elf/lib\libc.a(lib_a-strtoull_r.o)
 .data          0x010204d8        0x0 c:/altera/13.0sp1/nios2eds/bin/gnu/h-i686-mingw32/bin/../lib/gcc/nios2-elf/4.1.2/../../../../nios2-elf/lib\libc.a(lib_a-ungetc.o)
 .data          0x010204d8        0x0 c:/altera/13.0sp1/nios2eds/bin/gnu/h-i686-mingw32/bin/../lib/gcc/nios2-elf/4.1.2/../../../../nios2-elf/lib\libc.a(lib_a-writer.o)
 .data          0x010204d8        0x0 c:/altera/13.0sp1/nios2eds/bin/gnu/h-i686-mingw32/bin/../lib/gcc/nios2-elf/4.1.2/../../../../nios2-elf/lib\libc.a(lib_a-callocr.o)
 .data          0x010204d8        0x0 c:/altera/13.0sp1/nios2eds/bin/gnu/h-i686-mingw32/bin/../lib/gcc/nios2-elf/4.1.2/../../../../nios2-elf/lib\libc.a(lib_a-closer.o)
 .data          0x010204d8        0x0 c:/altera/13.0sp1/nios2eds/bin/gnu/h-i686-mingw32/bin/../lib/gcc/nios2-elf/4.1.2/../../../../nios2-elf/lib\libc.a(lib_a-fclose.o)
 .data          0x010204d8        0x0 c:/altera/13.0sp1/nios2eds/bin/gnu/h-i686-mingw32/bin/../lib/gcc/nios2-elf/4.1.2/../../../../nios2-elf/lib\libc.a(lib_a-fstatr.o)
 .data          0x010204d8        0x0 c:/altera/13.0sp1/nios2eds/bin/gnu/h-i686-mingw32/bin/../lib/gcc/nios2-elf/4.1.2/../../../../nios2-elf/lib\libc.a(lib_a-gdtoa-gethex.o)
 .data          0x010204d8        0x0 c:/altera/13.0sp1/nios2eds/bin/gnu/h-i686-mingw32/bin/../lib/gcc/nios2-elf/4.1.2/../../../../nios2-elf/lib\libc.a(lib_a-gdtoa-hexnan.o)
 .data          0x010204d8        0x0 c:/altera/13.0sp1/nios2eds/bin/gnu/h-i686-mingw32/bin/../lib/gcc/nios2-elf/4.1.2/../../../../nios2-elf/lib\libc.a(lib_a-isattyr.o)
 .data          0x010204d8        0x0 c:/altera/13.0sp1/nios2eds/bin/gnu/h-i686-mingw32/bin/../lib/gcc/nios2-elf/4.1.2/../../../../nios2-elf/lib\libc.a(lib_a-lseekr.o)
 .data          0x010204d8        0x0 c:/altera/13.0sp1/nios2eds/bin/gnu/h-i686-mingw32/bin/../lib/gcc/nios2-elf/4.1.2/../../../../nios2-elf/lib\libc.a(lib_a-readr.o)
 .data          0x010204d8        0x0 c:/altera/13.0sp1/nios2eds/bin/gnu/h-i686-mingw32/bin/../lib/gcc/nios2-elf/4.1.2\libgcc.a(_fixunsdfsi.o)
 .data          0x010204d8        0x0 c:/altera/13.0sp1/nios2eds/bin/gnu/h-i686-mingw32/bin/../lib/gcc/nios2-elf/4.1.2\libgcc.a(_udivdi3.o)
 .data          0x010204d8        0x0 c:/altera/13.0sp1/nios2eds/bin/gnu/h-i686-mingw32/bin/../lib/gcc/nios2-elf/4.1.2\libgcc.a(_umoddi3.o)
 .data          0x010204d8        0x0 c:/altera/13.0sp1/nios2eds/bin/gnu/h-i686-mingw32/bin/../lib/gcc/nios2-elf/4.1.2\libgcc.a(_ne_sf.o)
 .data          0x010204d8        0x0 c:/altera/13.0sp1/nios2eds/bin/gnu/h-i686-mingw32/bin/../lib/gcc/nios2-elf/4.1.2\libgcc.a(_gt_sf.o)
 .data          0x010204d8        0x0 c:/altera/13.0sp1/nios2eds/bin/gnu/h-i686-mingw32/bin/../lib/gcc/nios2-elf/4.1.2\libgcc.a(_lt_sf.o)
 .data          0x010204d8        0x0 c:/altera/13.0sp1/nios2eds/bin/gnu/h-i686-mingw32/bin/../lib/gcc/nios2-elf/4.1.2\libgcc.a(_lt_df.o)
 .data          0x010204d8        0x0 c:/altera/13.0sp1/nios2eds/bin/gnu/h-i686-mingw32/bin/../lib/gcc/nios2-elf/4.1.2\libgcc.a(_le_df.o)
 .data          0x010204d8        0x0 c:/altera/13.0sp1/nios2eds/bin/gnu/h-i686-mingw32/bin/../lib/gcc/nios2-elf/4.1.2\libgcc.a(_df_to_sf.o)
 .data          0x010204d8        0x0 c:/altera/13.0sp1/nios2eds/bin/gnu/h-i686-mingw32/bin/../lib/gcc/nios2-elf/4.1.2\libgcc.a(_usi_to_df.o)
 .data          0x010204d8        0x0 c:/altera/13.0sp1/nios2eds/bin/gnu/h-i686-mingw32/bin/../lib/gcc/nios2-elf/4.1.2\libgcc.a(_unpack_sf.o)
 .data          0x010204d8        0x0 c:/altera/13.0sp1/nios2eds/bin/gnu/h-i686-mingw32/bin/../lib/gcc/nios2-elf/4.1.2\libgcc.a(_fpcmp_parts_sf.o)
 .data          0x010204d8        0x0 c:/altera/13.0sp1/nios2eds/bin/gnu/h-i686-mingw32/bin/../lib/gcc/nios2-elf/4.1.2\libgcc.a(_make_sf.o)
 .data          0x010204d8        0x0 c:/altera/13.0sp1/nios2eds/bin/gnu/h-i686-mingw32/bin/../lib/gcc/nios2-elf/4.1.2\libgcc.a(_pack_sf.o)
 .data          0x010204d8        0x0 ../Module1Software_bsp/\libhal_bsp.a(alt_close.o)
 .data          0x010204d8      0x1a8 ../Module1Software_bsp/\libhal_bsp.a(alt_dev.o)
                0x010204d8                alt_dev_null
                0x01020500                alt_fd_list
 .data          0x01020680        0x0 ../Module1Software_bsp/\libhal_bsp.a(alt_errno.o)
 .data          0x01020680        0x0 ../Module1Software_bsp/\libhal_bsp.a(alt_fstat.o)
 .data          0x01020680        0x0 ../Module1Software_bsp/\libhal_bsp.a(alt_gettod.o)
 .data          0x01020680        0x0 ../Module1Software_bsp/\libhal_bsp.a(alt_isatty.o)
 .data          0x01020680        0x0 ../Module1Software_bsp/\libhal_bsp.a(alt_load.o)
 .data          0x01020680        0x0 ../Module1Software_bsp/\libhal_bsp.a(alt_lseek.o)
 .data          0x01020680        0x0 ../Module1Software_bsp/\libhal_bsp.a(alt_main.o)
 .data          0x01020680        0x0 ../Module1Software_bsp/\libhal_bsp.a(alt_malloc_lock.o)
 .data          0x01020680        0x0 ../Module1Software_bsp/\libhal_bsp.a(alt_read.o)
 .data          0x01020680        0x0 ../Module1Software_bsp/\libhal_bsp.a(alt_release_fd.o)
 .data          0x01020680        0x0 ../Module1Software_bsp/\libhal_bsp.a(alt_sbrk.o)
 .data          0x01020680        0x0 ../Module1Software_bsp/\libhal_bsp.a(alt_tick.o)
 .data          0x01020680        0x0 ../Module1Software_bsp/\libhal_bsp.a(alt_usleep.o)
 .data          0x01020680        0x0 ../Module1Software_bsp/\libhal_bsp.a(alt_write.o)
 .data          0x01020680     0x11bc ../Module1Software_bsp/\libhal_bsp.a(alt_sys_init.o)
 .data          0x0102183c        0x0 ../Module1Software_bsp/\libhal_bsp.a(Altera_UP_SD_Card_Avalon_Interface.o)
 .data          0x0102183c        0x0 ../Module1Software_bsp/\libhal_bsp.a(altera_avalon_jtag_uart_fd.o)
 .data          0x0102183c        0x0 ../Module1Software_bsp/\libhal_bsp.a(altera_avalon_jtag_uart_init.o)
 .data          0x0102183c        0x0 ../Module1Software_bsp/\libhal_bsp.a(altera_avalon_jtag_uart_ioctl.o)
 .data          0x0102183c        0x0 ../Module1Software_bsp/\libhal_bsp.a(altera_avalon_jtag_uart_read.o)
 .data          0x0102183c        0x0 ../Module1Software_bsp/\libhal_bsp.a(altera_avalon_jtag_uart_write.o)
 .data          0x0102183c        0x0 ../Module1Software_bsp/\libhal_bsp.a(altera_avalon_timer_vars.o)
 .data          0x0102183c        0x0 ../Module1Software_bsp/\libhal_bsp.a(altera_up_avalon_character_lcd.o)
 .data          0x0102183c        0x0 ../Module1Software_bsp/\libhal_bsp.a(altera_up_avalon_ps2.o)
 .data          0x0102183c        0x0 ../Module1Software_bsp/\libhal_bsp.a(altera_up_avalon_video_character_buffer_with_dma.o)
 .data          0x0102183c        0x0 ../Module1Software_bsp/\libhal_bsp.a(altera_up_avalon_video_pixel_buffer_dma.o)
 .data          0x0102183c      0x2cc ../Module1Software_bsp/\libhal_bsp.a(altera_up_ps2_keyboard.o)
                0x0102183c                key_table
                0x010219d4                ascii_codes
                0x01021a3a                single_byte_make_code
                0x01021aa0                multi_byte_make_code
 .data          0x01021b08        0x0 ../Module1Software_bsp/\libhal_bsp.a(alt_alarm_start.o)
 .data          0x01021b08        0x0 ../Module1Software_bsp/\libhal_bsp.a(alt_busy_sleep.o)
 .data          0x01021b08        0x0 ../Module1Software_bsp/\libhal_bsp.a(alt_dcache_flush_all.o)
 .data          0x01021b08        0x0 ../Module1Software_bsp/\libhal_bsp.a(alt_dev_llist_insert.o)
 .data          0x01021b08        0x0 ../Module1Software_bsp/\libhal_bsp.a(alt_do_ctors.o)
 .data          0x01021b08        0x0 ../Module1Software_bsp/\libhal_bsp.a(alt_do_dtors.o)
 .data          0x01021b08        0x0 ../Module1Software_bsp/\libhal_bsp.a(alt_find_dev.o)
 .data          0x01021b08        0x0 ../Module1Software_bsp/\libhal_bsp.a(alt_icache_flush_all.o)
 .data          0x01021b08        0x0 ../Module1Software_bsp/\libhal_bsp.a(alt_io_redirect.o)
 .data          0x01021b08        0x0 ../Module1Software_bsp/\libhal_bsp.a(alt_irq_register.o)
 .data          0x01021b08        0x0 ../Module1Software_bsp/\libhal_bsp.a(alt_irq_vars.o)
 .data          0x01021b08        0x0 ../Module1Software_bsp/\libhal_bsp.a(alt_open.o)
 .data          0x01021b08        0x0 ../Module1Software_bsp/\libhal_bsp.a(altera_nios2_qsys_irq.o)
 .data          0x01021b08        0x0 ../Module1Software_bsp/\libhal_bsp.a(alt_find_file.o)
 .data          0x01021b08        0x0 ../Module1Software_bsp/\libhal_bsp.a(alt_get_fd.o)
 .data          0x01021b08        0x0 ../Module1Software_bsp/\libhal_bsp.a(alt_icache_flush.o)
 .data          0x01021b08        0x0 ../Module1Software_bsp/\libhal_bsp.a(alt_irq_entry.o)
 .data          0x01021b08        0x0 ../Module1Software_bsp/\libhal_bsp.a(alt_irq_handler.o)
 .data          0x01021b08        0x0 ../Module1Software_bsp/\libhal_bsp.a(alt_exception_entry.o)
 .data          0x01021b08        0x0 c:/altera/13.0sp1/nios2eds/bin/gnu/h-i686-mingw32/bin/../lib/gcc/nios2-elf/4.1.2/../../../../nios2-elf/lib\libc.a(lib_a-assert.o)
 .data          0x01021b08        0x0 c:/altera/13.0sp1/nios2eds/bin/gnu/h-i686-mingw32/bin/../lib/gcc/nios2-elf/4.1.2/../../../../nios2-elf/lib\libc.a(lib_a-atexit.o)
 .data          0x01021b08        0x0 c:/altera/13.0sp1/nios2eds/bin/gnu/h-i686-mingw32/bin/../lib/gcc/nios2-elf/4.1.2/../../../../nios2-elf/lib\libc.a(lib_a-exit.o)
 .data          0x01021b08        0x0 c:/altera/13.0sp1/nios2eds/bin/gnu/h-i686-mingw32/bin/../lib/gcc/nios2-elf/4.1.2/../../../../nios2-elf/lib\libc.a(lib_a-fiprintf.o)
 .data          0x01021b08        0x0 c:/altera/13.0sp1/nios2eds/bin/gnu/h-i686-mingw32/bin/../lib/gcc/nios2-elf/4.1.2/../../../../nios2-elf/lib\libc.a(lib_a-memcmp.o)
 .data          0x01021b08        0x0 c:/altera/13.0sp1/nios2eds/bin/gnu/h-i686-mingw32/bin/../lib/gcc/nios2-elf/4.1.2/../../../../nios2-elf/lib\libc.a(lib_a-strcpy.o)
 .data          0x01021b08        0x0 c:/altera/13.0sp1/nios2eds/bin/gnu/h-i686-mingw32/bin/../lib/gcc/nios2-elf/4.1.2/../../../../nios2-elf/lib\libc.a(lib_a-vfiprintfr_1.o)
 .data          0x01021b08        0x0 c:/altera/13.0sp1/nios2eds/bin/gnu/h-i686-mingw32/bin/../lib/gcc/nios2-elf/4.1.2/../../../../nios2-elf/lib\libc.a(lib_a-__atexit.o)
 .data          0x01021b08        0x0 c:/altera/13.0sp1/nios2eds/bin/gnu/h-i686-mingw32/bin/../lib/gcc/nios2-elf/4.1.2/../../../../nios2-elf/lib\libc.a(lib_a-__call_atexit.o)
 .data          0x01021b08        0x0 c:/altera/13.0sp1/nios2eds/bin/gnu/h-i686-mingw32/bin/../lib/gcc/nios2-elf/4.1.2/../../../../nios2-elf/lib\libc.a(lib_a-abort.o)
 .data          0x01021b08        0x0 c:/altera/13.0sp1/nios2eds/bin/gnu/h-i686-mingw32/bin/../lib/gcc/nios2-elf/4.1.2/../../../../nios2-elf/lib\libc.a(lib_a-signal.o)
 .data          0x01021b08        0x0 c:/altera/13.0sp1/nios2eds/bin/gnu/h-i686-mingw32/bin/../lib/gcc/nios2-elf/4.1.2/../../../../nios2-elf/lib\libc.a(lib_a-signalr.o)
 .data          0x01021b08        0x0 c:/altera/13.0sp1/nios2eds/bin/gnu/h-i686-mingw32/bin/../lib/gcc/nios2-elf/4.1.2/../../../../nios2-elf/lib\libc.a(lib_a-vfiprintf.o)
 .data          0x01021b08        0x0 ../Module1Software_bsp/\libhal_bsp.a(alt_exit.o)
 .data          0x01021b08        0x0 ../Module1Software_bsp/\libhal_bsp.a(alt_getpid.o)
 .data          0x01021b08        0x0 ../Module1Software_bsp/\libhal_bsp.a(alt_kill.o)
                0x01029b08                _gp = ABSOLUTE ((. + 0x8000))
                0x01029b08                PROVIDE (gp, _gp)
 *(.rwdata .rwdata.*)
 *(.sdata .sdata.* .gnu.linkonce.s.*)
 .sdata         0x01021b08        0x8 c:/altera/13.0sp1/nios2eds/bin/gnu/h-i686-mingw32/bin/../lib/gcc/nios2-elf/4.1.2/../../../../nios2-elf/lib\libc.a(lib_a-mallocr.o)
                0x01021b08                __malloc_trim_threshold
                0x01021b0c                __malloc_sbrk_base
 .sdata         0x01021b10        0x4 c:/altera/13.0sp1/nios2eds/bin/gnu/h-i686-mingw32/bin/../lib/gcc/nios2-elf/4.1.2/../../../../nios2-elf/lib\libc.a(lib_a-ctype_.o)
                0x01021b10                __ctype_ptr
 .sdata         0x01021b14        0x8 c:/altera/13.0sp1/nios2eds/bin/gnu/h-i686-mingw32/bin/../lib/gcc/nios2-elf/4.1.2/../../../../nios2-elf/lib\libc.a(lib_a-impure.o)
                0x01021b14                _impure_ptr
                0x01021b18                _global_impure_ptr
 .sdata         0x01021b1c        0x8 c:/altera/13.0sp1/nios2eds/bin/gnu/h-i686-mingw32/bin/../lib/gcc/nios2-elf/4.1.2/../../../../nios2-elf/lib\libc.a(lib_a-locale.o)
                0x01021b1c                __mb_cur_max
 .sdata         0x01021b24       0x14 ../Module1Software_bsp/\libhal_bsp.a(alt_dev.o)
                0x01021b24                alt_fs_list
                0x01021b2c                alt_dev_list
                0x01021b34                alt_max_fd
 .sdata         0x01021b38        0x4 ../Module1Software_bsp/\libhal_bsp.a(alt_errno.o)
                0x01021b38                alt_errno
 .sdata         0x01021b3c        0x4 ../Module1Software_bsp/\libhal_bsp.a(alt_sbrk.o)
 .sdata         0x01021b40        0x8 ../Module1Software_bsp/\libhal_bsp.a(alt_tick.o)
                0x01021b40                alt_alarm_list
 .sdata         0x01021b48        0x4 ../Module1Software_bsp/\libhal_bsp.a(alt_irq_vars.o)
                0x01021b48                alt_priority_mask
 *(.sdata2 .sdata2.* .gnu.linkonce.s2.*)
                0x01021b4c                . = ALIGN (0x4)
                0x01021b4c                _edata = ABSOLUTE (.)
                0x01021b4c                PROVIDE (edata, ABSOLUTE (.))
                0x01021b4c                PROVIDE (__ram_rwdata_end, ABSOLUTE (.))
                0x01021b4c                PROVIDE (__flash_rwdata_start, LOADADDR (.rwdata))

.bss            0x010239fc      0x9a4
                0x010239fc                __bss_start = ABSOLUTE (.)
                0x010239fc                PROVIDE (__sbss_start, ABSOLUTE (.))
                0x010239fc                PROVIDE (___sbss_start, ABSOLUTE (.))
 *(.dynsbss)
 *(.sbss .sbss.* .gnu.linkonce.sb.*)
 .sbss          0x010239fc        0x4 obj/default/setup_graphics.o
                0x010239fc                background_colour
 .sbss          0x01023a00        0xc c:/altera/13.0sp1/nios2eds/bin/gnu/h-i686-mingw32/bin/../lib/gcc/nios2-elf/4.1.2/../../../../nios2-elf/lib\libc.a(lib_a-mallocr.o)
                0x01023a00                __malloc_top_pad
                0x01023a04                __malloc_max_sbrked_mem
                0x01023a08                __malloc_max_total_mem
 .sbss          0x01023a0c        0x4 c:/altera/13.0sp1/nios2eds/bin/gnu/h-i686-mingw32/bin/../lib/gcc/nios2-elf/4.1.2/../../../../nios2-elf/lib\libc.a(lib_a-int_errno.o)
                0x01023a0c                errno
 .sbss          0x01023a10        0xc c:/altera/13.0sp1/nios2eds/bin/gnu/h-i686-mingw32/bin/../lib/gcc/nios2-elf/4.1.2/../../../../nios2-elf/lib\libc.a(lib_a-locale.o)
                0x01023a10                __nlocale_changed
                0x01023a14                __mlocale_changed
                0x01023a18                _PathLocale
 .sbss          0x01023a1c       0x10 ../Module1Software_bsp/\libhal_bsp.a(alt_gettod.o)
                0x01023a1c                alt_timezone
                0x01023a24                alt_resettime
 .sbss          0x01023a2c        0xc ../Module1Software_bsp/\libhal_bsp.a(alt_main.o)
                0x01023a2c                alt_argc
                0x01023a30                alt_argv
                0x01023a34                alt_envp
 .sbss          0x01023a38        0x8 ../Module1Software_bsp/\libhal_bsp.a(alt_tick.o)
                0x01023a38                _alt_tick_rate
                0x01023a3c                _alt_nticks
 .sbss          0x01023a40       0x34 ../Module1Software_bsp/\libhal_bsp.a(Altera_UP_SD_Card_Avalon_Interface.o)
                0x01023a40                initialized
                0x01023a44                is_sd_card_formated_as_FAT16
                0x01023a48                aux_status_register
                0x01023a4c                status_register
                0x01023a50                CSD_register_w0
                0x01023a54                command_register
                0x01023a58                command_argument_register
                0x01023a5c                buffer_memory
                0x01023a60                fat_partition_offset_in_512_byte_sectors
                0x01023a64                fat_partition_size_in_512_byte_sectors
                0x01023a68                device_pointer
                0x01023a6c                current_sector_modified
                0x01023a70                current_sector_index
 .sbss          0x01023a74        0x8 ../Module1Software_bsp/\libhal_bsp.a(altera_avalon_timer_vars.o)
                0x01023a74                altera_avalon_timer_ts_base
                0x01023a78                altera_avalon_timer_ts_freq
 .sbss          0x01023a7c        0x4 ../Module1Software_bsp/\libhal_bsp.a(alt_irq_vars.o)
                0x01023a7c                alt_irq_active
 *(.sbss2 .sbss2.* .gnu.linkonce.sb2.*)
 *(.scommon)
                0x01023a80                PROVIDE (__sbss_end, ABSOLUTE (.))
                0x01023a80                PROVIDE (___sbss_end, ABSOLUTE (.))
 *(.dynbss)
 *(.bss .bss.* .gnu.linkonce.b.*)
 .bss           0x01023a80        0x0 ../Module1Software_bsp//obj/HAL/src/crt0.o
 .bss           0x01023a80        0x0 obj/default/game.o
 .bss           0x01023a80        0x0 obj/default/graphics.o
 .bss           0x01023a80        0x0 obj/default/hardware_init.o
 .bss           0x01023a80        0x0 obj/default/keyboard.o
 .bss           0x01023a80        0x0 obj/default/main.o
 .bss           0x01023a80        0x0 obj/default/player.o
 .bss           0x01023a80        0x0 obj/default/setup_graphics.o
 .bss           0x01023a80        0x0 c:/altera/13.0sp1/nios2eds/bin/gnu/h-i686-mingw32/bin/../lib/gcc/nios2-elf/4.1.2/../../../../nios2-elf/lib\libm.a(lib_a-s_cos.o)
 .bss           0x01023a80        0x0 c:/altera/13.0sp1/nios2eds/bin/gnu/h-i686-mingw32/bin/../lib/gcc/nios2-elf/4.1.2/../../../../nios2-elf/lib\libm.a(lib_a-s_sin.o)
 .bss           0x01023a80        0x0 c:/altera/13.0sp1/nios2eds/bin/gnu/h-i686-mingw32/bin/../lib/gcc/nios2-elf/4.1.2/../../../../nios2-elf/lib\libm.a(lib_a-e_rem_pio2.o)
 .bss           0x01023a80        0x0 c:/altera/13.0sp1/nios2eds/bin/gnu/h-i686-mingw32/bin/../lib/gcc/nios2-elf/4.1.2/../../../../nios2-elf/lib\libm.a(lib_a-k_cos.o)
 .bss           0x01023a80        0x0 c:/altera/13.0sp1/nios2eds/bin/gnu/h-i686-mingw32/bin/../lib/gcc/nios2-elf/4.1.2/../../../../nios2-elf/lib\libm.a(lib_a-k_rem_pio2.o)
 .bss           0x01023a80        0x0 c:/altera/13.0sp1/nios2eds/bin/gnu/h-i686-mingw32/bin/../lib/gcc/nios2-elf/4.1.2/../../../../nios2-elf/lib\libm.a(lib_a-k_sin.o)
 .bss           0x01023a80        0x0 c:/altera/13.0sp1/nios2eds/bin/gnu/h-i686-mingw32/bin/../lib/gcc/nios2-elf/4.1.2/../../../../nios2-elf/lib\libm.a(lib_a-s_fabs.o)
 .bss           0x01023a80        0x0 c:/altera/13.0sp1/nios2eds/bin/gnu/h-i686-mingw32/bin/../lib/gcc/nios2-elf/4.1.2/../../../../nios2-elf/lib\libm.a(lib_a-s_floor.o)
 .bss           0x01023a80        0x0 c:/altera/13.0sp1/nios2eds/bin/gnu/h-i686-mingw32/bin/../lib/gcc/nios2-elf/4.1.2/../../../../nios2-elf/lib\libm.a(lib_a-s_scalbn.o)
 .bss           0x01023a80        0x0 c:/altera/13.0sp1/nios2eds/bin/gnu/h-i686-mingw32/bin/../lib/gcc/nios2-elf/4.1.2/../../../../nios2-elf/lib\libm.a(lib_a-s_copysign.o)
 .bss           0x01023a80        0x0 c:/altera/13.0sp1/nios2eds/bin/gnu/h-i686-mingw32/bin/../lib/gcc/nios2-elf/4.1.2\libgcc.a(_addsub_df.o)
 .bss           0x01023a80        0x0 c:/altera/13.0sp1/nios2eds/bin/gnu/h-i686-mingw32/bin/../lib/gcc/nios2-elf/4.1.2\libgcc.a(_mul_df.o)
 .bss           0x01023a80        0x0 c:/altera/13.0sp1/nios2eds/bin/gnu/h-i686-mingw32/bin/../lib/gcc/nios2-elf/4.1.2\libgcc.a(_div_df.o)
 .bss           0x01023a80        0x0 c:/altera/13.0sp1/nios2eds/bin/gnu/h-i686-mingw32/bin/../lib/gcc/nios2-elf/4.1.2\libgcc.a(_eq_df.o)
 .bss           0x01023a80        0x0 c:/altera/13.0sp1/nios2eds/bin/gnu/h-i686-mingw32/bin/../lib/gcc/nios2-elf/4.1.2\libgcc.a(_ne_df.o)
 .bss           0x01023a80        0x0 c:/altera/13.0sp1/nios2eds/bin/gnu/h-i686-mingw32/bin/../lib/gcc/nios2-elf/4.1.2\libgcc.a(_gt_df.o)
 .bss           0x01023a80        0x0 c:/altera/13.0sp1/nios2eds/bin/gnu/h-i686-mingw32/bin/../lib/gcc/nios2-elf/4.1.2\libgcc.a(_ge_df.o)
 .bss           0x01023a80        0x0 c:/altera/13.0sp1/nios2eds/bin/gnu/h-i686-mingw32/bin/../lib/gcc/nios2-elf/4.1.2\libgcc.a(_si_to_df.o)
 .bss           0x01023a80        0x0 c:/altera/13.0sp1/nios2eds/bin/gnu/h-i686-mingw32/bin/../lib/gcc/nios2-elf/4.1.2\libgcc.a(_df_to_si.o)
 .bss           0x01023a80        0x0 c:/altera/13.0sp1/nios2eds/bin/gnu/h-i686-mingw32/bin/../lib/gcc/nios2-elf/4.1.2\libgcc.a(_thenan_df.o)
 .bss           0x01023a80        0x0 c:/altera/13.0sp1/nios2eds/bin/gnu/h-i686-mingw32/bin/../lib/gcc/nios2-elf/4.1.2\libgcc.a(lib2-divmod.o)
 .bss           0x01023a80        0x0 c:/altera/13.0sp1/nios2eds/bin/gnu/h-i686-mingw32/bin/../lib/gcc/nios2-elf/4.1.2\libgcc.a(_muldi3.o)
 .bss           0x01023a80        0x0 c:/altera/13.0sp1/nios2eds/bin/gnu/h-i686-mingw32/bin/../lib/gcc/nios2-elf/4.1.2\libgcc.a(_clzsi2.o)
 .bss           0x01023a80        0x0 c:/altera/13.0sp1/nios2eds/bin/gnu/h-i686-mingw32/bin/../lib/gcc/nios2-elf/4.1.2\libgcc.a(_pack_df.o)
 .bss           0x01023a80        0x0 c:/altera/13.0sp1/nios2eds/bin/gnu/h-i686-mingw32/bin/../lib/gcc/nios2-elf/4.1.2\libgcc.a(_unpack_df.o)
 .bss           0x01023a80        0x0 c:/altera/13.0sp1/nios2eds/bin/gnu/h-i686-mingw32/bin/../lib/gcc/nios2-elf/4.1.2\libgcc.a(_fpcmp_parts_df.o)
 .bss           0x01023a80        0x0 c:/altera/13.0sp1/nios2eds/bin/gnu/h-i686-mingw32/bin/../lib/gcc/nios2-elf/4.1.2\libgcc.a(_clz.o)
 .bss           0x01023a80        0x0 c:/altera/13.0sp1/nios2eds/bin/gnu/h-i686-mingw32/bin/../lib/gcc/nios2-elf/4.1.2/../../../../nios2-elf/lib\libc.a(lib_a-malloc.o)
 .bss           0x01023a80       0x28 c:/altera/13.0sp1/nios2eds/bin/gnu/h-i686-mingw32/bin/../lib/gcc/nios2-elf/4.1.2/../../../../nios2-elf/lib\libc.a(lib_a-mallocr.o)
                0x01023a80                __malloc_current_mallinfo
 .bss           0x01023aa8        0x0 c:/altera/13.0sp1/nios2eds/bin/gnu/h-i686-mingw32/bin/../lib/gcc/nios2-elf/4.1.2/../../../../nios2-elf/lib\libc.a(lib_a-printf.o)
 .bss           0x01023aa8        0x0 c:/altera/13.0sp1/nios2eds/bin/gnu/h-i686-mingw32/bin/../lib/gcc/nios2-elf/4.1.2/../../../../nios2-elf/lib\libc.a(lib_a-puts.o)
 .bss           0x01023aa8        0x0 c:/altera/13.0sp1/nios2eds/bin/gnu/h-i686-mingw32/bin/../lib/gcc/nios2-elf/4.1.2/../../../../nios2-elf/lib\libc.a(lib_a-rand.o)
 .bss           0x01023aa8        0x0 c:/altera/13.0sp1/nios2eds/bin/gnu/h-i686-mingw32/bin/../lib/gcc/nios2-elf/4.1.2/../../../../nios2-elf/lib\libc.a(lib_a-sbrkr.o)
 .bss           0x01023aa8        0x0 c:/altera/13.0sp1/nios2eds/bin/gnu/h-i686-mingw32/bin/../lib/gcc/nios2-elf/4.1.2/../../../../nios2-elf/lib\libc.a(lib_a-scanf.o)
 .bss           0x01023aa8        0x0 c:/altera/13.0sp1/nios2eds/bin/gnu/h-i686-mingw32/bin/../lib/gcc/nios2-elf/4.1.2/../../../../nios2-elf/lib\libc.a(lib_a-sprintf.o)
 .bss           0x01023aa8        0x0 c:/altera/13.0sp1/nios2eds/bin/gnu/h-i686-mingw32/bin/../lib/gcc/nios2-elf/4.1.2/../../../../nios2-elf/lib\libc.a(lib_a-strlen.o)
 .bss           0x01023aa8        0x0 c:/altera/13.0sp1/nios2eds/bin/gnu/h-i686-mingw32/bin/../lib/gcc/nios2-elf/4.1.2/../../../../nios2-elf/lib\libc.a(lib_a-time.o)
 .bss           0x01023aa8        0x0 c:/altera/13.0sp1/nios2eds/bin/gnu/h-i686-mingw32/bin/../lib/gcc/nios2-elf/4.1.2/../../../../nios2-elf/lib\libc.a(lib_a-vfprintf.o)
 .bss           0x01023aa8        0x0 c:/altera/13.0sp1/nios2eds/bin/gnu/h-i686-mingw32/bin/../lib/gcc/nios2-elf/4.1.2/../../../../nios2-elf/lib\libc.a(lib_a-vfscanf.o)
 .bss           0x01023aa8        0x0 c:/altera/13.0sp1/nios2eds/bin/gnu/h-i686-mingw32/bin/../lib/gcc/nios2-elf/4.1.2/../../../../nios2-elf/lib\libc.a(lib_a-wsetup.o)
 .bss           0x01023aa8        0x0 c:/altera/13.0sp1/nios2eds/bin/gnu/h-i686-mingw32/bin/../lib/gcc/nios2-elf/4.1.2/../../../../nios2-elf/lib\libc.a(lib_a-ctype_.o)
 .bss           0x01023aa8        0x0 c:/altera/13.0sp1/nios2eds/bin/gnu/h-i686-mingw32/bin/../lib/gcc/nios2-elf/4.1.2/../../../../nios2-elf/lib\libc.a(lib_a-dtoa.o)
 .bss           0x01023aa8        0x0 c:/altera/13.0sp1/nios2eds/bin/gnu/h-i686-mingw32/bin/../lib/gcc/nios2-elf/4.1.2/../../../../nios2-elf/lib\libc.a(lib_a-fflush.o)
 .bss           0x01023aa8        0x0 c:/altera/13.0sp1/nios2eds/bin/gnu/h-i686-mingw32/bin/../lib/gcc/nios2-elf/4.1.2/../../../../nios2-elf/lib\libc.a(lib_a-findfp.o)
 .bss           0x01023aa8        0x0 c:/altera/13.0sp1/nios2eds/bin/gnu/h-i686-mingw32/bin/../lib/gcc/nios2-elf/4.1.2/../../../../nios2-elf/lib\libc.a(lib_a-fread.o)
 .bss           0x01023aa8        0x0 c:/altera/13.0sp1/nios2eds/bin/gnu/h-i686-mingw32/bin/../lib/gcc/nios2-elf/4.1.2/../../../../nios2-elf/lib\libc.a(lib_a-freer.o)
 .bss           0x01023aa8        0x0 c:/altera/13.0sp1/nios2eds/bin/gnu/h-i686-mingw32/bin/../lib/gcc/nios2-elf/4.1.2/../../../../nios2-elf/lib\libc.a(lib_a-fvwrite.o)
 .bss           0x01023aa8        0x0 c:/altera/13.0sp1/nios2eds/bin/gnu/h-i686-mingw32/bin/../lib/gcc/nios2-elf/4.1.2/../../../../nios2-elf/lib\libc.a(lib_a-fwalk.o)